09:09:31 **** Auto Build of configuration Debug for project Cora-Z7-07S-XADC ****
make pre-build main-build 
a9-linaro-pre-build-step
' '
'Building file: ../src/main.c'
'Invoking: ARM v7 gcc compiler'
arm-none-eabi-gcc -Wall -O0 -g3 -c -fmessage-length=0 -MT"src/main.o" -mcpu=cortex-a9 -mfpu=vfpv3 -mfloat-abi=hard -I../../Cora-Z7-07S-XADC_bsp/ps7_cortexa9_0/include -MMD -MP -MF"src/main.d" -MT"src/main.o" -o "src/main.o" "../src/main.c"
../src/main.c:193:1: warning: data definition has no type or storage class
 BaseAddress = XPAR_MYLCD_0_S00_AXI_BASEADDR;
 ^~~~~~~~~~~
../src/main.c:193:1: warning: type defaults to 'int' in declaration of 'BaseAddress' [-Wimplicit-int]
../src/main.c: In function 'main':
../src/main.c:234:6: warning: variable 'Status_PMOD_LEDs' set but not used [-Wunused-but-set-variable]
  int Status_PMOD_LEDs;
      ^~~~~~~~~~~~~~~~
../src/main.c: In function 'GpioIntrExample':
../src/main.c:349:6: warning: variable 'delay' set but not used [-Wunused-but-set-variable]
  u32 delay;
      ^~~~~
'Finished building: ../src/main.c'
' '
'Building target: Cora-Z7-07S-XADC.elf'
'Invoking: ARM v7 gcc linker'
arm-none-eabi-gcc -mcpu=cortex-a9 -mfpu=vfpv3 -mfloat-abi=hard -Wl,-build-id=none -specs=Xilinx.spec -Wl,-T -Wl,../src/lscript.ld -L../../Cora-Z7-07S-XADC_bsp/ps7_cortexa9_0/lib -o "Cora-Z7-07S-XADC.elf"  ./src/main.o ./src/platform.o   -Wl,--start-group,-lxil,-lgcc,-lc,--end-group
'Finished building target: Cora-Z7-07S-XADC.elf'
' '
'Invoking: ARM v7 Print Size'
arm-none-eabi-size Cora-Z7-07S-XADC.elf  |tee "Cora-Z7-07S-XADC.elf.size"
   text	   data	    bss	    dec	    hex	filename
  80140	   3440	  23472	 107052	  1a22c	Cora-Z7-07S-XADC.elf
'Finished building: Cora-Z7-07S-XADC.elf.size'
' '

09:09:33 Build Finished (took 1s.790ms)

