18:37:57 **** Build of project Cora-Z7-07S-XADC_bsp ****
make -k all 
"Running Make include in ps7_cortexa9_0/libsrc/coresightps_dcc_v1_5/src"
make -C ps7_cortexa9_0/libsrc/coresightps_dcc_v1_5/src -s include  "SHELL=CMD" "COMPILER=arm-none-eabi-gcc" "ARCHIVER=arm-none-eabi-ar" "COMPILER_FLAGS=  -O2 -c" "EXTRA_COMPILER_FLAGS=-mcpu=cortex-a9 -mfpu=vfpv3 -mfloat-abi=hard -nostartfiles -g -Wall -Wextra"
"Running Make include in ps7_cortexa9_0/libsrc/cpu_cortexa9_v2_7/src"
make -C ps7_cortexa9_0/libsrc/cpu_cortexa9_v2_7/src -s include  "SHELL=CMD" "COMPILER=arm-none-eabi-gcc" "ARCHIVER=arm-none-eabi-ar" "COMPILER_FLAGS=  -O2 -c" "EXTRA_COMPILER_FLAGS=-mcpu=cortex-a9 -mfpu=vfpv3 -mfloat-abi=hard -nostartfiles -g -Wall -Wextra"
"Running Make include in ps7_cortexa9_0/libsrc/ddrps_v1_0/src"
make -C ps7_cortexa9_0/libsrc/ddrps_v1_0/src -s include  "SHELL=CMD" "COMPILER=arm-none-eabi-gcc" "ARCHIVER=arm-none-eabi-ar" "COMPILER_FLAGS=  -O2 -c" "EXTRA_COMPILER_FLAGS=-mcpu=cortex-a9 -mfpu=vfpv3 -mfloat-abi=hard -nostartfiles -g -Wall -Wextra"
"Running Make include in ps7_cortexa9_0/libsrc/devcfg_v3_5/src"
make -C ps7_cortexa9_0/libsrc/devcfg_v3_5/src -s include  "SHELL=CMD" "COMPILER=arm-none-eabi-gcc" "ARCHIVER=arm-none-eabi-ar" "COMPILER_FLAGS=  -O2 -c" "EXTRA_COMPILER_FLAGS=-mcpu=cortex-a9 -mfpu=vfpv3 -mfloat-abi=hard -nostartfiles -g -Wall -Wextra"
"Running Make include in ps7_cortexa9_0/libsrc/dmaps_v2_4/src"
make -C ps7_cortexa9_0/libsrc/dmaps_v2_4/src -s include  "SHELL=CMD" "COMPILER=arm-none-eabi-gcc" "ARCHIVER=arm-none-eabi-ar" "COMPILER_FLAGS=  -O2 -c" "EXTRA_COMPILER_FLAGS=-mcpu=cortex-a9 -mfpu=vfpv3 -mfloat-abi=hard -nostartfiles -g -Wall -Wextra"
"Running Make include in ps7_cortexa9_0/libsrc/emacps_v3_9/src"
make -C ps7_cortexa9_0/libsrc/emacps_v3_9/src -s include  "SHELL=CMD" "COMPILER=arm-none-eabi-gcc" "ARCHIVER=arm-none-eabi-ar" "COMPILER_FLAGS=  -O2 -c" "EXTRA_COMPILER_FLAGS=-mcpu=cortex-a9 -mfpu=vfpv3 -mfloat-abi=hard -nostartfiles -g -Wall -Wextra"
"Running Make include in ps7_cortexa9_0/libsrc/gpiops_v3_5/src"
make -C ps7_cortexa9_0/libsrc/gpiops_v3_5/src -s include  "SHELL=CMD" "COMPILER=arm-none-eabi-gcc" "ARCHIVER=arm-none-eabi-ar" "COMPILER_FLAGS=  -O2 -c" "EXTRA_COMPILER_FLAGS=-mcpu=cortex-a9 -mfpu=vfpv3 -mfloat-abi=hard -nostartfiles -g -Wall -Wextra"
"Running Make include in ps7_cortexa9_0/libsrc/gpio_v4_4/src"
make -C ps7_cortexa9_0/libsrc/gpio_v4_4/src -s include  "SHELL=CMD" "COMPILER=arm-none-eabi-gcc" "ARCHIVER=arm-none-eabi-ar" "COMPILER_FLAGS=  -O2 -c" "EXTRA_COMPILER_FLAGS=-mcpu=cortex-a9 -mfpu=vfpv3 -mfloat-abi=hard -nostartfiles -g -Wall -Wextra"
"Running Make include in ps7_cortexa9_0/libsrc/myLCD_v1_0/src"
make -C ps7_cortexa9_0/libsrc/myLCD_v1_0/src -s include  "SHELL=CMD" "COMPILER=arm-none-eabi-gcc" "ARCHIVER=arm-none-eabi-ar" "COMPILER_FLAGS=  -O2 -c" "EXTRA_COMPILER_FLAGS=-mcpu=cortex-a9 -mfpu=vfpv3 -mfloat-abi=hard -nostartfiles -g -Wall -Wextra"
"Running Make include in ps7_cortexa9_0/libsrc/PWM_v1_0/src"
make -C ps7_cortexa9_0/libsrc/PWM_v1_0/src -s include  "SHELL=CMD" "COMPILER=arm-none-eabi-gcc" "ARCHIVER=arm-none-eabi-ar" "COMPILER_FLAGS=  -O2 -c" "EXTRA_COMPILER_FLAGS=-mcpu=cortex-a9 -mfpu=vfpv3 -mfloat-abi=hard -nostartfiles -g -Wall -Wextra"
"Running Make include in ps7_cortexa9_0/libsrc/scugic_v4_0/src"
make -C ps7_cortexa9_0/libsrc/scugic_v4_0/src -s include  "SHELL=CMD" "COMPILER=arm-none-eabi-gcc" "ARCHIVER=arm-none-eabi-ar" "COMPILER_FLAGS=  -O2 -c" "EXTRA_COMPILER_FLAGS=-mcpu=cortex-a9 -mfpu=vfpv3 -mfloat-abi=hard -nostartfiles -g -Wall -Wextra"
"Running Make include in ps7_cortexa9_0/libsrc/scutimer_v2_1/src"
make -C ps7_cortexa9_0/libsrc/scutimer_v2_1/src -s include  "SHELL=CMD" "COMPILER=arm-none-eabi-gcc" "ARCHIVER=arm-none-eabi-ar" "COMPILER_FLAGS=  -O2 -c" "EXTRA_COMPILER_FLAGS=-mcpu=cortex-a9 -mfpu=vfpv3 -mfloat-abi=hard -nostartfiles -g -Wall -Wextra"
"Running Make include in ps7_cortexa9_0/libsrc/scuwdt_v2_1/src"
make -C ps7_cortexa9_0/libsrc/scuwdt_v2_1/src -s include  "SHELL=CMD" "COMPILER=arm-none-eabi-gcc" "ARCHIVER=arm-none-eabi-ar" "COMPILER_FLAGS=  -O2 -c" "EXTRA_COMPILER_FLAGS=-mcpu=cortex-a9 -mfpu=vfpv3 -mfloat-abi=hard -nostartfiles -g -Wall -Wextra"
"Running Make include in ps7_cortexa9_0/libsrc/sdps_v3_7/src"
make -C ps7_cortexa9_0/libsrc/sdps_v3_7/src -s include  "SHELL=CMD" "COMPILER=arm-none-eabi-gcc" "ARCHIVER=arm-none-eabi-ar" "COMPILER_FLAGS=  -O2 -c" "EXTRA_COMPILER_FLAGS=-mcpu=cortex-a9 -mfpu=vfpv3 -mfloat-abi=hard -nostartfiles -g -Wall -Wextra"
"Running Make include in ps7_cortexa9_0/libsrc/standalone_v7_0/src"
make -C ps7_cortexa9_0/libsrc/standalone_v7_0/src -s include  "SHELL=CMD" "COMPILER=arm-none-eabi-gcc" "ARCHIVER=arm-none-eabi-ar" "COMPILER_FLAGS=  -O2 -c" "EXTRA_COMPILER_FLAGS=-mcpu=cortex-a9 -mfpu=vfpv3 -mfloat-abi=hard -nostartfiles -g -Wall -Wextra"
"Running Make include in ps7_cortexa9_0/libsrc/sysmon_v7_5/src"
make -C ps7_cortexa9_0/libsrc/sysmon_v7_5/src -s include  "SHELL=CMD" "COMPILER=arm-none-eabi-gcc" "ARCHIVER=arm-none-eabi-ar" "COMPILER_FLAGS=  -O2 -c" "EXTRA_COMPILER_FLAGS=-mcpu=cortex-a9 -mfpu=vfpv3 -mfloat-abi=hard -nostartfiles -g -Wall -Wextra"
"Running Make include in ps7_cortexa9_0/libsrc/uartps_v3_7/src"
make -C ps7_cortexa9_0/libsrc/uartps_v3_7/src -s include  "SHELL=CMD" "COMPILER=arm-none-eabi-gcc" "ARCHIVER=arm-none-eabi-ar" "COMPILER_FLAGS=  -O2 -c" "EXTRA_COMPILER_FLAGS=-mcpu=cortex-a9 -mfpu=vfpv3 -mfloat-abi=hard -nostartfiles -g -Wall -Wextra"
"Running Make include in ps7_cortexa9_0/libsrc/usbps_v2_4/src"
make -C ps7_cortexa9_0/libsrc/usbps_v2_4/src -s include  "SHELL=CMD" "COMPILER=arm-none-eabi-gcc" "ARCHIVER=arm-none-eabi-ar" "COMPILER_FLAGS=  -O2 -c" "EXTRA_COMPILER_FLAGS=-mcpu=cortex-a9 -mfpu=vfpv3 -mfloat-abi=hard -nostartfiles -g -Wall -Wextra"
"Running Make include in ps7_cortexa9_0/libsrc/xadcps_v2_3/src"
make -C ps7_cortexa9_0/libsrc/xadcps_v2_3/src -s include  "SHELL=CMD" "COMPILER=arm-none-eabi-gcc" "ARCHIVER=arm-none-eabi-ar" "COMPILER_FLAGS=  -O2 -c" "EXTRA_COMPILER_FLAGS=-mcpu=cortex-a9 -mfpu=vfpv3 -mfloat-abi=hard -nostartfiles -g -Wall -Wextra"
"Running Make libs in ps7_cortexa9_0/libsrc/coresightps_dcc_v1_5/src"
make -C ps7_cortexa9_0/libsrc/coresightps_dcc_v1_5/src -s libs  "SHELL=CMD" "COMPILER=arm-none-eabi-gcc" "ARCHIVER=arm-none-eabi-ar" "COMPILER_FLAGS=  -O2 -c" "EXTRA_COMPILER_FLAGS=-mcpu=cortex-a9 -mfpu=vfpv3 -mfloat-abi=hard -nostartfiles -g -Wall -Wextra"
"Compiling coresightps_dcc"
arm-none-eabi-ar: creating ../../../lib/libxil.a
"Running Make libs in ps7_cortexa9_0/libsrc/cpu_cortexa9_v2_7/src"
make -C ps7_cortexa9_0/libsrc/cpu_cortexa9_v2_7/src -s libs  "SHELL=CMD" "COMPILER=arm-none-eabi-gcc" "ARCHIVER=arm-none-eabi-ar" "COMPILER_FLAGS=  -O2 -c" "EXTRA_COMPILER_FLAGS=-mcpu=cortex-a9 -mfpu=vfpv3 -mfloat-abi=hard -nostartfiles -g -Wall -Wextra"
"Compiling cpu_cortexa9"
"Running Make libs in ps7_cortexa9_0/libsrc/ddrps_v1_0/src"
make -C ps7_cortexa9_0/libsrc/ddrps_v1_0/src -s libs  "SHELL=CMD" "COMPILER=arm-none-eabi-gcc" "ARCHIVER=arm-none-eabi-ar" "COMPILER_FLAGS=  -O2 -c" "EXTRA_COMPILER_FLAGS=-mcpu=cortex-a9 -mfpu=vfpv3 -mfloat-abi=hard -nostartfiles -g -Wall -Wextra"
"Compiling ddrps"
"Running Make libs in ps7_cortexa9_0/libsrc/devcfg_v3_5/src"
make -C ps7_cortexa9_0/libsrc/devcfg_v3_5/src -s libs  "SHELL=CMD" "COMPILER=arm-none-eabi-gcc" "ARCHIVER=arm-none-eabi-ar" "COMPILER_FLAGS=  -O2 -c" "EXTRA_COMPILER_FLAGS=-mcpu=cortex-a9 -mfpu=vfpv3 -mfloat-abi=hard -nostartfiles -g -Wall -Wextra"
"Compiling devcfg"
"Running Make libs in ps7_cortexa9_0/libsrc/dmaps_v2_4/src"
make -C ps7_cortexa9_0/libsrc/dmaps_v2_4/src -s libs  "SHELL=CMD" "COMPILER=arm-none-eabi-gcc" "ARCHIVER=arm-none-eabi-ar" "COMPILER_FLAGS=  -O2 -c" "EXTRA_COMPILER_FLAGS=-mcpu=cortex-a9 -mfpu=vfpv3 -mfloat-abi=hard -nostartfiles -g -Wall -Wextra"
"Compiling dmaps"
"Running Make libs in ps7_cortexa9_0/libsrc/emacps_v3_9/src"
make -C ps7_cortexa9_0/libsrc/emacps_v3_9/src -s libs  "SHELL=CMD" "COMPILER=arm-none-eabi-gcc" "ARCHIVER=arm-none-eabi-ar" "COMPILER_FLAGS=  -O2 -c" "EXTRA_COMPILER_FLAGS=-mcpu=cortex-a9 -mfpu=vfpv3 -mfloat-abi=hard -nostartfiles -g -Wall -Wextra"
"Compiling emacps"
"Running Make libs in ps7_cortexa9_0/libsrc/gpiops_v3_5/src"
make -C ps7_cortexa9_0/libsrc/gpiops_v3_5/src -s libs  "SHELL=CMD" "COMPILER=arm-none-eabi-gcc" "ARCHIVER=arm-none-eabi-ar" "COMPILER_FLAGS=  -O2 -c" "EXTRA_COMPILER_FLAGS=-mcpu=cortex-a9 -mfpu=vfpv3 -mfloat-abi=hard -nostartfiles -g -Wall -Wextra"
"Compiling gpiops"
"Running Make libs in ps7_cortexa9_0/libsrc/gpio_v4_4/src"
make -C ps7_cortexa9_0/libsrc/gpio_v4_4/src -s libs  "SHELL=CMD" "COMPILER=arm-none-eabi-gcc" "ARCHIVER=arm-none-eabi-ar" "COMPILER_FLAGS=  -O2 -c" "EXTRA_COMPILER_FLAGS=-mcpu=cortex-a9 -mfpu=vfpv3 -mfloat-abi=hard -nostartfiles -g -Wall -Wextra"
"Compiling gpio"
"Running Make libs in ps7_cortexa9_0/libsrc/myLCD_v1_0/src"
make -C ps7_cortexa9_0/libsrc/myLCD_v1_0/src -s libs  "SHELL=CMD" "COMPILER=arm-none-eabi-gcc" "ARCHIVER=arm-none-eabi-ar" "COMPILER_FLAGS=  -O2 -c" "EXTRA_COMPILER_FLAGS=-mcpu=cortex-a9 -mfpu=vfpv3 -mfloat-abi=hard -nostartfiles -g -Wall -Wextra"
"Compiling myLCD..."
myLCD_selftest.c: In function 'MYLCD_Reg_SelfTest':
myLCD_selftest.c:52:54: warning: comparison of integer expressions of different signedness: 'u32' {aka 'long unsigned int'} and 'int' [-Wsign-compare]
    if ( MYLCD_mReadReg (baseaddr, read_loop_index*4) != (read_loop_index+1)*READ_WRITE_MUL_FACTOR){
                                                      ^~
myLCD_selftest.c:36:6: warning: unused variable 'Index' [-Wunused-variable]
  int Index;
      ^~~~~
"Running Make libs in ps7_cortexa9_0/libsrc/PWM_v1_0/src"
make -C ps7_cortexa9_0/libsrc/PWM_v1_0/src -s libs  "SHELL=CMD" "COMPILER=arm-none-eabi-gcc" "ARCHIVER=arm-none-eabi-ar" "COMPILER_FLAGS=  -O2 -c" "EXTRA_COMPILER_FLAGS=-mcpu=cortex-a9 -mfpu=vfpv3 -mfloat-abi=hard -nostartfiles -g -Wall -Wextra"
"Compiling PWM..."
PWM_selftest.c: In function 'PWM_Reg_SelfTest':
PWM_selftest.c:52:52: warning: comparison of integer expressions of different signedness: 'u32' {aka 'long unsigned int'} and 'int' [-Wsign-compare]
    if ( PWM_mReadReg (baseaddr, read_loop_index*4) != (read_loop_index+1)*READ_WRITE_MUL_FACTOR){
                                                    ^~
PWM_selftest.c:36:6: warning: unused variable 'Index' [-Wunused-variable]
  int Index;
      ^~~~~
"Running Make libs in ps7_cortexa9_0/libsrc/scugic_v4_0/src"
make -C ps7_cortexa9_0/libsrc/scugic_v4_0/src -s libs  "SHELL=CMD" "COMPILER=arm-none-eabi-gcc" "ARCHIVER=arm-none-eabi-ar" "COMPILER_FLAGS=  -O2 -c" "EXTRA_COMPILER_FLAGS=-mcpu=cortex-a9 -mfpu=vfpv3 -mfloat-abi=hard -nostartfiles -g -Wall -Wextra"
"Compiling scugic"
"Running Make libs in ps7_cortexa9_0/libsrc/scutimer_v2_1/src"
make -C ps7_cortexa9_0/libsrc/scutimer_v2_1/src -s libs  "SHELL=CMD" "COMPILER=arm-none-eabi-gcc" "ARCHIVER=arm-none-eabi-ar" "COMPILER_FLAGS=  -O2 -c" "EXTRA_COMPILER_FLAGS=-mcpu=cortex-a9 -mfpu=vfpv3 -mfloat-abi=hard -nostartfiles -g -Wall -Wextra"
"Compiling scutimer"
"Running Make libs in ps7_cortexa9_0/libsrc/scuwdt_v2_1/src"
make -C ps7_cortexa9_0/libsrc/scuwdt_v2_1/src -s libs  "SHELL=CMD" "COMPILER=arm-none-eabi-gcc" "ARCHIVER=arm-none-eabi-ar" "COMPILER_FLAGS=  -O2 -c" "EXTRA_COMPILER_FLAGS=-mcpu=cortex-a9 -mfpu=vfpv3 -mfloat-abi=hard -nostartfiles -g -Wall -Wextra"
"Compiling scuwdt"
"Running Make libs in ps7_cortexa9_0/libsrc/sdps_v3_7/src"
make -C ps7_cortexa9_0/libsrc/sdps_v3_7/src -s libs  "SHELL=CMD" "COMPILER=arm-none-eabi-gcc" "ARCHIVER=arm-none-eabi-ar" "COMPILER_FLAGS=  -O2 -c" "EXTRA_COMPILER_FLAGS=-mcpu=cortex-a9 -mfpu=vfpv3 -mfloat-abi=hard -nostartfiles -g -Wall -Wextra"
"Compiling sdps"
"Running Make libs in ps7_cortexa9_0/libsrc/standalone_v7_0/src"
make -C ps7_cortexa9_0/libsrc/standalone_v7_0/src -s libs  "SHELL=CMD" "COMPILER=arm-none-eabi-gcc" "ARCHIVER=arm-none-eabi-ar" "COMPILER_FLAGS=  -O2 -c" "EXTRA_COMPILER_FLAGS=-mcpu=cortex-a9 -mfpu=vfpv3 -mfloat-abi=hard -nostartfiles -g -Wall -Wextra"
"Compiling standalone"
In file included from usleep.c:56:
xtime_l.h:87:9: note: #pragma message: For the sleep routines, Global timer is being used
 #pragma message ("For the sleep routines, Global timer is being used")
         ^~~~~~~
In file included from xil_sleeptimer.c:51:
xtime_l.h:87:9: note: #pragma message: For the sleep routines, Global timer is being used
 #pragma message ("For the sleep routines, Global timer is being used")
         ^~~~~~~
In file included from xtime_l.c:49:
xtime_l.h:87:9: note: #pragma message: For the sleep routines, Global timer is being used
 #pragma message ("For the sleep routines, Global timer is being used")
         ^~~~~~~
In file included from sleep.c:53:
xtime_l.h:87:9: note: #pragma message: For the sleep routines, Global timer is being used
 #pragma message ("For the sleep routines, Global timer is being used")
         ^~~~~~~
"Running Make libs in ps7_cortexa9_0/libsrc/sysmon_v7_5/src"
make -C ps7_cortexa9_0/libsrc/sysmon_v7_5/src -s libs  "SHELL=CMD" "COMPILER=arm-none-eabi-gcc" "ARCHIVER=arm-none-eabi-ar" "COMPILER_FLAGS=  -O2 -c" "EXTRA_COMPILER_FLAGS=-mcpu=cortex-a9 -mfpu=vfpv3 -mfloat-abi=hard -nostartfiles -g -Wall -Wextra"
"Compiling sysmon"
"Running Make libs in ps7_cortexa9_0/libsrc/uartps_v3_7/src"
make -C ps7_cortexa9_0/libsrc/uartps_v3_7/src -s libs  "SHELL=CMD" "COMPILER=arm-none-eabi-gcc" "ARCHIVER=arm-none-eabi-ar" "COMPILER_FLAGS=  -O2 -c" "EXTRA_COMPILER_FLAGS=-mcpu=cortex-a9 -mfpu=vfpv3 -mfloat-abi=hard -nostartfiles -g -Wall -Wextra"
"Compiling uartps"
"Running Make libs in ps7_cortexa9_0/libsrc/usbps_v2_4/src"
make -C ps7_cortexa9_0/libsrc/usbps_v2_4/src -s libs  "SHELL=CMD" "COMPILER=arm-none-eabi-gcc" "ARCHIVER=arm-none-eabi-ar" "COMPILER_FLAGS=  -O2 -c" "EXTRA_COMPILER_FLAGS=-mcpu=cortex-a9 -mfpu=vfpv3 -mfloat-abi=hard -nostartfiles -g -Wall -Wextra"
"Compiling usbps"
"Running Make libs in ps7_cortexa9_0/libsrc/xadcps_v2_3/src"
make -C ps7_cortexa9_0/libsrc/xadcps_v2_3/src -s libs  "SHELL=CMD" "COMPILER=arm-none-eabi-gcc" "ARCHIVER=arm-none-eabi-ar" "COMPILER_FLAGS=  -O2 -c" "EXTRA_COMPILER_FLAGS=-mcpu=cortex-a9 -mfpu=vfpv3 -mfloat-abi=hard -nostartfiles -g -Wall -Wextra"
"Compiling xadcps"
'Finished building libraries'
18:38:50 **** Build of configuration Debug for project Cora-Z7-07S-XADC ****
make pre-build main-build 
a9-linaro-pre-build-step
' '
'Building file: ../src/helloworld.c'
'Invoking: ARM v7 gcc compiler'
arm-none-eabi-gcc -Wall -O0 -g3 -c -fmessage-length=0 -MT"src/helloworld.o" -mcpu=cortex-a9 -mfpu=vfpv3 -mfloat-abi=hard -I../../Cora-Z7-07S-XADC_bsp/ps7_cortexa9_0/include -MMD -MP -MF"src/helloworld.d" -MT"src/helloworld.o" -o "src/helloworld.o" "../src/helloworld.c"
'Finished building: ../src/helloworld.c'
' '
'Building file: ../src/platform.c'
'Invoking: ARM v7 gcc compiler'
arm-none-eabi-gcc -Wall -O0 -g3 -c -fmessage-length=0 -MT"src/platform.o" -mcpu=cortex-a9 -mfpu=vfpv3 -mfloat-abi=hard -I../../Cora-Z7-07S-XADC_bsp/ps7_cortexa9_0/include -MMD -MP -MF"src/platform.d" -MT"src/platform.o" -o "src/platform.o" "../src/platform.c"
'Finished building: ../src/platform.c'
' '
'Building target: Cora-Z7-07S-XADC.elf'
'Invoking: ARM v7 gcc linker'
arm-none-eabi-gcc -mcpu=cortex-a9 -mfpu=vfpv3 -mfloat-abi=hard -Wl,-build-id=none -specs=Xilinx.spec -Wl,-T -Wl,../src/lscript.ld -L../../Cora-Z7-07S-XADC_bsp/ps7_cortexa9_0/lib -o "Cora-Z7-07S-XADC.elf"  ./src/helloworld.o ./src/platform.o   -Wl,--start-group,-lxil,-lgcc,-lc,--end-group
'Finished building target: Cora-Z7-07S-XADC.elf'
' '
'Invoking: ARM v7 Print Size'
arm-none-eabi-size Cora-Z7-07S-XADC.elf  |tee "Cora-Z7-07S-XADC.elf.size"
   text	   data	    bss	    dec	    hex	filename
  19060	   1144	  22568	  42772	   a714	Cora-Z7-07S-XADC.elf
'Finished building: Cora-Z7-07S-XADC.elf.size'
' '
18:38:53 **** Auto Build of configuration Debug for project Cora-Z7-07S-XADC ****
make pre-build main-build 
a9-linaro-pre-build-step
' '
make: Nothing to be done for 'main-build'.
18:46:17 **** Build of configuration Debug for project Cora-Z7-07S-XADC_bsp_xgpio_intr_tapp_example_1 ****
make pre-build main-build 
a9-linaro-pre-build-step
' '
'Building file: ../src/xgpio_intr_tapp_example.c'
'Invoking: ARM v7 gcc compiler'
arm-none-eabi-gcc -Wall -O0 -g3 -c -fmessage-length=0 -MT"src/xgpio_intr_tapp_example.o" -mcpu=cortex-a9 -mfpu=vfpv3 -mfloat-abi=hard -I../../Cora-Z7-07S-XADC_bsp/ps7_cortexa9_0/include -MMD -MP -MF"src/xgpio_intr_tapp_example.d" -MT"src/xgpio_intr_tapp_example.o" -o "src/xgpio_intr_tapp_example.o" "../src/xgpio_intr_tapp_example.c"
'Finished building: ../src/xgpio_intr_tapp_example.c'
' '
'Building target: Cora-Z7-07S-XADC_bsp_xgpio_intr_tapp_example_1.elf'
'Invoking: ARM v7 gcc linker'
arm-none-eabi-gcc -mcpu=cortex-a9 -mfpu=vfpv3 -mfloat-abi=hard -Wl,-build-id=none -specs=Xilinx.spec -Wl,-T -Wl,../src/lscript.ld -L../../Cora-Z7-07S-XADC_bsp/ps7_cortexa9_0/lib -o "Cora-Z7-07S-XADC_bsp_xgpio_intr_tapp_example_1.elf"  ./src/xgpio_intr_tapp_example.o   -Wl,--start-group,-lxil,-lgcc,-lc,--end-group
'Finished building target: Cora-Z7-07S-XADC_bsp_xgpio_intr_tapp_example_1.elf'
' '
'Invoking: ARM v7 Print Size'
arm-none-eabi-size Cora-Z7-07S-XADC_bsp_xgpio_intr_tapp_example_1.elf  |tee "Cora-Z7-07S-XADC_bsp_xgpio_intr_tapp_example_1.elf.size"
   text	   data	    bss	    dec	    hex	filename
  25320	   1936	  22616	  49872	   c2d0	Cora-Z7-07S-XADC_bsp_xgpio_intr_tapp_example_1.elf
'Finished building: Cora-Z7-07S-XADC_bsp_xgpio_intr_tapp_example_1.elf.size'
' '
18:46:19 **** Auto Build of configuration Debug for project Cora-Z7-07S-XADC_bsp_xgpio_intr_tapp_example_1 ****
make pre-build main-build 
a9-linaro-pre-build-step
' '
make: Nothing to be done for 'main-build'.
18:47:04 **** Auto Build of configuration Debug for project Cora-Z7-07S-XADC_bsp_xgpio_intr_tapp_example_1 ****
make pre-build main-build 
a9-linaro-pre-build-step
' '
'Building file: ../src/xgpio_intr_tapp_example.c'
'Invoking: ARM v7 gcc compiler'
arm-none-eabi-gcc -Wall -O0 -g3 -c -fmessage-length=0 -MT"src/xgpio_intr_tapp_example.o" -mcpu=cortex-a9 -mfpu=vfpv3 -mfloat-abi=hard -I../../Cora-Z7-07S-XADC_bsp/ps7_cortexa9_0/include -MMD -MP -MF"src/xgpio_intr_tapp_example.d" -MT"src/xgpio_intr_tapp_example.o" -o "src/xgpio_intr_tapp_example.o" "../src/xgpio_intr_tapp_example.c"
../src/xgpio_intr_tapp_example.c:72:10: fatal error: xgpio_intr_tapp_example.h: No such file or directory
 #include "xgpio_intr_tapp_example.h"
          ^~~~~~~~~~~~~~~~~~~~~~~~~~~
compilation terminated.
make: *** [src/subdir.mk:23: src/xgpio_intr_tapp_example.o] Error 1
18:50:33 **** Auto Build of configuration Debug for project Cora-Z7-07S-XADC ****
make pre-build main-build 
a9-linaro-pre-build-step
' '
'Building file: ../src/helloworld.c'
'Invoking: ARM v7 gcc compiler'
arm-none-eabi-gcc -Wall -O0 -g3 -c -fmessage-length=0 -MT"src/helloworld.o" -mcpu=cortex-a9 -mfpu=vfpv3 -mfloat-abi=hard -I../../Cora-Z7-07S-XADC_bsp/ps7_cortexa9_0/include -MMD -MP -MF"src/helloworld.d" -MT"src/helloworld.o" -o "src/helloworld.o" "../src/helloworld.c"
../src/helloworld.c:72:10: fatal error: xgpio_intr_tapp_example.h: No such file or directory
 #include "xgpio_intr_tapp_example.h"
          ^~~~~~~~~~~~~~~~~~~~~~~~~~~
compilation terminated.
make: *** [src/subdir.mk:26: src/helloworld.o] Error 1
18:51:18 **** Auto Build of configuration Debug for project Cora-Z7-07S-XADC ****
make pre-build main-build 
a9-linaro-pre-build-step
' '
'Building file: ../src/helloworld.c'
'Invoking: ARM v7 gcc compiler'
arm-none-eabi-gcc -Wall -O0 -g3 -c -fmessage-length=0 -MT"src/helloworld.o" -mcpu=cortex-a9 -mfpu=vfpv3 -mfloat-abi=hard -I../../Cora-Z7-07S-XADC_bsp/ps7_cortexa9_0/include -MMD -MP -MF"src/helloworld.d" -MT"src/helloworld.o" -o "src/helloworld.o" "../src/helloworld.c"
../src/helloworld.c: In function 'GpioIntrExample':
../src/helloworld.c:295:6: warning: variable 'delay' set but not used [-Wunused-but-set-variable]
  u32 delay;
      ^~~~~
'Finished building: ../src/helloworld.c'
' '
'Building target: Cora-Z7-07S-XADC.elf'
'Invoking: ARM v7 gcc linker'
arm-none-eabi-gcc -mcpu=cortex-a9 -mfpu=vfpv3 -mfloat-abi=hard -Wl,-build-id=none -specs=Xilinx.spec -Wl,-T -Wl,../src/lscript.ld -L../../Cora-Z7-07S-XADC_bsp/ps7_cortexa9_0/lib -o "Cora-Z7-07S-XADC.elf"  ./src/helloworld.o ./src/platform.o   -Wl,--start-group,-lxil,-lgcc,-lc,--end-group
'Finished building target: Cora-Z7-07S-XADC.elf'
' '
'Invoking: ARM v7 Print Size'
arm-none-eabi-size Cora-Z7-07S-XADC.elf  |tee "Cora-Z7-07S-XADC.elf.size"
   text	   data	    bss	    dec	    hex	filename
  43668	   2360	  23352	  69380	  10f04	Cora-Z7-07S-XADC.elf
'Finished building: Cora-Z7-07S-XADC.elf.size'
' '
18:53:10 **** Incremental Build of configuration Debug for project Cora-Z7-07S-XADC ****
make pre-build main-build 
a9-linaro-pre-build-step
' '
make: Nothing to be done for 'main-build'.
18:53:32 **** Incremental Build of configuration Debug for project Cora-Z7-07S-XADC ****
make pre-build main-build 
a9-linaro-pre-build-step
' '
make: Nothing to be done for 'main-build'.
18:54:30 **** Clean-only build of configuration Debug for project Cora-Z7-07S-XADC ****
make clean 
rm -rf  ./src/helloworld.o ./src/platform.o  ./src/helloworld.d ./src/platform.d  Cora-Z7-07S-XADC.elf.size  Cora-Z7-07S-XADC.elf
' '
18:54:31 **** Auto Build of configuration Debug for project Cora-Z7-07S-XADC ****
make pre-build main-build 
a9-linaro-pre-build-step
' '
'Building file: ../src/main.c'
'Invoking: ARM v7 gcc compiler'
arm-none-eabi-gcc -Wall -O0 -g3 -c -fmessage-length=0 -MT"src/main.o" -mcpu=cortex-a9 -mfpu=vfpv3 -mfloat-abi=hard -I../../Cora-Z7-07S-XADC_bsp/ps7_cortexa9_0/include -MMD -MP -MF"src/main.d" -MT"src/main.o" -o "src/main.o" "../src/main.c"
../src/main.c: In function 'GpioIntrExample':
../src/main.c:295:6: warning: variable 'delay' set but not used [-Wunused-but-set-variable]
  u32 delay;
      ^~~~~
'Finished building: ../src/main.c'
' '
'Building file: ../src/platform.c'
'Invoking: ARM v7 gcc compiler'
arm-none-eabi-gcc -Wall -O0 -g3 -c -fmessage-length=0 -MT"src/platform.o" -mcpu=cortex-a9 -mfpu=vfpv3 -mfloat-abi=hard -I../../Cora-Z7-07S-XADC_bsp/ps7_cortexa9_0/include -MMD -MP -MF"src/platform.d" -MT"src/platform.o" -o "src/platform.o" "../src/platform.c"
'Finished building: ../src/platform.c'
' '
'Building target: Cora-Z7-07S-XADC.elf'
'Invoking: ARM v7 gcc linker'
arm-none-eabi-gcc -mcpu=cortex-a9 -mfpu=vfpv3 -mfloat-abi=hard -Wl,-build-id=none -specs=Xilinx.spec -Wl,-T -Wl,../src/lscript.ld -L../../Cora-Z7-07S-XADC_bsp/ps7_cortexa9_0/lib -o "Cora-Z7-07S-XADC.elf"  ./src/main.o ./src/platform.o   -Wl,--start-group,-lxil,-lgcc,-lc,--end-group
'Finished building target: Cora-Z7-07S-XADC.elf'
' '
'Invoking: ARM v7 Print Size'
arm-none-eabi-size Cora-Z7-07S-XADC.elf  |tee "Cora-Z7-07S-XADC.elf.size"
   text	   data	    bss	    dec	    hex	filename
  43668	   2360	  23352	  69380	  10f04	Cora-Z7-07S-XADC.elf
'Finished building: Cora-Z7-07S-XADC.elf.size'
' '
18:56:51 **** Auto Build of configuration Debug for project Cora-Z7-07S-XADC ****
make pre-build main-build 
a9-linaro-pre-build-step
' '
'Building file: ../src/main.c'
'Invoking: ARM v7 gcc compiler'
arm-none-eabi-gcc -Wall -O0 -g3 -c -fmessage-length=0 -MT"src/main.o" -mcpu=cortex-a9 -mfpu=vfpv3 -mfloat-abi=hard -I../../Cora-Z7-07S-XADC_bsp/ps7_cortexa9_0/include -MMD -MP -MF"src/main.d" -MT"src/main.o" -o "src/main.o" "../src/main.c"
../src/main.c: In function 'GpioIntrExample':
../src/main.c:295:6: warning: variable 'delay' set but not used [-Wunused-but-set-variable]
  u32 delay;
      ^~~~~
../src/main.c: In function 'GpioHandler':
../src/main.c:484:3: warning: implicit declaration of function 'MYLCD_mWriteReg'; did you mean 'XGpio_WriteReg'? [-Wimplicit-function-declaration]
   MYLCD_mWriteReg(BaseAddress, RegOffset, Data)
   ^~~~~~~~~~~~~~~
   XGpio_WriteReg
../src/main.c:484:19: error: 'BaseAddress' undeclared (first use in this function)
   MYLCD_mWriteReg(BaseAddress, RegOffset, Data)
                   ^~~~~~~~~~~
../src/main.c:484:19: note: each undeclared identifier is reported only once for each function it appears in
../src/main.c:484:32: error: 'RegOffset' undeclared (first use in this function)
   MYLCD_mWriteReg(BaseAddress, RegOffset, Data)
                                ^~~~~~~~~
../src/main.c:484:43: error: 'Data' undeclared (first use in this function); did you mean 'data'?
   MYLCD_mWriteReg(BaseAddress, RegOffset, Data)
                                           ^~~~
                                           data
../src/main.c:484:48: error: expected ';' before 'if'
   MYLCD_mWriteReg(BaseAddress, RegOffset, Data)
                                                ^
                                                ;
   if (Channel == 17){
   ~~                                            
make: *** [src/subdir.mk:26: src/main.o] Error 1
18:57:12 **** Auto Build of configuration Debug for project Cora-Z7-07S-XADC ****
make pre-build main-build 
a9-linaro-pre-build-step
' '
'Building file: ../src/main.c'
'Invoking: ARM v7 gcc compiler'
arm-none-eabi-gcc -Wall -O0 -g3 -c -fmessage-length=0 -MT"src/main.o" -mcpu=cortex-a9 -mfpu=vfpv3 -mfloat-abi=hard -I../../Cora-Z7-07S-XADC_bsp/ps7_cortexa9_0/include -MMD -MP -MF"src/main.d" -MT"src/main.o" -o "src/main.o" "../src/main.c"
../src/main.c:223:1: warning: data definition has no type or storage class
 BaseAddress =
 ^~~~~~~~~~~
../src/main.c:223:1: warning: type defaults to 'int' in declaration of 'BaseAddress' [-Wimplicit-int]
../src/main.c:242:1: error: expected expression before 'int'
 int main(void)
 ^~~
../src/main.c: In function 'GpioIntrExample':
../src/main.c:296:6: warning: variable 'delay' set but not used [-Wunused-but-set-variable]
  u32 delay;
      ^~~~~
../src/main.c: In function 'GpioHandler':
../src/main.c:485:3: warning: implicit declaration of function 'MYLCD_mWriteReg'; did you mean 'XGpio_WriteReg'? [-Wimplicit-function-declaration]
   MYLCD_mWriteReg(BaseAddress, RegOffset, Data)
   ^~~~~~~~~~~~~~~
   XGpio_WriteReg
../src/main.c:485:32: error: 'RegOffset' undeclared (first use in this function)
   MYLCD_mWriteReg(BaseAddress, RegOffset, Data)
                                ^~~~~~~~~
../src/main.c:485:32: note: each undeclared identifier is reported only once for each function it appears in
../src/main.c:485:43: error: 'Data' undeclared (first use in this function); did you mean 'data'?
   MYLCD_mWriteReg(BaseAddress, RegOffset, Data)
                                           ^~~~
                                           data
../src/main.c:485:48: error: expected ';' before 'if'
   MYLCD_mWriteReg(BaseAddress, RegOffset, Data)
                                                ^
                                                ;
   if (Channel == 17){
   ~~                                            
make: *** [src/subdir.mk:26: src/main.o] Error 1
18:57:35 **** Auto Build of configuration Debug for project Cora-Z7-07S-XADC ****
make pre-build main-build 
a9-linaro-pre-build-step
' '
'Building file: ../src/main.c'
'Invoking: ARM v7 gcc compiler'
arm-none-eabi-gcc -Wall -O0 -g3 -c -fmessage-length=0 -MT"src/main.o" -mcpu=cortex-a9 -mfpu=vfpv3 -mfloat-abi=hard -I../../Cora-Z7-07S-XADC_bsp/ps7_cortexa9_0/include -MMD -MP -MF"src/main.d" -MT"src/main.o" -o "src/main.o" "../src/main.c"
../src/main.c:223:1: warning: data definition has no type or storage class
 BaseAddress = XPAR_MYLCD_0_S00_AXI_BASEADDR;
 ^~~~~~~~~~~
../src/main.c:223:1: warning: type defaults to 'int' in declaration of 'BaseAddress' [-Wimplicit-int]
../src/main.c: In function 'GpioIntrExample':
../src/main.c:296:6: warning: variable 'delay' set but not used [-Wunused-but-set-variable]
  u32 delay;
      ^~~~~
../src/main.c: In function 'GpioHandler':
../src/main.c:485:3: warning: implicit declaration of function 'MYLCD_mWriteReg'; did you mean 'XGpio_WriteReg'? [-Wimplicit-function-declaration]
   MYLCD_mWriteReg(BaseAddress, RegOffset, Data)
   ^~~~~~~~~~~~~~~
   XGpio_WriteReg
../src/main.c:485:32: error: 'RegOffset' undeclared (first use in this function)
   MYLCD_mWriteReg(BaseAddress, RegOffset, Data)
                                ^~~~~~~~~
../src/main.c:485:32: note: each undeclared identifier is reported only once for each function it appears in
../src/main.c:485:43: error: 'Data' undeclared (first use in this function); did you mean 'data'?
   MYLCD_mWriteReg(BaseAddress, RegOffset, Data)
                                           ^~~~
                                           data
../src/main.c:485:48: error: expected ';' before 'if'
   MYLCD_mWriteReg(BaseAddress, RegOffset, Data)
                                                ^
                                                ;
   if (Channel == 17){
   ~~                                            
make: *** [src/subdir.mk:26: src/main.o] Error 1
19:02:06 **** Auto Build of configuration Debug for project Cora-Z7-07S-XADC ****
make pre-build main-build 
a9-linaro-pre-build-step
' '
'Building file: ../src/main.c'
'Invoking: ARM v7 gcc compiler'
arm-none-eabi-gcc -Wall -O0 -g3 -c -fmessage-length=0 -MT"src/main.o" -mcpu=cortex-a9 -mfpu=vfpv3 -mfloat-abi=hard -I../../Cora-Z7-07S-XADC_bsp/ps7_cortexa9_0/include -MMD -MP -MF"src/main.d" -MT"src/main.o" -o "src/main.o" "../src/main.c"
../src/main.c:223:1: warning: data definition has no type or storage class
 BaseAddress = XPAR_MYLCD_0_S00_AXI_BASEADDR;
 ^~~~~~~~~~~
../src/main.c:223:1: warning: type defaults to 'int' in declaration of 'BaseAddress' [-Wimplicit-int]
../src/main.c: In function 'GpioIntrExample':
../src/main.c:297:6: warning: variable 'delay' set but not used [-Wunused-but-set-variable]
  u32 delay;
      ^~~~~
../src/main.c: In function 'GpioHandler':
../src/main.c:486:3: warning: implicit declaration of function 'MYLCD_mWriteReg'; did you mean 'XGpio_WriteReg'? [-Wimplicit-function-declaration]
   MYLCD_mWriteReg(BaseAddress, 0, Data)
   ^~~~~~~~~~~~~~~
   XGpio_WriteReg
../src/main.c:486:35: error: 'Data' undeclared (first use in this function); did you mean 'data'?
   MYLCD_mWriteReg(BaseAddress, 0, Data)
                                   ^~~~
                                   data
../src/main.c:486:35: note: each undeclared identifier is reported only once for each function it appears in
../src/main.c:486:40: error: expected ';' before 'if'
   MYLCD_mWriteReg(BaseAddress, 0, Data)
                                        ^
                                        ;
   if (Channel == 17){
   ~~                                    
make: *** [src/subdir.mk:26: src/main.o] Error 1
19:02:17 **** Auto Build of configuration Debug for project Cora-Z7-07S-XADC ****
make pre-build main-build 
a9-linaro-pre-build-step
' '
'Building file: ../src/main.c'
'Invoking: ARM v7 gcc compiler'
arm-none-eabi-gcc -Wall -O0 -g3 -c -fmessage-length=0 -MT"src/main.o" -mcpu=cortex-a9 -mfpu=vfpv3 -mfloat-abi=hard -I../../Cora-Z7-07S-XADC_bsp/ps7_cortexa9_0/include -MMD -MP -MF"src/main.d" -MT"src/main.o" -o "src/main.o" "../src/main.c"
../src/main.c:223:1: warning: data definition has no type or storage class
 BaseAddress = XPAR_MYLCD_0_S00_AXI_BASEADDR;
 ^~~~~~~~~~~
../src/main.c:223:1: warning: type defaults to 'int' in declaration of 'BaseAddress' [-Wimplicit-int]
../src/main.c: In function 'GpioIntrExample':
../src/main.c:297:6: warning: variable 'delay' set but not used [-Wunused-but-set-variable]
  u32 delay;
      ^~~~~
../src/main.c: In function 'GpioHandler':
../src/main.c:486:3: warning: implicit declaration of function 'MYLCD_mWriteReg'; did you mean 'XGpio_WriteReg'? [-Wimplicit-function-declaration]
   MYLCD_mWriteReg(BaseAddress, 0, 0x)
   ^~~~~~~~~~~~~~~
   XGpio_WriteReg
../src/main.c:486:35: error: invalid suffix "x" on integer constant
   MYLCD_mWriteReg(BaseAddress, 0, 0x)
                                   ^~
../src/main.c:486:38: error: expected ';' before 'if'
   MYLCD_mWriteReg(BaseAddress, 0, 0x)
                                      ^
                                      ;
   if (Channel == 17){
   ~~                                  
make: *** [src/subdir.mk:26: src/main.o] Error 1
19:02:31 **** Auto Build of configuration Debug for project Cora-Z7-07S-XADC ****
make pre-build main-build 
a9-linaro-pre-build-step
' '
'Building file: ../src/main.c'
'Invoking: ARM v7 gcc compiler'
arm-none-eabi-gcc -Wall -O0 -g3 -c -fmessage-length=0 -MT"src/main.o" -mcpu=cortex-a9 -mfpu=vfpv3 -mfloat-abi=hard -I../../Cora-Z7-07S-XADC_bsp/ps7_cortexa9_0/include -MMD -MP -MF"src/main.d" -MT"src/main.o" -o "src/main.o" "../src/main.c"
../src/main.c:223:1: warning: data definition has no type or storage class
 BaseAddress = XPAR_MYLCD_0_S00_AXI_BASEADDR;
 ^~~~~~~~~~~
../src/main.c:223:1: warning: type defaults to 'int' in declaration of 'BaseAddress' [-Wimplicit-int]
../src/main.c: In function 'GpioIntrExample':
../src/main.c:297:6: warning: variable 'delay' set but not used [-Wunused-but-set-variable]
  u32 delay;
      ^~~~~
../src/main.c: In function 'GpioHandler':
../src/main.c:486:3: warning: implicit declaration of function 'MYLCD_mWriteReg'; did you mean 'XGpio_WriteReg'? [-Wimplicit-function-declaration]
   MYLCD_mWriteReg(BaseAddress, 0, 0x);
   ^~~~~~~~~~~~~~~
   XGpio_WriteReg
../src/main.c:486:35: error: invalid suffix "x" on integer constant
   MYLCD_mWriteReg(BaseAddress, 0, 0x);
                                   ^~
../src/main.c:487:35: error: invalid suffix "x" on integer constant
   MYLCD_mWriteReg(BaseAddress, 0, 0x);
                                   ^~
../src/main.c:488:35: error: invalid suffix "x" on integer constant
   MYLCD_mWriteReg(BaseAddress, 0, 0x);
                                   ^~
../src/main.c:489:35: error: invalid suffix "x" on integer constant
   MYLCD_mWriteReg(BaseAddress, 0, 0x);
                                   ^~
make: *** [src/subdir.mk:26: src/main.o] Error 1
19:06:58 **** Auto Build of configuration Debug for project Cora-Z7-07S-XADC ****
make pre-build main-build 
a9-linaro-pre-build-step
' '
'Building file: ../src/main.c'
'Invoking: ARM v7 gcc compiler'
arm-none-eabi-gcc -Wall -O0 -g3 -c -fmessage-length=0 -MT"src/main.o" -mcpu=cortex-a9 -mfpu=vfpv3 -mfloat-abi=hard -I../../Cora-Z7-07S-XADC_bsp/ps7_cortexa9_0/include -MMD -MP -MF"src/main.d" -MT"src/main.o" -o "src/main.o" "../src/main.c"
../src/main.c:223:1: warning: data definition has no type or storage class
 BaseAddress = XPAR_MYLCD_0_S00_AXI_BASEADDR;
 ^~~~~~~~~~~
../src/main.c:223:1: warning: type defaults to 'int' in declaration of 'BaseAddress' [-Wimplicit-int]
../src/main.c: In function 'GpioIntrExample':
../src/main.c:297:6: warning: variable 'delay' set but not used [-Wunused-but-set-variable]
  u32 delay;
      ^~~~~
../src/main.c: In function 'GpioHandler':
../src/main.c:486:3: warning: implicit declaration of function 'MYLCD_mWriteReg'; did you mean 'XGpio_WriteReg'? [-Wimplicit-function-declaration]
   MYLCD_mWriteReg(BaseAddress, 1, 0x484559);
   ^~~~~~~~~~~~~~~
   XGpio_WriteReg
../src/main.c:487:35: error: invalid suffix "x" on integer constant
   MYLCD_mWriteReg(BaseAddress, 2, 0x);
                                   ^~
../src/main.c:488:35: error: invalid suffix "x" on integer constant
   MYLCD_mWriteReg(BaseAddress, 3, 0x);
                                   ^~
../src/main.c:489:35: error: invalid suffix "x" on integer constant
   MYLCD_mWriteReg(BaseAddress, 4, 0x);
                                   ^~
make: *** [src/subdir.mk:26: src/main.o] Error 1
19:07:16 **** Auto Build of configuration Debug for project Cora-Z7-07S-XADC ****
make pre-build main-build 
a9-linaro-pre-build-step
' '
'Building file: ../src/main.c'
'Invoking: ARM v7 gcc compiler'
arm-none-eabi-gcc -Wall -O0 -g3 -c -fmessage-length=0 -MT"src/main.o" -mcpu=cortex-a9 -mfpu=vfpv3 -mfloat-abi=hard -I../../Cora-Z7-07S-XADC_bsp/ps7_cortexa9_0/include -MMD -MP -MF"src/main.d" -MT"src/main.o" -o "src/main.o" "../src/main.c"
../src/main.c:223:1: warning: data definition has no type or storage class
 BaseAddress = XPAR_MYLCD_0_S00_AXI_BASEADDR;
 ^~~~~~~~~~~
../src/main.c:223:1: warning: type defaults to 'int' in declaration of 'BaseAddress' [-Wimplicit-int]
../src/main.c: In function 'GpioIntrExample':
../src/main.c:297:6: warning: variable 'delay' set but not used [-Wunused-but-set-variable]
  u32 delay;
      ^~~~~
../src/main.c: In function 'GpioHandler':
../src/main.c:486:3: warning: implicit declaration of function 'MYLCD_mWriteReg'; did you mean 'XGpio_WriteReg'? [-Wimplicit-function-declaration]
   MYLCD_mWriteReg(BaseAddress, 0, 0x484559);
   ^~~~~~~~~~~~~~~
   XGpio_WriteReg
../src/main.c:487:35: error: invalid suffix "x" on integer constant
   MYLCD_mWriteReg(BaseAddress, 1, 0x);
                                   ^~
../src/main.c:488:35: error: invalid suffix "x" on integer constant
   MYLCD_mWriteReg(BaseAddress, 2, 0x);
                                   ^~
../src/main.c:489:35: error: invalid suffix "x" on integer constant
   MYLCD_mWriteReg(BaseAddress, 3, 0x);
                                   ^~
make: *** [src/subdir.mk:26: src/main.o] Error 1
19:09:03 **** Auto Build of configuration Debug for project Cora-Z7-07S-XADC ****
make pre-build main-build 
a9-linaro-pre-build-step
' '
'Building file: ../src/main.c'
'Invoking: ARM v7 gcc compiler'
arm-none-eabi-gcc -Wall -O0 -g3 -c -fmessage-length=0 -MT"src/main.o" -mcpu=cortex-a9 -mfpu=vfpv3 -mfloat-abi=hard -I../../Cora-Z7-07S-XADC_bsp/ps7_cortexa9_0/include -MMD -MP -MF"src/main.d" -MT"src/main.o" -o "src/main.o" "../src/main.c"
../src/main.c:223:1: warning: data definition has no type or storage class
 BaseAddress = XPAR_MYLCD_0_S00_AXI_BASEADDR;
 ^~~~~~~~~~~
../src/main.c:223:1: warning: type defaults to 'int' in declaration of 'BaseAddress' [-Wimplicit-int]
../src/main.c: In function 'GpioIntrExample':
../src/main.c:297:6: warning: variable 'delay' set but not used [-Wunused-but-set-variable]
  u32 delay;
      ^~~~~
../src/main.c: In function 'GpioHandler':
../src/main.c:486:3: warning: implicit declaration of function 'MYLCD_mWriteReg'; did you mean 'XGpio_WriteReg'? [-Wimplicit-function-declaration]
   MYLCD_mWriteReg(BaseAddress, 0, 0x48455920);
   ^~~~~~~~~~~~~~~
   XGpio_WriteReg
../src/main.c:487:35: error: invalid suffix "x" on integer constant
   MYLCD_mWriteReg(BaseAddress, 1, 0x);
                                   ^~
../src/main.c:488:35: error: invalid suffix "x" on integer constant
   MYLCD_mWriteReg(BaseAddress, 2, 0x);
                                   ^~
../src/main.c:489:35: error: invalid suffix "x" on integer constant
   MYLCD_mWriteReg(BaseAddress, 3, 0x);
                                   ^~
make: *** [src/subdir.mk:26: src/main.o] Error 1
19:09:38 **** Auto Build of configuration Debug for project Cora-Z7-07S-XADC ****
make pre-build main-build 
a9-linaro-pre-build-step
' '
'Building file: ../src/main.c'
'Invoking: ARM v7 gcc compiler'
arm-none-eabi-gcc -Wall -O0 -g3 -c -fmessage-length=0 -MT"src/main.o" -mcpu=cortex-a9 -mfpu=vfpv3 -mfloat-abi=hard -I../../Cora-Z7-07S-XADC_bsp/ps7_cortexa9_0/include -MMD -MP -MF"src/main.d" -MT"src/main.o" -o "src/main.o" "../src/main.c"
../src/main.c:223:1: warning: data definition has no type or storage class
 BaseAddress = XPAR_MYLCD_0_S00_AXI_BASEADDR;
 ^~~~~~~~~~~
../src/main.c:223:1: warning: type defaults to 'int' in declaration of 'BaseAddress' [-Wimplicit-int]
../src/main.c: In function 'GpioIntrExample':
../src/main.c:297:6: warning: variable 'delay' set but not used [-Wunused-but-set-variable]
  u32 delay;
      ^~~~~
../src/main.c: In function 'GpioHandler':
../src/main.c:486:3: warning: implicit declaration of function 'MYLCD_mWriteReg'; did you mean 'XGpio_WriteReg'? [-Wimplicit-function-declaration]
   MYLCD_mWriteReg(BaseAddress, 0, 0x48455920);
   ^~~~~~~~~~~~~~~
   XGpio_WriteReg
../src/main.c:488:35: error: invalid suffix "x" on integer constant
   MYLCD_mWriteReg(BaseAddress, 2, 0x);
                                   ^~
../src/main.c:489:35: error: invalid suffix "x" on integer constant
   MYLCD_mWriteReg(BaseAddress, 3, 0x);
                                   ^~
make: *** [src/subdir.mk:26: src/main.o] Error 1
19:09:58 **** Auto Build of configuration Debug for project Cora-Z7-07S-XADC ****
make pre-build main-build 
a9-linaro-pre-build-step
' '
'Building file: ../src/main.c'
'Invoking: ARM v7 gcc compiler'
arm-none-eabi-gcc -Wall -O0 -g3 -c -fmessage-length=0 -MT"src/main.o" -mcpu=cortex-a9 -mfpu=vfpv3 -mfloat-abi=hard -I../../Cora-Z7-07S-XADC_bsp/ps7_cortexa9_0/include -MMD -MP -MF"src/main.d" -MT"src/main.o" -o "src/main.o" "../src/main.c"
../src/main.c:223:1: warning: data definition has no type or storage class
 BaseAddress = XPAR_MYLCD_0_S00_AXI_BASEADDR;
 ^~~~~~~~~~~
../src/main.c:223:1: warning: type defaults to 'int' in declaration of 'BaseAddress' [-Wimplicit-int]
../src/main.c: In function 'GpioIntrExample':
../src/main.c:297:6: warning: variable 'delay' set but not used [-Wunused-but-set-variable]
  u32 delay;
      ^~~~~
../src/main.c: In function 'GpioHandler':
../src/main.c:486:3: warning: implicit declaration of function 'MYLCD_mWriteReg'; did you mean 'XGpio_WriteReg'? [-Wimplicit-function-declaration]
   MYLCD_mWriteReg(BaseAddress, 0, 0x48455920);
   ^~~~~~~~~~~~~~~
   XGpio_WriteReg
'Finished building: ../src/main.c'
' '
'Building target: Cora-Z7-07S-XADC.elf'
'Invoking: ARM v7 gcc linker'
arm-none-eabi-gcc -mcpu=cortex-a9 -mfpu=vfpv3 -mfloat-abi=hard -Wl,-build-id=none -specs=Xilinx.spec -Wl,-T -Wl,../src/lscript.ld -L../../Cora-Z7-07S-XADC_bsp/ps7_cortexa9_0/lib -o "Cora-Z7-07S-XADC.elf"  ./src/main.o ./src/platform.o   -Wl,--start-group,-lxil,-lgcc,-lc,--end-group
c:/xilinx/sdk/2019.1/gnu/aarch32/nt/gcc-arm-none-eabi/bin/../lib/gcc/arm-none-eabi/8.2.0/../../../../arm-none-eabi/bin/ld.exe: ./src/main.o: in function `GpioHandler':
C:\Temp\EE316\p5\xadc_example\EE316-Project-5\Cora-Z7-07S-XADC-2018.2-1\vivado_proj\Cora-Z7-07S-XADC.sdk\Cora-Z7-07S-XADC\Debug/../src/main.c:486: undefined reference to `MYLCD_mWriteReg'
c:/xilinx/sdk/2019.1/gnu/aarch32/nt/gcc-arm-none-eabi/bin/../lib/gcc/arm-none-eabi/8.2.0/../../../../arm-none-eabi/bin/ld.exe: C:\Temp\EE316\p5\xadc_example\EE316-Project-5\Cora-Z7-07S-XADC-2018.2-1\vivado_proj\Cora-Z7-07S-XADC.sdk\Cora-Z7-07S-XADC\Debug/../src/main.c:487: undefined reference to `MYLCD_mWriteReg'
c:/xilinx/sdk/2019.1/gnu/aarch32/nt/gcc-arm-none-eabi/bin/../lib/gcc/arm-none-eabi/8.2.0/../../../../arm-none-eabi/bin/ld.exe: C:\Temp\EE316\p5\xadc_example\EE316-Project-5\Cora-Z7-07S-XADC-2018.2-1\vivado_proj\Cora-Z7-07S-XADC.sdk\Cora-Z7-07S-XADC\Debug/../src/main.c:488: undefined reference to `MYLCD_mWriteReg'
c:/xilinx/sdk/2019.1/gnu/aarch32/nt/gcc-arm-none-eabi/bin/../lib/gcc/arm-none-eabi/8.2.0/../../../../arm-none-eabi/bin/ld.exe: C:\Temp\EE316\p5\xadc_example\EE316-Project-5\Cora-Z7-07S-XADC-2018.2-1\vivado_proj\Cora-Z7-07S-XADC.sdk\Cora-Z7-07S-XADC\Debug/../src/main.c:489: undefined reference to `MYLCD_mWriteReg'
collect2.exe: error: ld returned 1 exit status
make: *** [makefile:41: Cora-Z7-07S-XADC.elf] Error 1
19:10:08 **** Auto Build of configuration Debug for project Cora-Z7-07S-XADC ****
make pre-build main-build 
a9-linaro-pre-build-step
' '
'Building file: ../src/main.c'
'Invoking: ARM v7 gcc compiler'
arm-none-eabi-gcc -Wall -O0 -g3 -c -fmessage-length=0 -MT"src/main.o" -mcpu=cortex-a9 -mfpu=vfpv3 -mfloat-abi=hard -I../../Cora-Z7-07S-XADC_bsp/ps7_cortexa9_0/include -MMD -MP -MF"src/main.d" -MT"src/main.o" -o "src/main.o" "../src/main.c"
../src/main.c:223:1: warning: data definition has no type or storage class
 BaseAddress = XPAR_MYLCD_0_S00_AXI_BASEADDR;
 ^~~~~~~~~~~
../src/main.c:223:1: warning: type defaults to 'int' in declaration of 'BaseAddress' [-Wimplicit-int]
../src/main.c: In function 'GpioIntrExample':
../src/main.c:297:6: warning: variable 'delay' set but not used [-Wunused-but-set-variable]
  u32 delay;
      ^~~~~
../src/main.c: In function 'GpioHandler':
../src/main.c:486:3: warning: implicit declaration of function 'MYLCD_mWriteReg'; did you mean 'XGpio_WriteReg'? [-Wimplicit-function-declaration]
   MYLCD_mWriteReg(BaseAddress, 0, 0x48455920);
   ^~~~~~~~~~~~~~~
   XGpio_WriteReg
'Finished building: ../src/main.c'
' '
'Building target: Cora-Z7-07S-XADC.elf'
'Invoking: ARM v7 gcc linker'
arm-none-eabi-gcc -mcpu=cortex-a9 -mfpu=vfpv3 -mfloat-abi=hard -Wl,-build-id=none -specs=Xilinx.spec -Wl,-T -Wl,../src/lscript.ld -L../../Cora-Z7-07S-XADC_bsp/ps7_cortexa9_0/lib -o "Cora-Z7-07S-XADC.elf"  ./src/main.o ./src/platform.o   -Wl,--start-group,-lxil,-lgcc,-lc,--end-group
c:/xilinx/sdk/2019.1/gnu/aarch32/nt/gcc-arm-none-eabi/bin/../lib/gcc/arm-none-eabi/8.2.0/../../../../arm-none-eabi/bin/ld.exe: ./src/main.o: in function `GpioHandler':
C:\Temp\EE316\p5\xadc_example\EE316-Project-5\Cora-Z7-07S-XADC-2018.2-1\vivado_proj\Cora-Z7-07S-XADC.sdk\Cora-Z7-07S-XADC\Debug/../src/main.c:486: undefined reference to `MYLCD_mWriteReg'
c:/xilinx/sdk/2019.1/gnu/aarch32/nt/gcc-arm-none-eabi/bin/../lib/gcc/arm-none-eabi/8.2.0/../../../../arm-none-eabi/bin/ld.exe: C:\Temp\EE316\p5\xadc_example\EE316-Project-5\Cora-Z7-07S-XADC-2018.2-1\vivado_proj\Cora-Z7-07S-XADC.sdk\Cora-Z7-07S-XADC\Debug/../src/main.c:487: undefined reference to `MYLCD_mWriteReg'
c:/xilinx/sdk/2019.1/gnu/aarch32/nt/gcc-arm-none-eabi/bin/../lib/gcc/arm-none-eabi/8.2.0/../../../../arm-none-eabi/bin/ld.exe: C:\Temp\EE316\p5\xadc_example\EE316-Project-5\Cora-Z7-07S-XADC-2018.2-1\vivado_proj\Cora-Z7-07S-XADC.sdk\Cora-Z7-07S-XADC\Debug/../src/main.c:488: undefined reference to `MYLCD_mWriteReg'
c:/xilinx/sdk/2019.1/gnu/aarch32/nt/gcc-arm-none-eabi/bin/../lib/gcc/arm-none-eabi/8.2.0/../../../../arm-none-eabi/bin/ld.exe: C:\Temp\EE316\p5\xadc_example\EE316-Project-5\Cora-Z7-07S-XADC-2018.2-1\vivado_proj\Cora-Z7-07S-XADC.sdk\Cora-Z7-07S-XADC\Debug/../src/main.c:489: undefined reference to `MYLCD_mWriteReg'
c:/xilinx/sdk/2019.1/gnu/aarch32/nt/gcc-arm-none-eabi/bin/../lib/gcc/arm-none-eabi/8.2.0/../../../../arm-none-eabi/bin/ld.exe: C:\Temp\EE316\p5\xadc_example\EE316-Project-5\Cora-Z7-07S-XADC-2018.2-1\vivado_proj\Cora-Z7-07S-XADC.sdk\Cora-Z7-07S-XADC\Debug/../src/main.c:491: undefined reference to `MYLCD_mWriteReg'
c:/xilinx/sdk/2019.1/gnu/aarch32/nt/gcc-arm-none-eabi/bin/../lib/gcc/arm-none-eabi/8.2.0/../../../../arm-none-eabi/bin/ld.exe: ./src/main.o:C:\Temp\EE316\p5\xadc_example\EE316-Project-5\Cora-Z7-07S-XADC-2018.2-1\vivado_proj\Cora-Z7-07S-XADC.sdk\Cora-Z7-07S-XADC\Debug/../src/main.c:492: more undefined references to `MYLCD_mWriteReg' follow
collect2.exe: error: ld returned 1 exit status
make: *** [makefile:41: Cora-Z7-07S-XADC.elf] Error 1
19:10:47 **** Auto Build of configuration Debug for project Cora-Z7-07S-XADC ****
make pre-build main-build 
a9-linaro-pre-build-step
' '
'Building file: ../src/main.c'
'Invoking: ARM v7 gcc compiler'
arm-none-eabi-gcc -Wall -O0 -g3 -c -fmessage-length=0 -MT"src/main.o" -mcpu=cortex-a9 -mfpu=vfpv3 -mfloat-abi=hard -I../../Cora-Z7-07S-XADC_bsp/ps7_cortexa9_0/include -MMD -MP -MF"src/main.d" -MT"src/main.o" -o "src/main.o" "../src/main.c"
../src/main.c:225:1: warning: data definition has no type or storage class
 BaseAddress = XPAR_MYLCD_0_S00_AXI_BASEADDR;
 ^~~~~~~~~~~
../src/main.c:225:1: warning: type defaults to 'int' in declaration of 'BaseAddress' [-Wimplicit-int]
../src/main.c: In function 'GpioIntrExample':
../src/main.c:299:6: warning: variable 'delay' set but not used [-Wunused-but-set-variable]
  u32 delay;
      ^~~~~
'Finished building: ../src/main.c'
' '
'Building target: Cora-Z7-07S-XADC.elf'
'Invoking: ARM v7 gcc linker'
arm-none-eabi-gcc -mcpu=cortex-a9 -mfpu=vfpv3 -mfloat-abi=hard -Wl,-build-id=none -specs=Xilinx.spec -Wl,-T -Wl,../src/lscript.ld -L../../Cora-Z7-07S-XADC_bsp/ps7_cortexa9_0/lib -o "Cora-Z7-07S-XADC.elf"  ./src/main.o ./src/platform.o   -Wl,--start-group,-lxil,-lgcc,-lc,--end-group
'Finished building target: Cora-Z7-07S-XADC.elf'
' '
'Invoking: ARM v7 Print Size'
arm-none-eabi-size Cora-Z7-07S-XADC.elf  |tee "Cora-Z7-07S-XADC.elf.size"
   text	   data	    bss	    dec	    hex	filename
  43988	   2360	  23352	  69700	  11044	Cora-Z7-07S-XADC.elf
'Finished building: Cora-Z7-07S-XADC.elf.size'
' '
19:11:22 **** Incremental Build of configuration Debug for project Cora-Z7-07S-XADC ****
make pre-build main-build 
a9-linaro-pre-build-step
' '
make: Nothing to be done for 'main-build'.
19:11:58 **** Incremental Build of configuration Debug for project Cora-Z7-07S-XADC ****
make pre-build main-build 
a9-linaro-pre-build-step
' '
make: Nothing to be done for 'main-build'.
19:13:16 **** Auto Build of configuration Debug for project Cora-Z7-07S-XADC ****
make pre-build main-build 
a9-linaro-pre-build-step
' '
'Building file: ../src/main.c'
'Invoking: ARM v7 gcc compiler'
arm-none-eabi-gcc -Wall -O0 -g3 -c -fmessage-length=0 -MT"src/main.o" -mcpu=cortex-a9 -mfpu=vfpv3 -mfloat-abi=hard -I../../Cora-Z7-07S-XADC_bsp/ps7_cortexa9_0/include -MMD -MP -MF"src/main.d" -MT"src/main.o" -o "src/main.o" "../src/main.c"
../src/main.c:225:1: warning: data definition has no type or storage class
 BaseAddress = XPAR_MYLCD_0_S00_AXI_BASEADDR;
 ^~~~~~~~~~~
../src/main.c:225:1: warning: type defaults to 'int' in declaration of 'BaseAddress' [-Wimplicit-int]
../src/main.c: In function 'GpioIntrExample':
../src/main.c:299:6: warning: variable 'delay' set but not used [-Wunused-but-set-variable]
  u32 delay;
      ^~~~~
'Finished building: ../src/main.c'
' '
'Building target: Cora-Z7-07S-XADC.elf'
'Invoking: ARM v7 gcc linker'
arm-none-eabi-gcc -mcpu=cortex-a9 -mfpu=vfpv3 -mfloat-abi=hard -Wl,-build-id=none -specs=Xilinx.spec -Wl,-T -Wl,../src/lscript.ld -L../../Cora-Z7-07S-XADC_bsp/ps7_cortexa9_0/lib -o "Cora-Z7-07S-XADC.elf"  ./src/main.o ./src/platform.o   -Wl,--start-group,-lxil,-lgcc,-lc,--end-group
'Finished building target: Cora-Z7-07S-XADC.elf'
' '
'Invoking: ARM v7 Print Size'
arm-none-eabi-size Cora-Z7-07S-XADC.elf  |tee "Cora-Z7-07S-XADC.elf.size"
   text	   data	    bss	    dec	    hex	filename
  43988	   2360	  23352	  69700	  11044	Cora-Z7-07S-XADC.elf
'Finished building: Cora-Z7-07S-XADC.elf.size'
' '
19:13:26 **** Incremental Build of configuration Debug for project Cora-Z7-07S-XADC ****
make pre-build main-build 
a9-linaro-pre-build-step
' '
make: Nothing to be done for 'main-build'.
19:16:03 **** Incremental Build of configuration Debug for project Cora-Z7-07S-XADC ****
make pre-build main-build 
a9-linaro-pre-build-step
' '
make: Nothing to be done for 'main-build'.
19:16:23 **** Incremental Build of configuration Debug for project Cora-Z7-07S-XADC ****
make pre-build main-build 
a9-linaro-pre-build-step
' '
make: Nothing to be done for 'main-build'.
19:36:10 **** Auto Build of configuration Debug for project Cora-Z7-07S-XADC ****
make pre-build main-build 
a9-linaro-pre-build-step
' '
'Building file: ../src/main.c'
'Invoking: ARM v7 gcc compiler'
arm-none-eabi-gcc -Wall -O0 -g3 -c -fmessage-length=0 -MT"src/main.o" -mcpu=cortex-a9 -mfpu=vfpv3 -mfloat-abi=hard -I../../Cora-Z7-07S-XADC_bsp/ps7_cortexa9_0/include -MMD -MP -MF"src/main.d" -MT"src/main.o" -o "src/main.o" "../src/main.c"
../src/main.c:225:1: warning: data definition has no type or storage class
 BaseAddress = XPAR_MYLCD_0_S00_AXI_BASEADDR;
 ^~~~~~~~~~~
../src/main.c:225:1: warning: type defaults to 'int' in declaration of 'BaseAddress' [-Wimplicit-int]
../src/main.c: In function 'GpioIntrExample':
../src/main.c:299:6: warning: variable 'delay' set but not used [-Wunused-but-set-variable]
  u32 delay;
      ^~~~~
'Finished building: ../src/main.c'
' '
'Building target: Cora-Z7-07S-XADC.elf'
'Invoking: ARM v7 gcc linker'
arm-none-eabi-gcc -mcpu=cortex-a9 -mfpu=vfpv3 -mfloat-abi=hard -Wl,-build-id=none -specs=Xilinx.spec -Wl,-T -Wl,../src/lscript.ld -L../../Cora-Z7-07S-XADC_bsp/ps7_cortexa9_0/lib -o "Cora-Z7-07S-XADC.elf"  ./src/main.o ./src/platform.o   -Wl,--start-group,-lxil,-lgcc,-lc,--end-group
'Finished building target: Cora-Z7-07S-XADC.elf'
' '
'Invoking: ARM v7 Print Size'
arm-none-eabi-size Cora-Z7-07S-XADC.elf  |tee "Cora-Z7-07S-XADC.elf.size"
   text	   data	    bss	    dec	    hex	filename
  43988	   2360	  23352	  69700	  11044	Cora-Z7-07S-XADC.elf
'Finished building: Cora-Z7-07S-XADC.elf.size'
' '
19:36:45 **** Auto Build of configuration Debug for project Cora-Z7-07S-XADC ****
make pre-build main-build 
a9-linaro-pre-build-step
' '
'Building file: ../src/main.c'
'Invoking: ARM v7 gcc compiler'
arm-none-eabi-gcc -Wall -O0 -g3 -c -fmessage-length=0 -MT"src/main.o" -mcpu=cortex-a9 -mfpu=vfpv3 -mfloat-abi=hard -I../../Cora-Z7-07S-XADC_bsp/ps7_cortexa9_0/include -MMD -MP -MF"src/main.d" -MT"src/main.o" -o "src/main.o" "../src/main.c"
../src/main.c:225:1: warning: data definition has no type or storage class
 BaseAddress = XPAR_MYLCD_0_S00_AXI_BASEADDR;
 ^~~~~~~~~~~
../src/main.c:225:1: warning: type defaults to 'int' in declaration of 'BaseAddress' [-Wimplicit-int]
../src/main.c: In function 'GpioIntrExample':
../src/main.c:299:6: warning: variable 'delay' set but not used [-Wunused-but-set-variable]
  u32 delay;
      ^~~~~
'Finished building: ../src/main.c'
' '
'Building target: Cora-Z7-07S-XADC.elf'
'Invoking: ARM v7 gcc linker'
arm-none-eabi-gcc -mcpu=cortex-a9 -mfpu=vfpv3 -mfloat-abi=hard -Wl,-build-id=none -specs=Xilinx.spec -Wl,-T -Wl,../src/lscript.ld -L../../Cora-Z7-07S-XADC_bsp/ps7_cortexa9_0/lib -o "Cora-Z7-07S-XADC.elf"  ./src/main.o ./src/platform.o   -Wl,--start-group,-lxil,-lgcc,-lc,--end-group
'Finished building target: Cora-Z7-07S-XADC.elf'
' '
'Invoking: ARM v7 Print Size'
arm-none-eabi-size Cora-Z7-07S-XADC.elf  |tee "Cora-Z7-07S-XADC.elf.size"
   text	   data	    bss	    dec	    hex	filename
  43988	   2360	  23352	  69700	  11044	Cora-Z7-07S-XADC.elf
'Finished building: Cora-Z7-07S-XADC.elf.size'
' '
19:36:49 **** Incremental Build of configuration Debug for project Cora-Z7-07S-XADC ****
make pre-build main-build 
a9-linaro-pre-build-step
' '
make: Nothing to be done for 'main-build'.
19:37:31 **** Auto Build of configuration Debug for project Cora-Z7-07S-XADC ****
make pre-build main-build 
a9-linaro-pre-build-step
' '
'Building file: ../src/main.c'
'Invoking: ARM v7 gcc compiler'
arm-none-eabi-gcc -Wall -O0 -g3 -c -fmessage-length=0 -MT"src/main.o" -mcpu=cortex-a9 -mfpu=vfpv3 -mfloat-abi=hard -I../../Cora-Z7-07S-XADC_bsp/ps7_cortexa9_0/include -MMD -MP -MF"src/main.d" -MT"src/main.o" -o "src/main.o" "../src/main.c"
../src/main.c:225:1: warning: data definition has no type or storage class
 BaseAddress = XPAR_MYLCD_0_S00_AXI_BASEADDR;
 ^~~~~~~~~~~
../src/main.c:225:1: warning: type defaults to 'int' in declaration of 'BaseAddress' [-Wimplicit-int]
../src/main.c: In function 'GpioIntrExample':
../src/main.c:299:6: warning: variable 'delay' set but not used [-Wunused-but-set-variable]
  u32 delay;
      ^~~~~
'Finished building: ../src/main.c'
' '
'Building target: Cora-Z7-07S-XADC.elf'
'Invoking: ARM v7 gcc linker'
arm-none-eabi-gcc -mcpu=cortex-a9 -mfpu=vfpv3 -mfloat-abi=hard -Wl,-build-id=none -specs=Xilinx.spec -Wl,-T -Wl,../src/lscript.ld -L../../Cora-Z7-07S-XADC_bsp/ps7_cortexa9_0/lib -o "Cora-Z7-07S-XADC.elf"  ./src/main.o ./src/platform.o   -Wl,--start-group,-lxil,-lgcc,-lc,--end-group
'Finished building target: Cora-Z7-07S-XADC.elf'
' '
'Invoking: ARM v7 Print Size'
arm-none-eabi-size Cora-Z7-07S-XADC.elf  |tee "Cora-Z7-07S-XADC.elf.size"
   text	   data	    bss	    dec	    hex	filename
  43988	   2360	  23352	  69700	  11044	Cora-Z7-07S-XADC.elf
'Finished building: Cora-Z7-07S-XADC.elf.size'
' '
19:37:38 **** Incremental Build of configuration Debug for project Cora-Z7-07S-XADC ****
make pre-build main-build 
a9-linaro-pre-build-step
' '
make: Nothing to be done for 'main-build'.
19:38:14 **** Auto Build of configuration Debug for project Cora-Z7-07S-XADC ****
make pre-build main-build 
a9-linaro-pre-build-step
' '
'Building file: ../src/main.c'
'Invoking: ARM v7 gcc compiler'
arm-none-eabi-gcc -Wall -O0 -g3 -c -fmessage-length=0 -MT"src/main.o" -mcpu=cortex-a9 -mfpu=vfpv3 -mfloat-abi=hard -I../../Cora-Z7-07S-XADC_bsp/ps7_cortexa9_0/include -MMD -MP -MF"src/main.d" -MT"src/main.o" -o "src/main.o" "../src/main.c"
../src/main.c:225:1: warning: data definition has no type or storage class
 BaseAddress = XPAR_MYLCD_0_S00_AXI_BASEADDR;
 ^~~~~~~~~~~
../src/main.c:225:1: warning: type defaults to 'int' in declaration of 'BaseAddress' [-Wimplicit-int]
../src/main.c: In function 'GpioIntrExample':
../src/main.c:299:6: warning: variable 'delay' set but not used [-Wunused-but-set-variable]
  u32 delay;
      ^~~~~
'Finished building: ../src/main.c'
' '
'Building target: Cora-Z7-07S-XADC.elf'
'Invoking: ARM v7 gcc linker'
arm-none-eabi-gcc -mcpu=cortex-a9 -mfpu=vfpv3 -mfloat-abi=hard -Wl,-build-id=none -specs=Xilinx.spec -Wl,-T -Wl,../src/lscript.ld -L../../Cora-Z7-07S-XADC_bsp/ps7_cortexa9_0/lib -o "Cora-Z7-07S-XADC.elf"  ./src/main.o ./src/platform.o   -Wl,--start-group,-lxil,-lgcc,-lc,--end-group
'Finished building target: Cora-Z7-07S-XADC.elf'
' '
'Invoking: ARM v7 Print Size'
arm-none-eabi-size Cora-Z7-07S-XADC.elf  |tee "Cora-Z7-07S-XADC.elf.size"
   text	   data	    bss	    dec	    hex	filename
  43988	   2360	  23352	  69700	  11044	Cora-Z7-07S-XADC.elf
'Finished building: Cora-Z7-07S-XADC.elf.size'
' '
19:38:28 **** Auto Build of configuration Debug for project Cora-Z7-07S-XADC ****
make pre-build main-build 
a9-linaro-pre-build-step
' '
'Building file: ../src/main.c'
'Invoking: ARM v7 gcc compiler'
arm-none-eabi-gcc -Wall -O0 -g3 -c -fmessage-length=0 -MT"src/main.o" -mcpu=cortex-a9 -mfpu=vfpv3 -mfloat-abi=hard -I../../Cora-Z7-07S-XADC_bsp/ps7_cortexa9_0/include -MMD -MP -MF"src/main.d" -MT"src/main.o" -o "src/main.o" "../src/main.c"
../src/main.c:225:1: warning: data definition has no type or storage class
 BaseAddress = XPAR_MYLCD_0_S00_AXI_BASEADDR;
 ^~~~~~~~~~~
../src/main.c:225:1: warning: type defaults to 'int' in declaration of 'BaseAddress' [-Wimplicit-int]
../src/main.c: In function 'GpioIntrExample':
../src/main.c:299:6: warning: variable 'delay' set but not used [-Wunused-but-set-variable]
  u32 delay;
      ^~~~~
'Finished building: ../src/main.c'
' '
'Building target: Cora-Z7-07S-XADC.elf'
'Invoking: ARM v7 gcc linker'
arm-none-eabi-gcc -mcpu=cortex-a9 -mfpu=vfpv3 -mfloat-abi=hard -Wl,-build-id=none -specs=Xilinx.spec -Wl,-T -Wl,../src/lscript.ld -L../../Cora-Z7-07S-XADC_bsp/ps7_cortexa9_0/lib -o "Cora-Z7-07S-XADC.elf"  ./src/main.o ./src/platform.o   -Wl,--start-group,-lxil,-lgcc,-lc,--end-group
'Finished building target: Cora-Z7-07S-XADC.elf'
' '
'Invoking: ARM v7 Print Size'
arm-none-eabi-size Cora-Z7-07S-XADC.elf  |tee "Cora-Z7-07S-XADC.elf.size"
   text	   data	    bss	    dec	    hex	filename
  43988	   2360	  23352	  69700	  11044	Cora-Z7-07S-XADC.elf
'Finished building: Cora-Z7-07S-XADC.elf.size'
' '
19:38:57 **** Auto Build of configuration Debug for project Cora-Z7-07S-XADC ****
make pre-build main-build 
a9-linaro-pre-build-step
' '
'Building file: ../src/main.c'
'Invoking: ARM v7 gcc compiler'
arm-none-eabi-gcc -Wall -O0 -g3 -c -fmessage-length=0 -MT"src/main.o" -mcpu=cortex-a9 -mfpu=vfpv3 -mfloat-abi=hard -I../../Cora-Z7-07S-XADC_bsp/ps7_cortexa9_0/include -MMD -MP -MF"src/main.d" -MT"src/main.o" -o "src/main.o" "../src/main.c"
../src/main.c:225:1: warning: data definition has no type or storage class
 BaseAddress = XPAR_MYLCD_0_S00_AXI_BASEADDR;
 ^~~~~~~~~~~
../src/main.c:225:1: warning: type defaults to 'int' in declaration of 'BaseAddress' [-Wimplicit-int]
../src/main.c: In function 'GpioIntrExample':
../src/main.c:299:6: warning: variable 'delay' set but not used [-Wunused-but-set-variable]
  u32 delay;
      ^~~~~
'Finished building: ../src/main.c'
' '
'Building target: Cora-Z7-07S-XADC.elf'
'Invoking: ARM v7 gcc linker'
arm-none-eabi-gcc -mcpu=cortex-a9 -mfpu=vfpv3 -mfloat-abi=hard -Wl,-build-id=none -specs=Xilinx.spec -Wl,-T -Wl,../src/lscript.ld -L../../Cora-Z7-07S-XADC_bsp/ps7_cortexa9_0/lib -o "Cora-Z7-07S-XADC.elf"  ./src/main.o ./src/platform.o   -Wl,--start-group,-lxil,-lgcc,-lc,--end-group
'Finished building target: Cora-Z7-07S-XADC.elf'
' '
'Invoking: ARM v7 Print Size'
arm-none-eabi-size Cora-Z7-07S-XADC.elf  |tee "Cora-Z7-07S-XADC.elf.size"
   text	   data	    bss	    dec	    hex	filename
  43988	   2360	  23352	  69700	  11044	Cora-Z7-07S-XADC.elf
'Finished building: Cora-Z7-07S-XADC.elf.size'
' '
19:39:04 **** Incremental Build of configuration Debug for project Cora-Z7-07S-XADC ****
make pre-build main-build 
a9-linaro-pre-build-step
' '
make: Nothing to be done for 'main-build'.
19:39:59 **** Auto Build of configuration Debug for project Cora-Z7-07S-XADC ****
make pre-build main-build 
a9-linaro-pre-build-step
' '
'Building file: ../src/main.c'
'Invoking: ARM v7 gcc compiler'
arm-none-eabi-gcc -Wall -O0 -g3 -c -fmessage-length=0 -MT"src/main.o" -mcpu=cortex-a9 -mfpu=vfpv3 -mfloat-abi=hard -I../../Cora-Z7-07S-XADC_bsp/ps7_cortexa9_0/include -MMD -MP -MF"src/main.d" -MT"src/main.o" -o "src/main.o" "../src/main.c"
../src/main.c:225:1: warning: data definition has no type or storage class
 BaseAddress = XPAR_MYLCD_0_S00_AXI_BASEADDR;
 ^~~~~~~~~~~
../src/main.c:225:1: warning: type defaults to 'int' in declaration of 'BaseAddress' [-Wimplicit-int]
../src/main.c: In function 'GpioIntrExample':
../src/main.c:299:6: warning: variable 'delay' set but not used [-Wunused-but-set-variable]
  u32 delay;
      ^~~~~
'Finished building: ../src/main.c'
' '
'Building target: Cora-Z7-07S-XADC.elf'
'Invoking: ARM v7 gcc linker'
arm-none-eabi-gcc -mcpu=cortex-a9 -mfpu=vfpv3 -mfloat-abi=hard -Wl,-build-id=none -specs=Xilinx.spec -Wl,-T -Wl,../src/lscript.ld -L../../Cora-Z7-07S-XADC_bsp/ps7_cortexa9_0/lib -o "Cora-Z7-07S-XADC.elf"  ./src/main.o ./src/platform.o   -Wl,--start-group,-lxil,-lgcc,-lc,--end-group
'Finished building target: Cora-Z7-07S-XADC.elf'
' '
'Invoking: ARM v7 Print Size'
arm-none-eabi-size Cora-Z7-07S-XADC.elf  |tee "Cora-Z7-07S-XADC.elf.size"
   text	   data	    bss	    dec	    hex	filename
  43988	   2360	  23352	  69700	  11044	Cora-Z7-07S-XADC.elf
'Finished building: Cora-Z7-07S-XADC.elf.size'
' '
19:40:12 **** Auto Build of configuration Debug for project Cora-Z7-07S-XADC ****
make pre-build main-build 
a9-linaro-pre-build-step
' '
'Building file: ../src/main.c'
'Invoking: ARM v7 gcc compiler'
arm-none-eabi-gcc -Wall -O0 -g3 -c -fmessage-length=0 -MT"src/main.o" -mcpu=cortex-a9 -mfpu=vfpv3 -mfloat-abi=hard -I../../Cora-Z7-07S-XADC_bsp/ps7_cortexa9_0/include -MMD -MP -MF"src/main.d" -MT"src/main.o" -o "src/main.o" "../src/main.c"
../src/main.c:225:1: warning: data definition has no type or storage class
 BaseAddress = XPAR_MYLCD_0_S00_AXI_BASEADDR;
 ^~~~~~~~~~~
../src/main.c:225:1: warning: type defaults to 'int' in declaration of 'BaseAddress' [-Wimplicit-int]
../src/main.c: In function 'GpioIntrExample':
../src/main.c:299:6: warning: variable 'delay' set but not used [-Wunused-but-set-variable]
  u32 delay;
      ^~~~~
'Finished building: ../src/main.c'
' '
'Building target: Cora-Z7-07S-XADC.elf'
'Invoking: ARM v7 gcc linker'
arm-none-eabi-gcc -mcpu=cortex-a9 -mfpu=vfpv3 -mfloat-abi=hard -Wl,-build-id=none -specs=Xilinx.spec -Wl,-T -Wl,../src/lscript.ld -L../../Cora-Z7-07S-XADC_bsp/ps7_cortexa9_0/lib -o "Cora-Z7-07S-XADC.elf"  ./src/main.o ./src/platform.o   -Wl,--start-group,-lxil,-lgcc,-lc,--end-group
'Finished building target: Cora-Z7-07S-XADC.elf'
' '
'Invoking: ARM v7 Print Size'
arm-none-eabi-size Cora-Z7-07S-XADC.elf  |tee "Cora-Z7-07S-XADC.elf.size"
   text	   data	    bss	    dec	    hex	filename
  43988	   2360	  23352	  69700	  11044	Cora-Z7-07S-XADC.elf
'Finished building: Cora-Z7-07S-XADC.elf.size'
' '
19:40:14 **** Auto Build of configuration Debug for project Cora-Z7-07S-XADC ****
make pre-build main-build 
a9-linaro-pre-build-step
' '
'Building file: ../src/main.c'
'Invoking: ARM v7 gcc compiler'
arm-none-eabi-gcc -Wall -O0 -g3 -c -fmessage-length=0 -MT"src/main.o" -mcpu=cortex-a9 -mfpu=vfpv3 -mfloat-abi=hard -I../../Cora-Z7-07S-XADC_bsp/ps7_cortexa9_0/include -MMD -MP -MF"src/main.d" -MT"src/main.o" -o "src/main.o" "../src/main.c"
../src/main.c:225:1: warning: data definition has no type or storage class
 BaseAddress = XPAR_MYLCD_0_S00_AXI_BASEADDR;
 ^~~~~~~~~~~
../src/main.c:225:1: warning: type defaults to 'int' in declaration of 'BaseAddress' [-Wimplicit-int]
../src/main.c: In function 'GpioIntrExample':
../src/main.c:299:6: warning: variable 'delay' set but not used [-Wunused-but-set-variable]
  u32 delay;
      ^~~~~
'Finished building: ../src/main.c'
' '
'Building target: Cora-Z7-07S-XADC.elf'
'Invoking: ARM v7 gcc linker'
arm-none-eabi-gcc -mcpu=cortex-a9 -mfpu=vfpv3 -mfloat-abi=hard -Wl,-build-id=none -specs=Xilinx.spec -Wl,-T -Wl,../src/lscript.ld -L../../Cora-Z7-07S-XADC_bsp/ps7_cortexa9_0/lib -o "Cora-Z7-07S-XADC.elf"  ./src/main.o ./src/platform.o   -Wl,--start-group,-lxil,-lgcc,-lc,--end-group
'Finished building target: Cora-Z7-07S-XADC.elf'
' '
'Invoking: ARM v7 Print Size'
arm-none-eabi-size Cora-Z7-07S-XADC.elf  |tee "Cora-Z7-07S-XADC.elf.size"
   text	   data	    bss	    dec	    hex	filename
  43988	   2360	  23352	  69700	  11044	Cora-Z7-07S-XADC.elf
'Finished building: Cora-Z7-07S-XADC.elf.size'
' '
19:40:24 **** Auto Build of configuration Debug for project Cora-Z7-07S-XADC ****
make pre-build main-build 
a9-linaro-pre-build-step
' '
'Building file: ../src/main.c'
'Invoking: ARM v7 gcc compiler'
arm-none-eabi-gcc -Wall -O0 -g3 -c -fmessage-length=0 -MT"src/main.o" -mcpu=cortex-a9 -mfpu=vfpv3 -mfloat-abi=hard -I../../Cora-Z7-07S-XADC_bsp/ps7_cortexa9_0/include -MMD -MP -MF"src/main.d" -MT"src/main.o" -o "src/main.o" "../src/main.c"
../src/main.c:225:1: warning: data definition has no type or storage class
 BaseAddress = XPAR_MYLCD_0_S00_AXI_BASEADDR;
 ^~~~~~~~~~~
../src/main.c:225:1: warning: type defaults to 'int' in declaration of 'BaseAddress' [-Wimplicit-int]
../src/main.c: In function 'GpioIntrExample':
../src/main.c:299:6: warning: variable 'delay' set but not used [-Wunused-but-set-variable]
  u32 delay;
      ^~~~~
'Finished building: ../src/main.c'
' '
'Building target: Cora-Z7-07S-XADC.elf'
'Invoking: ARM v7 gcc linker'
arm-none-eabi-gcc -mcpu=cortex-a9 -mfpu=vfpv3 -mfloat-abi=hard -Wl,-build-id=none -specs=Xilinx.spec -Wl,-T -Wl,../src/lscript.ld -L../../Cora-Z7-07S-XADC_bsp/ps7_cortexa9_0/lib -o "Cora-Z7-07S-XADC.elf"  ./src/main.o ./src/platform.o   -Wl,--start-group,-lxil,-lgcc,-lc,--end-group
'Finished building target: Cora-Z7-07S-XADC.elf'
' '
'Invoking: ARM v7 Print Size'
arm-none-eabi-size Cora-Z7-07S-XADC.elf  |tee "Cora-Z7-07S-XADC.elf.size"
   text	   data	    bss	    dec	    hex	filename
  43988	   2360	  23352	  69700	  11044	Cora-Z7-07S-XADC.elf
'Finished building: Cora-Z7-07S-XADC.elf.size'
' '
19:40:33 **** Incremental Build of configuration Debug for project Cora-Z7-07S-XADC ****
make pre-build main-build 
a9-linaro-pre-build-step
' '
make: Nothing to be done for 'main-build'.
19:41:14 **** Auto Build of configuration Debug for project Cora-Z7-07S-XADC ****
make pre-build main-build 
a9-linaro-pre-build-step
' '
'Building file: ../src/main.c'
'Invoking: ARM v7 gcc compiler'
arm-none-eabi-gcc -Wall -O0 -g3 -c -fmessage-length=0 -MT"src/main.o" -mcpu=cortex-a9 -mfpu=vfpv3 -mfloat-abi=hard -I../../Cora-Z7-07S-XADC_bsp/ps7_cortexa9_0/include -MMD -MP -MF"src/main.d" -MT"src/main.o" -o "src/main.o" "../src/main.c"
../src/main.c:225:1: warning: data definition has no type or storage class
 BaseAddress = XPAR_MYLCD_0_S00_AXI_BASEADDR;
 ^~~~~~~~~~~
../src/main.c:225:1: warning: type defaults to 'int' in declaration of 'BaseAddress' [-Wimplicit-int]
../src/main.c: In function 'GpioIntrExample':
../src/main.c:299:6: warning: variable 'delay' set but not used [-Wunused-but-set-variable]
  u32 delay;
      ^~~~~
In file included from ../src/main.c:72:
../src/main.c: In function 'GpioHandler':
../src/main.c:489:36: error: invalid suffix "x" on integer constant
   MYLCD_mWriteReg(BaseAddress, 28, 0x);
                                    ^~
../../Cora-Z7-07S-XADC_bsp/ps7_cortexa9_0/include/myLCD.h:39:49: note: in definition of macro 'MYLCD_mWriteReg'
    Xil_Out32((BaseAddress) + (RegOffset), (u32)(Data))
                                                 ^~~~
make: *** [src/subdir.mk:26: src/main.o] Error 1
19:41:24 **** Auto Build of configuration Debug for project Cora-Z7-07S-XADC ****
make pre-build main-build 
a9-linaro-pre-build-step
' '
'Building file: ../src/main.c'
'Invoking: ARM v7 gcc compiler'
arm-none-eabi-gcc -Wall -O0 -g3 -c -fmessage-length=0 -MT"src/main.o" -mcpu=cortex-a9 -mfpu=vfpv3 -mfloat-abi=hard -I../../Cora-Z7-07S-XADC_bsp/ps7_cortexa9_0/include -MMD -MP -MF"src/main.d" -MT"src/main.o" -o "src/main.o" "../src/main.c"
../src/main.c:225:1: warning: data definition has no type or storage class
 BaseAddress = XPAR_MYLCD_0_S00_AXI_BASEADDR;
 ^~~~~~~~~~~
../src/main.c:225:1: warning: type defaults to 'int' in declaration of 'BaseAddress' [-Wimplicit-int]
../src/main.c: In function 'GpioIntrExample':
../src/main.c:299:6: warning: variable 'delay' set but not used [-Wunused-but-set-variable]
  u32 delay;
      ^~~~~
'Finished building: ../src/main.c'
' '
'Building target: Cora-Z7-07S-XADC.elf'
'Invoking: ARM v7 gcc linker'
arm-none-eabi-gcc -mcpu=cortex-a9 -mfpu=vfpv3 -mfloat-abi=hard -Wl,-build-id=none -specs=Xilinx.spec -Wl,-T -Wl,../src/lscript.ld -L../../Cora-Z7-07S-XADC_bsp/ps7_cortexa9_0/lib -o "Cora-Z7-07S-XADC.elf"  ./src/main.o ./src/platform.o   -Wl,--start-group,-lxil,-lgcc,-lc,--end-group
'Finished building target: Cora-Z7-07S-XADC.elf'
' '
'Invoking: ARM v7 Print Size'
arm-none-eabi-size Cora-Z7-07S-XADC.elf  |tee "Cora-Z7-07S-XADC.elf.size"
   text	   data	    bss	    dec	    hex	filename
  43988	   2360	  23352	  69700	  11044	Cora-Z7-07S-XADC.elf
'Finished building: Cora-Z7-07S-XADC.elf.size'
' '
19:41:42 **** Incremental Build of configuration Debug for project Cora-Z7-07S-XADC ****
make pre-build main-build 
a9-linaro-pre-build-step
' '
make: Nothing to be done for 'main-build'.
19:43:01 **** Auto Build of configuration Debug for project Cora-Z7-07S-XADC ****
make pre-build main-build 
a9-linaro-pre-build-step
' '
'Building file: ../src/main.c'
'Invoking: ARM v7 gcc compiler'
arm-none-eabi-gcc -Wall -O0 -g3 -c -fmessage-length=0 -MT"src/main.o" -mcpu=cortex-a9 -mfpu=vfpv3 -mfloat-abi=hard -I../../Cora-Z7-07S-XADC_bsp/ps7_cortexa9_0/include -MMD -MP -MF"src/main.d" -MT"src/main.o" -o "src/main.o" "../src/main.c"
../src/main.c:225:1: warning: data definition has no type or storage class
 BaseAddress = XPAR_MYLCD_0_S00_AXI_BASEADDR;
 ^~~~~~~~~~~
../src/main.c:225:1: warning: type defaults to 'int' in declaration of 'BaseAddress' [-Wimplicit-int]
../src/main.c: In function 'GpioIntrExample':
../src/main.c:299:6: warning: variable 'delay' set but not used [-Wunused-but-set-variable]
  u32 delay;
      ^~~~~
'Finished building: ../src/main.c'
' '
'Building target: Cora-Z7-07S-XADC.elf'
'Invoking: ARM v7 gcc linker'
arm-none-eabi-gcc -mcpu=cortex-a9 -mfpu=vfpv3 -mfloat-abi=hard -Wl,-build-id=none -specs=Xilinx.spec -Wl,-T -Wl,../src/lscript.ld -L../../Cora-Z7-07S-XADC_bsp/ps7_cortexa9_0/lib -o "Cora-Z7-07S-XADC.elf"  ./src/main.o ./src/platform.o   -Wl,--start-group,-lxil,-lgcc,-lc,--end-group
'Finished building target: Cora-Z7-07S-XADC.elf'
' '
'Invoking: ARM v7 Print Size'
arm-none-eabi-size Cora-Z7-07S-XADC.elf  |tee "Cora-Z7-07S-XADC.elf.size"
   text	   data	    bss	    dec	    hex	filename
  43988	   2360	  23352	  69700	  11044	Cora-Z7-07S-XADC.elf
'Finished building: Cora-Z7-07S-XADC.elf.size'
' '
19:43:07 **** Incremental Build of configuration Debug for project Cora-Z7-07S-XADC ****
make pre-build main-build 
a9-linaro-pre-build-step
' '
make: Nothing to be done for 'main-build'.
19:43:51 **** Auto Build of configuration Debug for project Cora-Z7-07S-XADC ****
make pre-build main-build 
a9-linaro-pre-build-step
' '
'Building file: ../src/main.c'
'Invoking: ARM v7 gcc compiler'
arm-none-eabi-gcc -Wall -O0 -g3 -c -fmessage-length=0 -MT"src/main.o" -mcpu=cortex-a9 -mfpu=vfpv3 -mfloat-abi=hard -I../../Cora-Z7-07S-XADC_bsp/ps7_cortexa9_0/include -MMD -MP -MF"src/main.d" -MT"src/main.o" -o "src/main.o" "../src/main.c"
../src/main.c:225:1: warning: data definition has no type or storage class
 BaseAddress = XPAR_MYLCD_0_S00_AXI_BASEADDR;
 ^~~~~~~~~~~
../src/main.c:225:1: warning: type defaults to 'int' in declaration of 'BaseAddress' [-Wimplicit-int]
../src/main.c: In function 'GpioIntrExample':
../src/main.c:299:6: warning: variable 'delay' set but not used [-Wunused-but-set-variable]
  u32 delay;
      ^~~~~
'Finished building: ../src/main.c'
' '
'Building target: Cora-Z7-07S-XADC.elf'
'Invoking: ARM v7 gcc linker'
arm-none-eabi-gcc -mcpu=cortex-a9 -mfpu=vfpv3 -mfloat-abi=hard -Wl,-build-id=none -specs=Xilinx.spec -Wl,-T -Wl,../src/lscript.ld -L../../Cora-Z7-07S-XADC_bsp/ps7_cortexa9_0/lib -o "Cora-Z7-07S-XADC.elf"  ./src/main.o ./src/platform.o   -Wl,--start-group,-lxil,-lgcc,-lc,--end-group
'Finished building target: Cora-Z7-07S-XADC.elf'
' '
'Invoking: ARM v7 Print Size'
arm-none-eabi-size Cora-Z7-07S-XADC.elf  |tee "Cora-Z7-07S-XADC.elf.size"
   text	   data	    bss	    dec	    hex	filename
  43988	   2360	  23352	  69700	  11044	Cora-Z7-07S-XADC.elf
'Finished building: Cora-Z7-07S-XADC.elf.size'
' '
19:43:59 **** Incremental Build of configuration Debug for project Cora-Z7-07S-XADC ****
make pre-build main-build 
a9-linaro-pre-build-step
' '
make: Nothing to be done for 'main-build'.
19:44:55 **** Auto Build of configuration Debug for project Cora-Z7-07S-XADC ****
make pre-build main-build 
a9-linaro-pre-build-step
' '
'Building file: ../src/main.c'
'Invoking: ARM v7 gcc compiler'
arm-none-eabi-gcc -Wall -O0 -g3 -c -fmessage-length=0 -MT"src/main.o" -mcpu=cortex-a9 -mfpu=vfpv3 -mfloat-abi=hard -I../../Cora-Z7-07S-XADC_bsp/ps7_cortexa9_0/include -MMD -MP -MF"src/main.d" -MT"src/main.o" -o "src/main.o" "../src/main.c"
../src/main.c:225:1: warning: data definition has no type or storage class
 BaseAddress = XPAR_MYLCD_0_S00_AXI_BASEADDR;
 ^~~~~~~~~~~
../src/main.c:225:1: warning: type defaults to 'int' in declaration of 'BaseAddress' [-Wimplicit-int]
../src/main.c: In function 'GpioIntrExample':
../src/main.c:299:6: warning: variable 'delay' set but not used [-Wunused-but-set-variable]
  u32 delay;
      ^~~~~
'Finished building: ../src/main.c'
' '
'Building target: Cora-Z7-07S-XADC.elf'
'Invoking: ARM v7 gcc linker'
arm-none-eabi-gcc -mcpu=cortex-a9 -mfpu=vfpv3 -mfloat-abi=hard -Wl,-build-id=none -specs=Xilinx.spec -Wl,-T -Wl,../src/lscript.ld -L../../Cora-Z7-07S-XADC_bsp/ps7_cortexa9_0/lib -o "Cora-Z7-07S-XADC.elf"  ./src/main.o ./src/platform.o   -Wl,--start-group,-lxil,-lgcc,-lc,--end-group
'Finished building target: Cora-Z7-07S-XADC.elf'
' '
'Invoking: ARM v7 Print Size'
arm-none-eabi-size Cora-Z7-07S-XADC.elf  |tee "Cora-Z7-07S-XADC.elf.size"
   text	   data	    bss	    dec	    hex	filename
  43988	   2360	  23352	  69700	  11044	Cora-Z7-07S-XADC.elf
'Finished building: Cora-Z7-07S-XADC.elf.size'
' '
19:46:02 **** Auto Build of configuration Debug for project Cora-Z7-07S-XADC ****
make pre-build main-build 
a9-linaro-pre-build-step
' '
'Building file: ../src/main.c'
'Invoking: ARM v7 gcc compiler'
arm-none-eabi-gcc -Wall -O0 -g3 -c -fmessage-length=0 -MT"src/main.o" -mcpu=cortex-a9 -mfpu=vfpv3 -mfloat-abi=hard -I../../Cora-Z7-07S-XADC_bsp/ps7_cortexa9_0/include -MMD -MP -MF"src/main.d" -MT"src/main.o" -o "src/main.o" "../src/main.c"
../src/main.c:225:1: warning: data definition has no type or storage class
 BaseAddress = XPAR_MYLCD_0_S00_AXI_BASEADDR;
 ^~~~~~~~~~~
../src/main.c:225:1: warning: type defaults to 'int' in declaration of 'BaseAddress' [-Wimplicit-int]
../src/main.c: In function 'GpioIntrExample':
../src/main.c:299:6: warning: variable 'delay' set but not used [-Wunused-but-set-variable]
  u32 delay;
      ^~~~~
'Finished building: ../src/main.c'
' '
'Building target: Cora-Z7-07S-XADC.elf'
'Invoking: ARM v7 gcc linker'
arm-none-eabi-gcc -mcpu=cortex-a9 -mfpu=vfpv3 -mfloat-abi=hard -Wl,-build-id=none -specs=Xilinx.spec -Wl,-T -Wl,../src/lscript.ld -L../../Cora-Z7-07S-XADC_bsp/ps7_cortexa9_0/lib -o "Cora-Z7-07S-XADC.elf"  ./src/main.o ./src/platform.o   -Wl,--start-group,-lxil,-lgcc,-lc,--end-group
'Finished building target: Cora-Z7-07S-XADC.elf'
' '
'Invoking: ARM v7 Print Size'
arm-none-eabi-size Cora-Z7-07S-XADC.elf  |tee "Cora-Z7-07S-XADC.elf.size"
   text	   data	    bss	    dec	    hex	filename
  43988	   2360	  23352	  69700	  11044	Cora-Z7-07S-XADC.elf
'Finished building: Cora-Z7-07S-XADC.elf.size'
' '
19:46:08 **** Incremental Build of configuration Debug for project Cora-Z7-07S-XADC ****
make pre-build main-build 
a9-linaro-pre-build-step
' '
make: Nothing to be done for 'main-build'.
19:46:48 **** Auto Build of configuration Debug for project Cora-Z7-07S-XADC ****
make pre-build main-build 
a9-linaro-pre-build-step
' '
'Building file: ../src/main.c'
'Invoking: ARM v7 gcc compiler'
arm-none-eabi-gcc -Wall -O0 -g3 -c -fmessage-length=0 -MT"src/main.o" -mcpu=cortex-a9 -mfpu=vfpv3 -mfloat-abi=hard -I../../Cora-Z7-07S-XADC_bsp/ps7_cortexa9_0/include -MMD -MP -MF"src/main.d" -MT"src/main.o" -o "src/main.o" "../src/main.c"
../src/main.c:225:1: warning: data definition has no type or storage class
 BaseAddress = XPAR_MYLCD_0_S00_AXI_BASEADDR;
 ^~~~~~~~~~~
../src/main.c:225:1: warning: type defaults to 'int' in declaration of 'BaseAddress' [-Wimplicit-int]
../src/main.c: In function 'GpioIntrExample':
../src/main.c:299:6: warning: variable 'delay' set but not used [-Wunused-but-set-variable]
  u32 delay;
      ^~~~~
'Finished building: ../src/main.c'
' '
'Building target: Cora-Z7-07S-XADC.elf'
'Invoking: ARM v7 gcc linker'
arm-none-eabi-gcc -mcpu=cortex-a9 -mfpu=vfpv3 -mfloat-abi=hard -Wl,-build-id=none -specs=Xilinx.spec -Wl,-T -Wl,../src/lscript.ld -L../../Cora-Z7-07S-XADC_bsp/ps7_cortexa9_0/lib -o "Cora-Z7-07S-XADC.elf"  ./src/main.o ./src/platform.o   -Wl,--start-group,-lxil,-lgcc,-lc,--end-group
'Finished building target: Cora-Z7-07S-XADC.elf'
' '
'Invoking: ARM v7 Print Size'
arm-none-eabi-size Cora-Z7-07S-XADC.elf  |tee "Cora-Z7-07S-XADC.elf.size"
   text	   data	    bss	    dec	    hex	filename
  43988	   2360	  23352	  69700	  11044	Cora-Z7-07S-XADC.elf
'Finished building: Cora-Z7-07S-XADC.elf.size'
' '
19:46:55 **** Incremental Build of configuration Debug for project Cora-Z7-07S-XADC ****
make pre-build main-build 
a9-linaro-pre-build-step
' '
make: Nothing to be done for 'main-build'.
19:48:26 **** Auto Build of configuration Debug for project Cora-Z7-07S-XADC ****
make pre-build main-build 
a9-linaro-pre-build-step
' '
'Building file: ../src/main.c'
'Invoking: ARM v7 gcc compiler'
arm-none-eabi-gcc -Wall -O0 -g3 -c -fmessage-length=0 -MT"src/main.o" -mcpu=cortex-a9 -mfpu=vfpv3 -mfloat-abi=hard -I../../Cora-Z7-07S-XADC_bsp/ps7_cortexa9_0/include -MMD -MP -MF"src/main.d" -MT"src/main.o" -o "src/main.o" "../src/main.c"
../src/main.c:225:1: warning: data definition has no type or storage class
 BaseAddress = XPAR_MYLCD_0_S00_AXI_BASEADDR;
 ^~~~~~~~~~~
../src/main.c:225:1: warning: type defaults to 'int' in declaration of 'BaseAddress' [-Wimplicit-int]
../src/main.c: In function 'GpioIntrExample':
../src/main.c:299:6: warning: variable 'delay' set but not used [-Wunused-but-set-variable]
  u32 delay;
      ^~~~~
'Finished building: ../src/main.c'
' '
'Building target: Cora-Z7-07S-XADC.elf'
'Invoking: ARM v7 gcc linker'
arm-none-eabi-gcc -mcpu=cortex-a9 -mfpu=vfpv3 -mfloat-abi=hard -Wl,-build-id=none -specs=Xilinx.spec -Wl,-T -Wl,../src/lscript.ld -L../../Cora-Z7-07S-XADC_bsp/ps7_cortexa9_0/lib -o "Cora-Z7-07S-XADC.elf"  ./src/main.o ./src/platform.o   -Wl,--start-group,-lxil,-lgcc,-lc,--end-group
'Finished building target: Cora-Z7-07S-XADC.elf'
' '
'Invoking: ARM v7 Print Size'
arm-none-eabi-size Cora-Z7-07S-XADC.elf  |tee "Cora-Z7-07S-XADC.elf.size"
   text	   data	    bss	    dec	    hex	filename
  43988	   2360	  23352	  69700	  11044	Cora-Z7-07S-XADC.elf
'Finished building: Cora-Z7-07S-XADC.elf.size'
' '
[...]
In file included from xtime_l.c:49:
xtime_l.h:87:9: note: #pragma message: For the sleep routines, Global timer is being used
 #pragma message ("For the sleep routines, Global timer is being used")
         ^~~~~~~
In file included from sleep.c:53:
xtime_l.h:87:9: note: #pragma message: For the sleep routines, Global timer is being used
 #pragma message ("For the sleep routines, Global timer is being used")
         ^~~~~~~
"Running Make libs in ps7_cortexa9_0/libsrc/sysmon_v7_5/src"
make -C ps7_cortexa9_0/libsrc/sysmon_v7_5/src -s libs  "SHELL=CMD" "COMPILER=arm-none-eabi-gcc" "ARCHIVER=arm-none-eabi-ar" "COMPILER_FLAGS=  -O2 -c" "EXTRA_COMPILER_FLAGS=-mcpu=cortex-a9 -mfpu=vfpv3 -mfloat-abi=hard -nostartfiles -g -Wall -Wextra"
"Compiling sysmon"
"Running Make libs in ps7_cortexa9_0/libsrc/tmrctr_v4_5/src"
make -C ps7_cortexa9_0/libsrc/tmrctr_v4_5/src -s libs  "SHELL=CMD" "COMPILER=arm-none-eabi-gcc" "ARCHIVER=arm-none-eabi-ar" "COMPILER_FLAGS=  -O2 -c" "EXTRA_COMPILER_FLAGS=-mcpu=cortex-a9 -mfpu=vfpv3 -mfloat-abi=hard -nostartfiles -g -Wall -Wextra"
"Compiling tmrctr"
"Running Make libs in ps7_cortexa9_0/libsrc/uartps_v3_7/src"
make -C ps7_cortexa9_0/libsrc/uartps_v3_7/src -s libs  "SHELL=CMD" "COMPILER=arm-none-eabi-gcc" "ARCHIVER=arm-none-eabi-ar" "COMPILER_FLAGS=  -O2 -c" "EXTRA_COMPILER_FLAGS=-mcpu=cortex-a9 -mfpu=vfpv3 -mfloat-abi=hard -nostartfiles -g -Wall -Wextra"
"Compiling uartps"
"Running Make libs in ps7_cortexa9_0/libsrc/usbps_v2_4/src"
make -C ps7_cortexa9_0/libsrc/usbps_v2_4/src -s libs  "SHELL=CMD" "COMPILER=arm-none-eabi-gcc" "ARCHIVER=arm-none-eabi-ar" "COMPILER_FLAGS=  -O2 -c" "EXTRA_COMPILER_FLAGS=-mcpu=cortex-a9 -mfpu=vfpv3 -mfloat-abi=hard -nostartfiles -g -Wall -Wextra"
"Compiling usbps"
"Running Make libs in ps7_cortexa9_0/libsrc/xadcps_v2_3/src"
make -C ps7_cortexa9_0/libsrc/xadcps_v2_3/src -s libs  "SHELL=CMD" "COMPILER=arm-none-eabi-gcc" "ARCHIVER=arm-none-eabi-ar" "COMPILER_FLAGS=  -O2 -c" "EXTRA_COMPILER_FLAGS=-mcpu=cortex-a9 -mfpu=vfpv3 -mfloat-abi=hard -nostartfiles -g -Wall -Wextra"
"Compiling xadcps"
'Finished building libraries'
08:47:01 **** Auto Build of configuration Debug for project Cora-Z7-07S-XADC ****
make pre-build main-build 
a9-linaro-pre-build-step
' '
'Building file: ../src/main.c'
'Invoking: ARM v7 gcc compiler'
arm-none-eabi-gcc -Wall -O0 -g3 -c -fmessage-length=0 -MT"src/main.o" -mcpu=cortex-a9 -mfpu=vfpv3 -mfloat-abi=hard -I../../Cora-Z7-07S-XADC_bsp/ps7_cortexa9_0/include -MMD -MP -MF"src/main.d" -MT"src/main.o" -o "src/main.o" "../src/main.c"
../src/main.c:193:1: warning: data definition has no type or storage class
 BaseAddress = XPAR_MYLCD_0_S00_AXI_BASEADDR;
 ^~~~~~~~~~~
../src/main.c:193:1: warning: type defaults to 'int' in declaration of 'BaseAddress' [-Wimplicit-int]
../src/main.c: In function 'main':
../src/main.c:234:6: warning: variable 'Status_PMOD_LEDs' set but not used [-Wunused-but-set-variable]
  int Status_PMOD_LEDs;
      ^~~~~~~~~~~~~~~~
../src/main.c: In function 'GpioIntrExample':
../src/main.c:349:6: warning: variable 'delay' set but not used [-Wunused-but-set-variable]
  u32 delay;
      ^~~~~
'Finished building: ../src/main.c'
' '
'Building file: ../src/platform.c'
'Invoking: ARM v7 gcc compiler'
arm-none-eabi-gcc -Wall -O0 -g3 -c -fmessage-length=0 -MT"src/platform.o" -mcpu=cortex-a9 -mfpu=vfpv3 -mfloat-abi=hard -I../../Cora-Z7-07S-XADC_bsp/ps7_cortexa9_0/include -MMD -MP -MF"src/platform.d" -MT"src/platform.o" -o "src/platform.o" "../src/platform.c"
'Finished building: ../src/platform.c'
' '
'Building target: Cora-Z7-07S-XADC.elf'
'Invoking: ARM v7 gcc linker'
arm-none-eabi-gcc -mcpu=cortex-a9 -mfpu=vfpv3 -mfloat-abi=hard -Wl,-build-id=none -specs=Xilinx.spec -Wl,-T -Wl,../src/lscript.ld -L../../Cora-Z7-07S-XADC_bsp/ps7_cortexa9_0/lib -o "Cora-Z7-07S-XADC.elf"  ./src/main.o ./src/platform.o   -Wl,--start-group,-lxil,-lgcc,-lc,--end-group
'Finished building target: Cora-Z7-07S-XADC.elf'
' '
'Invoking: ARM v7 Print Size'
arm-none-eabi-size Cora-Z7-07S-XADC.elf  |tee "Cora-Z7-07S-XADC.elf.size"
   text	   data	    bss	    dec	    hex	filename
  80140	   3440	  23472	 107052	  1a22c	Cora-Z7-07S-XADC.elf
'Finished building: Cora-Z7-07S-XADC.elf.size'
' '
08:47:05 **** Auto Build of configuration Debug for project Cora-Z7-07S-XADC_bsp_xtmrctr_pwm_example_1 ****
make pre-build main-build 
a9-linaro-pre-build-step
' '
'Building file: ../src/xtmrctr_pwm_example.c'
'Invoking: ARM v7 gcc compiler'
arm-none-eabi-gcc -Wall -O0 -g3 -c -fmessage-length=0 -MT"src/xtmrctr_pwm_example.o" -mcpu=cortex-a9 -mfpu=vfpv3 -mfloat-abi=hard -I../../Cora-Z7-07S-XADC_bsp/ps7_cortexa9_0/include -MMD -MP -MF"src/xtmrctr_pwm_example.d" -MT"src/xtmrctr_pwm_example.o" -o "src/xtmrctr_pwm_example.o" "../src/xtmrctr_pwm_example.c"
'Finished building: ../src/xtmrctr_pwm_example.c'
' '
'Building target: Cora-Z7-07S-XADC_bsp_xtmrctr_pwm_example_1.elf'
'Invoking: ARM v7 gcc linker'
arm-none-eabi-gcc -mcpu=cortex-a9 -mfpu=vfpv3 -mfloat-abi=hard -Wl,-build-id=none -specs=Xilinx.spec -Wl,-T -Wl,../src/lscript.ld -L../../Cora-Z7-07S-XADC_bsp/ps7_cortexa9_0/lib -o "Cora-Z7-07S-XADC_bsp_xtmrctr_pwm_example_1.elf"  ./src/xtmrctr_pwm_example.o   -Wl,--start-group,-lxil,-lgcc,-lc,--end-group
'Finished building target: Cora-Z7-07S-XADC_bsp_xtmrctr_pwm_example_1.elf'
' '
'Invoking: ARM v7 Print Size'
arm-none-eabi-size Cora-Z7-07S-XADC_bsp_xtmrctr_pwm_example_1.elf  |tee "Cora-Z7-07S-XADC_bsp_xtmrctr_pwm_example_1.elf.size"
   text	   data	    bss	    dec	    hex	filename
  62580	   2624	  23392	  88596	  15a14	Cora-Z7-07S-XADC_bsp_xtmrctr_pwm_example_1.elf
'Finished building: Cora-Z7-07S-XADC_bsp_xtmrctr_pwm_example_1.elf.size'
' '
08:47:42 **** Auto Build of configuration Debug for project Cora-Z7-07S-XADC_bsp_xtmrctr_pwm_example_1 ****
make pre-build main-build 
a9-linaro-pre-build-step
' '
'Building file: ../src/xtmrctr_pwm_example.c'
'Invoking: ARM v7 gcc compiler'
arm-none-eabi-gcc -Wall -O0 -g3 -c -fmessage-length=0 -MT"src/xtmrctr_pwm_example.o" -mcpu=cortex-a9 -mfpu=vfpv3 -mfloat-abi=hard -I../../Cora-Z7-07S-XADC_bsp/ps7_cortexa9_0/include -MMD -MP -MF"src/xtmrctr_pwm_example.d" -MT"src/xtmrctr_pwm_example.o" -o "src/xtmrctr_pwm_example.o" "../src/xtmrctr_pwm_example.c"
'Finished building: ../src/xtmrctr_pwm_example.c'
' '
'Building target: Cora-Z7-07S-XADC_bsp_xtmrctr_pwm_example_1.elf'
'Invoking: ARM v7 gcc linker'
arm-none-eabi-gcc -mcpu=cortex-a9 -mfpu=vfpv3 -mfloat-abi=hard -Wl,-build-id=none -specs=Xilinx.spec -Wl,-T -Wl,../src/lscript.ld -L../../Cora-Z7-07S-XADC_bsp/ps7_cortexa9_0/lib -o "Cora-Z7-07S-XADC_bsp_xtmrctr_pwm_example_1.elf"  ./src/xtmrctr_pwm_example.o   -Wl,--start-group,-lxil,-lgcc,-lc,--end-group
'Finished building target: Cora-Z7-07S-XADC_bsp_xtmrctr_pwm_example_1.elf'
' '
'Invoking: ARM v7 Print Size'
arm-none-eabi-size Cora-Z7-07S-XADC_bsp_xtmrctr_pwm_example_1.elf  |tee "Cora-Z7-07S-XADC_bsp_xtmrctr_pwm_example_1.elf.size"
   text	   data	    bss	    dec	    hex	filename
  62580	   2624	  23392	  88596	  15a14	Cora-Z7-07S-XADC_bsp_xtmrctr_pwm_example_1.elf
'Finished building: Cora-Z7-07S-XADC_bsp_xtmrctr_pwm_example_1.elf.size'
' '
08:51:45 **** Incremental Build of configuration Debug for project Cora-Z7-07S-XADC_bsp_xtmrctr_pwm_example_1 ****
make pre-build main-build 
a9-linaro-pre-build-step
' '
make: Nothing to be done for 'main-build'.
08:52:11 **** Incremental Build of configuration Debug for project Cora-Z7-07S-XADC_bsp_xtmrctr_pwm_example_1 ****
make pre-build main-build 
a9-linaro-pre-build-step
' '
make: Nothing to be done for 'main-build'.
08:53:03 **** Incremental Build of configuration Debug for project Cora-Z7-07S-XADC_bsp_xtmrctr_pwm_example_1 ****
make pre-build main-build 
a9-linaro-pre-build-step
' '
make: Nothing to be done for 'main-build'.
08:54:06 **** Incremental Build of configuration Debug for project Cora-Z7-07S-XADC_bsp_xtmrctr_pwm_example_1 ****
make pre-build main-build 
a9-linaro-pre-build-step
' '
make: Nothing to be done for 'main-build'.
08:56:01 **** Incremental Build of configuration Debug for project Cora-Z7-07S-XADC_bsp_xtmrctr_pwm_example_1 ****
make pre-build main-build 
a9-linaro-pre-build-step
' '
make: Nothing to be done for 'main-build'.
08:56:20 **** Auto Build of configuration Debug for project Cora-Z7-07S-XADC_bsp_xtmrctr_pwm_example_1 ****
make pre-build main-build 
a9-linaro-pre-build-step
' '
'Building file: ../src/xtmrctr_pwm_example.c'
'Invoking: ARM v7 gcc compiler'
arm-none-eabi-gcc -Wall -O0 -g3 -c -fmessage-length=0 -MT"src/xtmrctr_pwm_example.o" -mcpu=cortex-a9 -mfpu=vfpv3 -mfloat-abi=hard -I../../Cora-Z7-07S-XADC_bsp/ps7_cortexa9_0/include -MMD -MP -MF"src/xtmrctr_pwm_example.d" -MT"src/xtmrctr_pwm_example.o" -o "src/xtmrctr_pwm_example.o" "../src/xtmrctr_pwm_example.c"
'Finished building: ../src/xtmrctr_pwm_example.c'
' '
'Building target: Cora-Z7-07S-XADC_bsp_xtmrctr_pwm_example_1.elf'
'Invoking: ARM v7 gcc linker'
arm-none-eabi-gcc -mcpu=cortex-a9 -mfpu=vfpv3 -mfloat-abi=hard -Wl,-build-id=none -specs=Xilinx.spec -Wl,-T -Wl,../src/lscript.ld -L../../Cora-Z7-07S-XADC_bsp/ps7_cortexa9_0/lib -o "Cora-Z7-07S-XADC_bsp_xtmrctr_pwm_example_1.elf"  ./src/xtmrctr_pwm_example.o   -Wl,--start-group,-lxil,-lgcc,-lc,--end-group
'Finished building target: Cora-Z7-07S-XADC_bsp_xtmrctr_pwm_example_1.elf'
' '
'Invoking: ARM v7 Print Size'
arm-none-eabi-size Cora-Z7-07S-XADC_bsp_xtmrctr_pwm_example_1.elf  |tee "Cora-Z7-07S-XADC_bsp_xtmrctr_pwm_example_1.elf.size"
   text	   data	    bss	    dec	    hex	filename
  62580	   2624	  23392	  88596	  15a14	Cora-Z7-07S-XADC_bsp_xtmrctr_pwm_example_1.elf
'Finished building: Cora-Z7-07S-XADC_bsp_xtmrctr_pwm_example_1.elf.size'
' '
08:56:24 **** Incremental Build of configuration Debug for project Cora-Z7-07S-XADC_bsp_xtmrctr_pwm_example_1 ****
make pre-build main-build 
a9-linaro-pre-build-step
' '
make: Nothing to be done for 'main-build'.
09:08:12 **** Auto Build of configuration Debug for project Cora-Z7-07S-XADC ****
make pre-build main-build 
a9-linaro-pre-build-step
' '
'Building file: ../src/main.c'
'Invoking: ARM v7 gcc compiler'
arm-none-eabi-gcc -Wall -O0 -g3 -c -fmessage-length=0 -MT"src/main.o" -mcpu=cortex-a9 -mfpu=vfpv3 -mfloat-abi=hard -I../../Cora-Z7-07S-XADC_bsp/ps7_cortexa9_0/include -MMD -MP -MF"src/main.d" -MT"src/main.o" -o "src/main.o" "../src/main.c"
../src/main.c:193:1: warning: data definition has no type or storage class
 BaseAddress = XPAR_MYLCD_0_S00_AXI_BASEADDR;
 ^~~~~~~~~~~
../src/main.c:193:1: warning: type defaults to 'int' in declaration of 'BaseAddress' [-Wimplicit-int]
../src/main.c: In function 'main':
../src/main.c:234:6: warning: variable 'Status_PMOD_LEDs' set but not used [-Wunused-but-set-variable]
  int Status_PMOD_LEDs;
      ^~~~~~~~~~~~~~~~
../src/main.c: In function 'GpioIntrExample':
../src/main.c:349:6: warning: variable 'delay' set but not used [-Wunused-but-set-variable]
  u32 delay;
      ^~~~~
'Finished building: ../src/main.c'
' '
'Building target: Cora-Z7-07S-XADC.elf'
'Invoking: ARM v7 gcc linker'
arm-none-eabi-gcc -mcpu=cortex-a9 -mfpu=vfpv3 -mfloat-abi=hard -Wl,-build-id=none -specs=Xilinx.spec -Wl,-T -Wl,../src/lscript.ld -L../../Cora-Z7-07S-XADC_bsp/ps7_cortexa9_0/lib -o "Cora-Z7-07S-XADC.elf"  ./src/main.o ./src/platform.o   -Wl,--start-group,-lxil,-lgcc,-lc,--end-group
'Finished building target: Cora-Z7-07S-XADC.elf'
' '
'Invoking: ARM v7 Print Size'
arm-none-eabi-size Cora-Z7-07S-XADC.elf  |tee "Cora-Z7-07S-XADC.elf.size"
   text	   data	    bss	    dec	    hex	filename
  80140	   3440	  23472	 107052	  1a22c	Cora-Z7-07S-XADC.elf
'Finished building: Cora-Z7-07S-XADC.elf.size'
' '
09:08:16 **** Auto Build of configuration Debug for project Cora-Z7-07S-XADC ****
make pre-build main-build 
a9-linaro-pre-build-step
' '
'Building file: ../src/main.c'
'Invoking: ARM v7 gcc compiler'
arm-none-eabi-gcc -Wall -O0 -g3 -c -fmessage-length=0 -MT"src/main.o" -mcpu=cortex-a9 -mfpu=vfpv3 -mfloat-abi=hard -I../../Cora-Z7-07S-XADC_bsp/ps7_cortexa9_0/include -MMD -MP -MF"src/main.d" -MT"src/main.o" -o "src/main.o" "../src/main.c"
../src/main.c:193:1: warning: data definition has no type or storage class
 BaseAddress = XPAR_MYLCD_0_S00_AXI_BASEADDR;
 ^~~~~~~~~~~
../src/main.c:193:1: warning: type defaults to 'int' in declaration of 'BaseAddress' [-Wimplicit-int]
../src/main.c: In function 'main':
../src/main.c:234:6: warning: variable 'Status_PMOD_LEDs' set but not used [-Wunused-but-set-variable]
  int Status_PMOD_LEDs;
      ^~~~~~~~~~~~~~~~
../src/main.c: In function 'GpioIntrExample':
../src/main.c:349:6: warning: variable 'delay' set but not used [-Wunused-but-set-variable]
  u32 delay;
      ^~~~~
'Finished building: ../src/main.c'
' '
'Building target: Cora-Z7-07S-XADC.elf'
'Invoking: ARM v7 gcc linker'
arm-none-eabi-gcc -mcpu=cortex-a9 -mfpu=vfpv3 -mfloat-abi=hard -Wl,-build-id=none -specs=Xilinx.spec -Wl,-T -Wl,../src/lscript.ld -L../../Cora-Z7-07S-XADC_bsp/ps7_cortexa9_0/lib -o "Cora-Z7-07S-XADC.elf"  ./src/main.o ./src/platform.o   -Wl,--start-group,-lxil,-lgcc,-lc,--end-group
'Finished building target: Cora-Z7-07S-XADC.elf'
' '
'Invoking: ARM v7 Print Size'
arm-none-eabi-size Cora-Z7-07S-XADC.elf  |tee "Cora-Z7-07S-XADC.elf.size"
   text	   data	    bss	    dec	    hex	filename
  80140	   3440	  23472	 107052	  1a22c	Cora-Z7-07S-XADC.elf
'Finished building: Cora-Z7-07S-XADC.elf.size'
' '
09:08:20 **** Incremental Build of configuration Debug for project Cora-Z7-07S-XADC_bsp_xtmrctr_pwm_example_1 ****
make pre-build main-build 
a9-linaro-pre-build-step
' '
make: Nothing to be done for 'main-build'.
09:08:50 **** Auto Build of configuration Debug for project Cora-Z7-07S-XADC ****
make pre-build main-build 
a9-linaro-pre-build-step
' '
'Building file: ../src/main.c'
'Invoking: ARM v7 gcc compiler'
arm-none-eabi-gcc -Wall -O0 -g3 -c -fmessage-length=0 -MT"src/main.o" -mcpu=cortex-a9 -mfpu=vfpv3 -mfloat-abi=hard -I../../Cora-Z7-07S-XADC_bsp/ps7_cortexa9_0/include -MMD -MP -MF"src/main.d" -MT"src/main.o" -o "src/main.o" "../src/main.c"
../src/main.c:193:1: warning: data definition has no type or storage class
 BaseAddress = XPAR_MYLCD_0_S00_AXI_BASEADDR;
 ^~~~~~~~~~~
../src/main.c:193:1: warning: type defaults to 'int' in declaration of 'BaseAddress' [-Wimplicit-int]
../src/main.c: In function 'main':
../src/main.c:234:6: warning: variable 'Status_PMOD_LEDs' set but not used [-Wunused-but-set-variable]
  int Status_PMOD_LEDs;
      ^~~~~~~~~~~~~~~~
../src/main.c: In function 'TmrCtrPwmExample':
../src/main.c:260:2: warning: implicit declaration of function 'xil_print'; did you mean 'xil_printf'? [-Wimplicit-function-declaration]
  xil_print("here");
  ^~~~~~~~~
  xil_printf
../src/main.c: In function 'GpioIntrExample':
../src/main.c:350:6: warning: variable 'delay' set but not used [-Wunused-but-set-variable]
  u32 delay;
      ^~~~~
'Finished building: ../src/main.c'
' '
'Building target: Cora-Z7-07S-XADC.elf'
'Invoking: ARM v7 gcc linker'
arm-none-eabi-gcc -mcpu=cortex-a9 -mfpu=vfpv3 -mfloat-abi=hard -Wl,-build-id=none -specs=Xilinx.spec -Wl,-T -Wl,../src/lscript.ld -L../../Cora-Z7-07S-XADC_bsp/ps7_cortexa9_0/lib -o "Cora-Z7-07S-XADC.elf"  ./src/main.o ./src/platform.o   -Wl,--start-group,-lxil,-lgcc,-lc,--end-group
c:/xilinx/sdk/2019.1/gnu/aarch32/nt/gcc-arm-none-eabi/bin/../lib/gcc/arm-none-eabi/8.2.0/../../../../arm-none-eabi/bin/ld.exe: ./src/main.o: in function `TmrCtrPwmExample':
C:\Temp\EE316\p5\xadc_example\EE316-Project-5\Cora-Z7-07S-XADC-2018.2-1\vivado_proj\Cora-Z7-07S-XADC.sdk\Cora-Z7-07S-XADC\Debug/../src/main.c:260: undefined reference to `xil_print'
collect2.exe: error: ld returned 1 exit status
make: *** [makefile:41: Cora-Z7-07S-XADC.elf] Error 1
09:08:57 **** Auto Build of configuration Debug for project Cora-Z7-07S-XADC ****
make pre-build main-build 
a9-linaro-pre-build-step
' '
'Building file: ../src/main.c'
'Invoking: ARM v7 gcc compiler'
arm-none-eabi-gcc -Wall -O0 -g3 -c -fmessage-length=0 -MT"src/main.o" -mcpu=cortex-a9 -mfpu=vfpv3 -mfloat-abi=hard -I../../Cora-Z7-07S-XADC_bsp/ps7_cortexa9_0/include -MMD -MP -MF"src/main.d" -MT"src/main.o" -o "src/main.o" "../src/main.c"
../src/main.c:193:1: warning: data definition has no type or storage class
 BaseAddress = XPAR_MYLCD_0_S00_AXI_BASEADDR;
 ^~~~~~~~~~~
../src/main.c:193:1: warning: type defaults to 'int' in declaration of 'BaseAddress' [-Wimplicit-int]
../src/main.c: In function 'main':
../src/main.c:234:6: warning: variable 'Status_PMOD_LEDs' set but not used [-Wunused-but-set-variable]
  int Status_PMOD_LEDs;
      ^~~~~~~~~~~~~~~~
../src/main.c: In function 'GpioIntrExample':
../src/main.c:350:6: warning: variable 'delay' set but not used [-Wunused-but-set-variable]
  u32 delay;
      ^~~~~
'Finished building: ../src/main.c'
' '
'Building target: Cora-Z7-07S-XADC.elf'
'Invoking: ARM v7 gcc linker'
arm-none-eabi-gcc -mcpu=cortex-a9 -mfpu=vfpv3 -mfloat-abi=hard -Wl,-build-id=none -specs=Xilinx.spec -Wl,-T -Wl,../src/lscript.ld -L../../Cora-Z7-07S-XADC_bsp/ps7_cortexa9_0/lib -o "Cora-Z7-07S-XADC.elf"  ./src/main.o ./src/platform.o   -Wl,--start-group,-lxil,-lgcc,-lc,--end-group
'Finished building target: Cora-Z7-07S-XADC.elf'
' '
'Invoking: ARM v7 Print Size'
arm-none-eabi-size Cora-Z7-07S-XADC.elf  |tee "Cora-Z7-07S-XADC.elf.size"
   text	   data	    bss	    dec	    hex	filename
  80212	   3440	  23472	 107124	  1a274	Cora-Z7-07S-XADC.elf
'Finished building: Cora-Z7-07S-XADC.elf.size'
' '
09:09:01 **** Incremental Build of configuration Debug for project Cora-Z7-07S-XADC_bsp_xtmrctr_pwm_example_1 ****
make pre-build main-build 
a9-linaro-pre-build-step
' '
make: Nothing to be done for 'main-build'.
09:09:31 **** Auto Build of configuration Debug for project Cora-Z7-07S-XADC ****
make pre-build main-build 
a9-linaro-pre-build-step
' '
'Building file: ../src/main.c'
'Invoking: ARM v7 gcc compiler'
arm-none-eabi-gcc -Wall -O0 -g3 -c -fmessage-length=0 -MT"src/main.o" -mcpu=cortex-a9 -mfpu=vfpv3 -mfloat-abi=hard -I../../Cora-Z7-07S-XADC_bsp/ps7_cortexa9_0/include -MMD -MP -MF"src/main.d" -MT"src/main.o" -o "src/main.o" "../src/main.c"
../src/main.c:193:1: warning: data definition has no type or storage class
 BaseAddress = XPAR_MYLCD_0_S00_AXI_BASEADDR;
 ^~~~~~~~~~~
../src/main.c:193:1: warning: type defaults to 'int' in declaration of 'BaseAddress' [-Wimplicit-int]
../src/main.c: In function 'main':
../src/main.c:234:6: warning: variable 'Status_PMOD_LEDs' set but not used [-Wunused-but-set-variable]
  int Status_PMOD_LEDs;
      ^~~~~~~~~~~~~~~~
../src/main.c: In function 'GpioIntrExample':
../src/main.c:349:6: warning: variable 'delay' set but not used [-Wunused-but-set-variable]
  u32 delay;
      ^~~~~
'Finished building: ../src/main.c'
' '
'Building target: Cora-Z7-07S-XADC.elf'
'Invoking: ARM v7 gcc linker'
arm-none-eabi-gcc -mcpu=cortex-a9 -mfpu=vfpv3 -mfloat-abi=hard -Wl,-build-id=none -specs=Xilinx.spec -Wl,-T -Wl,../src/lscript.ld -L../../Cora-Z7-07S-XADC_bsp/ps7_cortexa9_0/lib -o "Cora-Z7-07S-XADC.elf"  ./src/main.o ./src/platform.o   -Wl,--start-group,-lxil,-lgcc,-lc,--end-group
'Finished building target: Cora-Z7-07S-XADC.elf'
' '
'Invoking: ARM v7 Print Size'
arm-none-eabi-size Cora-Z7-07S-XADC.elf  |tee "Cora-Z7-07S-XADC.elf.size"
   text	   data	    bss	    dec	    hex	filename
  80140	   3440	  23472	 107052	  1a22c	Cora-Z7-07S-XADC.elf
'Finished building: Cora-Z7-07S-XADC.elf.size'
' '
09:09:45 **** Incremental Build of configuration Debug for project Cora-Z7-07S-XADC_bsp_xtmrctr_pwm_example_1 ****
make pre-build main-build 
a9-linaro-pre-build-step
' '
make: Nothing to be done for 'main-build'.
09:10:24 **** Incremental Build of configuration Debug for project Cora-Z7-07S-XADC_bsp_xtmrctr_pwm_example_1 ****
make pre-build main-build 
a9-linaro-pre-build-step
' '
make: Nothing to be done for 'main-build'.
09:10:35 **** Incremental Build of configuration Debug for project Cora-Z7-07S-XADC_bsp_xtmrctr_pwm_example_1 ****
make pre-build main-build 
a9-linaro-pre-build-step
' '
make: Nothing to be done for 'main-build'.
