14:55:08 **** Auto Build of configuration Debug for project Cora_Z7_07S_XADC ****
make pre-build main-build 
a9-linaro-pre-build-step
' '
'Building file: ../src/main.c'
'Invoking: ARM v7 gcc compiler'
arm-none-eabi-gcc -Wall -O0 -g3 -c -fmessage-length=0 -MT"src/main.o" -mcpu=cortex-a9 -mfpu=vfpv3 -mfloat-abi=hard -I../../Cora_Z7_07S_XADC_bsp/ps7_cortexa9_0/include -MMD -MP -MF"src/main.d" -MT"src/main.o" -o "src/main.o" "../src/main.c"
'Finished building: ../src/main.c'
' '
'Building target: Cora_Z7_07S_XADC.elf'
'Invoking: ARM v7 gcc linker'
arm-none-eabi-gcc -mcpu=cortex-a9 -mfpu=vfpv3 -mfloat-abi=hard -Wl,-build-id=none -specs=Xilinx.spec -Wl,-T -Wl,../src/lscript.ld -L../../Cora_Z7_07S_XADC_bsp/ps7_cortexa9_0/lib -o "Cora_Z7_07S_XADC.elf"  ./src/debounce.o ./src/main.o ./src/xgpio_intr_tapp_example.o   -Wl,--start-group,-lxil,-lgcc,-lc,--end-group
'Finished building target: Cora_Z7_07S_XADC.elf'
' '
'Invoking: ARM v7 Print Size'
arm-none-eabi-size Cora_Z7_07S_XADC.elf  |tee "Cora_Z7_07S_XADC.elf.size"
   text	   data	    bss	    dec	    hex	filename
  52276	   3392	  23384	  79052	  134cc	Cora_Z7_07S_XADC.elf
'Finished building: Cora_Z7_07S_XADC.elf.size'
' '

14:55:09 Build Finished (took 935ms)

