14:55:09 **** Auto Build of configuration Debug for project Cora_Z7_07S_XADC_bsp_xgpio_intr_tapp_example_2 ****
make pre-build main-build 
a9-linaro-pre-build-step
' '
'Building file: ../src/xgpio_intr_tapp_example.c'
'Invoking: ARM v7 gcc compiler'
arm-none-eabi-gcc -Wall -O0 -g3 -c -fmessage-length=0 -MT"src/xgpio_intr_tapp_example.o" -mcpu=cortex-a9 -mfpu=vfpv3 -mfloat-abi=hard -I../../Cora_Z7_07S_XADC_bsp/ps7_cortexa9_0/include -MMD -MP -MF"src/xgpio_intr_tapp_example.d" -MT"src/xgpio_intr_tapp_example.o" -o "src/xgpio_intr_tapp_example.o" "../src/xgpio_intr_tapp_example.c"
../src/xgpio_intr_tapp_example.c: In function 'GpioIntrExample':
../src/xgpio_intr_tapp_example.c:295:6: warning: variable 'delay' set but not used [-Wunused-but-set-variable]
  u32 delay;
      ^~~~~
'Finished building: ../src/xgpio_intr_tapp_example.c'
' '
'Building target: Cora_Z7_07S_XADC_bsp_xgpio_intr_tapp_example_2.elf'
'Invoking: ARM v7 gcc linker'
arm-none-eabi-gcc -mcpu=cortex-a9 -mfpu=vfpv3 -mfloat-abi=hard -Wl,-build-id=none -specs=Xilinx.spec -Wl,-T -Wl,../src/lscript.ld -L../../Cora_Z7_07S_XADC_bsp/ps7_cortexa9_0/lib -o "Cora_Z7_07S_XADC_bsp_xgpio_intr_tapp_example_2.elf"  ./src/debounce.o ./src/xgpio_intr_tapp_example.o   -Wl,--start-group,-lxil,-lgcc,-lc,--end-group
'Finished building target: Cora_Z7_07S_XADC_bsp_xgpio_intr_tapp_example_2.elf'
' '
'Invoking: ARM v7 Print Size'
arm-none-eabi-size Cora_Z7_07S_XADC_bsp_xgpio_intr_tapp_example_2.elf  |tee "Cora_Z7_07S_XADC_bsp_xgpio_intr_tapp_example_2.elf.size"
   text	   data	    bss	    dec	    hex	filename
  43860	   2360	  23352	  69572	  10fc4	Cora_Z7_07S_XADC_bsp_xgpio_intr_tapp_example_2.elf
'Finished building: Cora_Z7_07S_XADC_bsp_xgpio_intr_tapp_example_2.elf.size'
' '

14:55:10 Build Finished (took 1s.63ms)

