13:31:36 **** Build of project Cora_Z7_07S_XADC_bsp ****
make -k all 
"Running Make include in ps7_cortexa9_0/libsrc/coresightps_dcc_v1_5/src"
make -C ps7_cortexa9_0/libsrc/coresightps_dcc_v1_5/src -s include  "SHELL=CMD" "COMPILER=arm-none-eabi-gcc" "ARCHIVER=arm-none-eabi-ar" "COMPILER_FLAGS=  -O2 -c" "EXTRA_COMPILER_FLAGS=-mcpu=cortex-a9 -mfpu=vfpv3 -mfloat-abi=hard -nostartfiles -g -Wall -Wextra"
"Running Make include in ps7_cortexa9_0/libsrc/cpu_cortexa9_v2_7/src"
make -C ps7_cortexa9_0/libsrc/cpu_cortexa9_v2_7/src -s include  "SHELL=CMD" "COMPILER=arm-none-eabi-gcc" "ARCHIVER=arm-none-eabi-ar" "COMPILER_FLAGS=  -O2 -c" "EXTRA_COMPILER_FLAGS=-mcpu=cortex-a9 -mfpu=vfpv3 -mfloat-abi=hard -nostartfiles -g -Wall -Wextra"
"Running Make include in ps7_cortexa9_0/libsrc/ddrps_v1_0/src"
make -C ps7_cortexa9_0/libsrc/ddrps_v1_0/src -s include  "SHELL=CMD" "COMPILER=arm-none-eabi-gcc" "ARCHIVER=arm-none-eabi-ar" "COMPILER_FLAGS=  -O2 -c" "EXTRA_COMPILER_FLAGS=-mcpu=cortex-a9 -mfpu=vfpv3 -mfloat-abi=hard -nostartfiles -g -Wall -Wextra"
"Running Make include in ps7_cortexa9_0/libsrc/devcfg_v3_5/src"
make -C ps7_cortexa9_0/libsrc/devcfg_v3_5/src -s include  "SHELL=CMD" "COMPILER=arm-none-eabi-gcc" "ARCHIVER=arm-none-eabi-ar" "COMPILER_FLAGS=  -O2 -c" "EXTRA_COMPILER_FLAGS=-mcpu=cortex-a9 -mfpu=vfpv3 -mfloat-abi=hard -nostartfiles -g -Wall -Wextra"
"Running Make include in ps7_cortexa9_0/libsrc/dmaps_v2_4/src"
make -C ps7_cortexa9_0/libsrc/dmaps_v2_4/src -s include  "SHELL=CMD" "COMPILER=arm-none-eabi-gcc" "ARCHIVER=arm-none-eabi-ar" "COMPILER_FLAGS=  -O2 -c" "EXTRA_COMPILER_FLAGS=-mcpu=cortex-a9 -mfpu=vfpv3 -mfloat-abi=hard -nostartfiles -g -Wall -Wextra"
"Running Make include in ps7_cortexa9_0/libsrc/emacps_v3_9/src"
make -C ps7_cortexa9_0/libsrc/emacps_v3_9/src -s include  "SHELL=CMD" "COMPILER=arm-none-eabi-gcc" "ARCHIVER=arm-none-eabi-ar" "COMPILER_FLAGS=  -O2 -c" "EXTRA_COMPILER_FLAGS=-mcpu=cortex-a9 -mfpu=vfpv3 -mfloat-abi=hard -nostartfiles -g -Wall -Wextra"
"Running Make include in ps7_cortexa9_0/libsrc/gpiops_v3_5/src"
make -C ps7_cortexa9_0/libsrc/gpiops_v3_5/src -s include  "SHELL=CMD" "COMPILER=arm-none-eabi-gcc" "ARCHIVER=arm-none-eabi-ar" "COMPILER_FLAGS=  -O2 -c" "EXTRA_COMPILER_FLAGS=-mcpu=cortex-a9 -mfpu=vfpv3 -mfloat-abi=hard -nostartfiles -g -Wall -Wextra"
"Running Make include in ps7_cortexa9_0/libsrc/gpio_v4_4/src"
make -C ps7_cortexa9_0/libsrc/gpio_v4_4/src -s include  "SHELL=CMD" "COMPILER=arm-none-eabi-gcc" "ARCHIVER=arm-none-eabi-ar" "COMPILER_FLAGS=  -O2 -c" "EXTRA_COMPILER_FLAGS=-mcpu=cortex-a9 -mfpu=vfpv3 -mfloat-abi=hard -nostartfiles -g -Wall -Wextra"
"Running Make include in ps7_cortexa9_0/libsrc/PWM_v1_0/src"
make -C ps7_cortexa9_0/libsrc/PWM_v1_0/src -s include  "SHELL=CMD" "COMPILER=arm-none-eabi-gcc" "ARCHIVER=arm-none-eabi-ar" "COMPILER_FLAGS=  -O2 -c" "EXTRA_COMPILER_FLAGS=-mcpu=cortex-a9 -mfpu=vfpv3 -mfloat-abi=hard -nostartfiles -g -Wall -Wextra"
"Running Make include in ps7_cortexa9_0/libsrc/scugic_v4_0/src"
make -C ps7_cortexa9_0/libsrc/scugic_v4_0/src -s include  "SHELL=CMD" "COMPILER=arm-none-eabi-gcc" "ARCHIVER=arm-none-eabi-ar" "COMPILER_FLAGS=  -O2 -c" "EXTRA_COMPILER_FLAGS=-mcpu=cortex-a9 -mfpu=vfpv3 -mfloat-abi=hard -nostartfiles -g -Wall -Wextra"
"Running Make include in ps7_cortexa9_0/libsrc/scutimer_v2_1/src"
make -C ps7_cortexa9_0/libsrc/scutimer_v2_1/src -s include  "SHELL=CMD" "COMPILER=arm-none-eabi-gcc" "ARCHIVER=arm-none-eabi-ar" "COMPILER_FLAGS=  -O2 -c" "EXTRA_COMPILER_FLAGS=-mcpu=cortex-a9 -mfpu=vfpv3 -mfloat-abi=hard -nostartfiles -g -Wall -Wextra"
"Running Make include in ps7_cortexa9_0/libsrc/scuwdt_v2_1/src"
make -C ps7_cortexa9_0/libsrc/scuwdt_v2_1/src -s include  "SHELL=CMD" "COMPILER=arm-none-eabi-gcc" "ARCHIVER=arm-none-eabi-ar" "COMPILER_FLAGS=  -O2 -c" "EXTRA_COMPILER_FLAGS=-mcpu=cortex-a9 -mfpu=vfpv3 -mfloat-abi=hard -nostartfiles -g -Wall -Wextra"
"Running Make include in ps7_cortexa9_0/libsrc/sdps_v3_7/src"
make -C ps7_cortexa9_0/libsrc/sdps_v3_7/src -s include  "SHELL=CMD" "COMPILER=arm-none-eabi-gcc" "ARCHIVER=arm-none-eabi-ar" "COMPILER_FLAGS=  -O2 -c" "EXTRA_COMPILER_FLAGS=-mcpu=cortex-a9 -mfpu=vfpv3 -mfloat-abi=hard -nostartfiles -g -Wall -Wextra"
"Running Make include in ps7_cortexa9_0/libsrc/standalone_v7_0/src"
make -C ps7_cortexa9_0/libsrc/standalone_v7_0/src -s include  "SHELL=CMD" "COMPILER=arm-none-eabi-gcc" "ARCHIVER=arm-none-eabi-ar" "COMPILER_FLAGS=  -O2 -c" "EXTRA_COMPILER_FLAGS=-mcpu=cortex-a9 -mfpu=vfpv3 -mfloat-abi=hard -nostartfiles -g -Wall -Wextra"
"Running Make include in ps7_cortexa9_0/libsrc/sysmon_v7_5/src"
make -C ps7_cortexa9_0/libsrc/sysmon_v7_5/src -s include  "SHELL=CMD" "COMPILER=arm-none-eabi-gcc" "ARCHIVER=arm-none-eabi-ar" "COMPILER_FLAGS=  -O2 -c" "EXTRA_COMPILER_FLAGS=-mcpu=cortex-a9 -mfpu=vfpv3 -mfloat-abi=hard -nostartfiles -g -Wall -Wextra"
"Running Make include in ps7_cortexa9_0/libsrc/uartps_v3_7/src"
make -C ps7_cortexa9_0/libsrc/uartps_v3_7/src -s include  "SHELL=CMD" "COMPILER=arm-none-eabi-gcc" "ARCHIVER=arm-none-eabi-ar" "COMPILER_FLAGS=  -O2 -c" "EXTRA_COMPILER_FLAGS=-mcpu=cortex-a9 -mfpu=vfpv3 -mfloat-abi=hard -nostartfiles -g -Wall -Wextra"
"Running Make include in ps7_cortexa9_0/libsrc/usbps_v2_4/src"
make -C ps7_cortexa9_0/libsrc/usbps_v2_4/src -s include  "SHELL=CMD" "COMPILER=arm-none-eabi-gcc" "ARCHIVER=arm-none-eabi-ar" "COMPILER_FLAGS=  -O2 -c" "EXTRA_COMPILER_FLAGS=-mcpu=cortex-a9 -mfpu=vfpv3 -mfloat-abi=hard -nostartfiles -g -Wall -Wextra"
"Running Make include in ps7_cortexa9_0/libsrc/xadcps_v2_3/src"
make -C ps7_cortexa9_0/libsrc/xadcps_v2_3/src -s include  "SHELL=CMD" "COMPILER=arm-none-eabi-gcc" "ARCHIVER=arm-none-eabi-ar" "COMPILER_FLAGS=  -O2 -c" "EXTRA_COMPILER_FLAGS=-mcpu=cortex-a9 -mfpu=vfpv3 -mfloat-abi=hard -nostartfiles -g -Wall -Wextra"
"Running Make libs in ps7_cortexa9_0/libsrc/coresightps_dcc_v1_5/src"
make -C ps7_cortexa9_0/libsrc/coresightps_dcc_v1_5/src -s libs  "SHELL=CMD" "COMPILER=arm-none-eabi-gcc" "ARCHIVER=arm-none-eabi-ar" "COMPILER_FLAGS=  -O2 -c" "EXTRA_COMPILER_FLAGS=-mcpu=cortex-a9 -mfpu=vfpv3 -mfloat-abi=hard -nostartfiles -g -Wall -Wextra"
"Compiling coresightps_dcc"
arm-none-eabi-ar: creating ../../../lib/libxil.a
"Running Make libs in ps7_cortexa9_0/libsrc/cpu_cortexa9_v2_7/src"
make -C ps7_cortexa9_0/libsrc/cpu_cortexa9_v2_7/src -s libs  "SHELL=CMD" "COMPILER=arm-none-eabi-gcc" "ARCHIVER=arm-none-eabi-ar" "COMPILER_FLAGS=  -O2 -c" "EXTRA_COMPILER_FLAGS=-mcpu=cortex-a9 -mfpu=vfpv3 -mfloat-abi=hard -nostartfiles -g -Wall -Wextra"
"Compiling cpu_cortexa9"
"Running Make libs in ps7_cortexa9_0/libsrc/ddrps_v1_0/src"
make -C ps7_cortexa9_0/libsrc/ddrps_v1_0/src -s libs  "SHELL=CMD" "COMPILER=arm-none-eabi-gcc" "ARCHIVER=arm-none-eabi-ar" "COMPILER_FLAGS=  -O2 -c" "EXTRA_COMPILER_FLAGS=-mcpu=cortex-a9 -mfpu=vfpv3 -mfloat-abi=hard -nostartfiles -g -Wall -Wextra"
"Compiling ddrps"
"Running Make libs in ps7_cortexa9_0/libsrc/devcfg_v3_5/src"
make -C ps7_cortexa9_0/libsrc/devcfg_v3_5/src -s libs  "SHELL=CMD" "COMPILER=arm-none-eabi-gcc" "ARCHIVER=arm-none-eabi-ar" "COMPILER_FLAGS=  -O2 -c" "EXTRA_COMPILER_FLAGS=-mcpu=cortex-a9 -mfpu=vfpv3 -mfloat-abi=hard -nostartfiles -g -Wall -Wextra"
"Compiling devcfg"
"Running Make libs in ps7_cortexa9_0/libsrc/dmaps_v2_4/src"
make -C ps7_cortexa9_0/libsrc/dmaps_v2_4/src -s libs  "SHELL=CMD" "COMPILER=arm-none-eabi-gcc" "ARCHIVER=arm-none-eabi-ar" "COMPILER_FLAGS=  -O2 -c" "EXTRA_COMPILER_FLAGS=-mcpu=cortex-a9 -mfpu=vfpv3 -mfloat-abi=hard -nostartfiles -g -Wall -Wextra"
"Compiling dmaps"
"Running Make libs in ps7_cortexa9_0/libsrc/emacps_v3_9/src"
make -C ps7_cortexa9_0/libsrc/emacps_v3_9/src -s libs  "SHELL=CMD" "COMPILER=arm-none-eabi-gcc" "ARCHIVER=arm-none-eabi-ar" "COMPILER_FLAGS=  -O2 -c" "EXTRA_COMPILER_FLAGS=-mcpu=cortex-a9 -mfpu=vfpv3 -mfloat-abi=hard -nostartfiles -g -Wall -Wextra"
"Compiling emacps"
"Running Make libs in ps7_cortexa9_0/libsrc/gpiops_v3_5/src"
make -C ps7_cortexa9_0/libsrc/gpiops_v3_5/src -s libs  "SHELL=CMD" "COMPILER=arm-none-eabi-gcc" "ARCHIVER=arm-none-eabi-ar" "COMPILER_FLAGS=  -O2 -c" "EXTRA_COMPILER_FLAGS=-mcpu=cortex-a9 -mfpu=vfpv3 -mfloat-abi=hard -nostartfiles -g -Wall -Wextra"
"Compiling gpiops"
"Running Make libs in ps7_cortexa9_0/libsrc/gpio_v4_4/src"
make -C ps7_cortexa9_0/libsrc/gpio_v4_4/src -s libs  "SHELL=CMD" "COMPILER=arm-none-eabi-gcc" "ARCHIVER=arm-none-eabi-ar" "COMPILER_FLAGS=  -O2 -c" "EXTRA_COMPILER_FLAGS=-mcpu=cortex-a9 -mfpu=vfpv3 -mfloat-abi=hard -nostartfiles -g -Wall -Wextra"
"Compiling gpio"
"Running Make libs in ps7_cortexa9_0/libsrc/PWM_v1_0/src"
make -C ps7_cortexa9_0/libsrc/PWM_v1_0/src -s libs  "SHELL=CMD" "COMPILER=arm-none-eabi-gcc" "ARCHIVER=arm-none-eabi-ar" "COMPILER_FLAGS=  -O2 -c" "EXTRA_COMPILER_FLAGS=-mcpu=cortex-a9 -mfpu=vfpv3 -mfloat-abi=hard -nostartfiles -g -Wall -Wextra"
"Compiling PWM..."
PWM_selftest.c: In function 'PWM_Reg_SelfTest':
PWM_selftest.c:52:52: warning: comparison of integer expressions of different signedness: 'u32' {aka 'long unsigned int'} and 'int' [-Wsign-compare]
    if ( PWM_mReadReg (baseaddr, read_loop_index*4) != (read_loop_index+1)*READ_WRITE_MUL_FACTOR){
                                                    ^~
PWM_selftest.c:36:6: warning: unused variable 'Index' [-Wunused-variable]
  int Index;
      ^~~~~
"Running Make libs in ps7_cortexa9_0/libsrc/scugic_v4_0/src"
make -C ps7_cortexa9_0/libsrc/scugic_v4_0/src -s libs  "SHELL=CMD" "COMPILER=arm-none-eabi-gcc" "ARCHIVER=arm-none-eabi-ar" "COMPILER_FLAGS=  -O2 -c" "EXTRA_COMPILER_FLAGS=-mcpu=cortex-a9 -mfpu=vfpv3 -mfloat-abi=hard -nostartfiles -g -Wall -Wextra"
"Compiling scugic"
"Running Make libs in ps7_cortexa9_0/libsrc/scutimer_v2_1/src"
make -C ps7_cortexa9_0/libsrc/scutimer_v2_1/src -s libs  "SHELL=CMD" "COMPILER=arm-none-eabi-gcc" "ARCHIVER=arm-none-eabi-ar" "COMPILER_FLAGS=  -O2 -c" "EXTRA_COMPILER_FLAGS=-mcpu=cortex-a9 -mfpu=vfpv3 -mfloat-abi=hard -nostartfiles -g -Wall -Wextra"
"Compiling scutimer"
"Running Make libs in ps7_cortexa9_0/libsrc/scuwdt_v2_1/src"
make -C ps7_cortexa9_0/libsrc/scuwdt_v2_1/src -s libs  "SHELL=CMD" "COMPILER=arm-none-eabi-gcc" "ARCHIVER=arm-none-eabi-ar" "COMPILER_FLAGS=  -O2 -c" "EXTRA_COMPILER_FLAGS=-mcpu=cortex-a9 -mfpu=vfpv3 -mfloat-abi=hard -nostartfiles -g -Wall -Wextra"
"Compiling scuwdt"
"Running Make libs in ps7_cortexa9_0/libsrc/sdps_v3_7/src"
make -C ps7_cortexa9_0/libsrc/sdps_v3_7/src -s libs  "SHELL=CMD" "COMPILER=arm-none-eabi-gcc" "ARCHIVER=arm-none-eabi-ar" "COMPILER_FLAGS=  -O2 -c" "EXTRA_COMPILER_FLAGS=-mcpu=cortex-a9 -mfpu=vfpv3 -mfloat-abi=hard -nostartfiles -g -Wall -Wextra"
"Compiling sdps"
"Running Make libs in ps7_cortexa9_0/libsrc/standalone_v7_0/src"
make -C ps7_cortexa9_0/libsrc/standalone_v7_0/src -s libs  "SHELL=CMD" "COMPILER=arm-none-eabi-gcc" "ARCHIVER=arm-none-eabi-ar" "COMPILER_FLAGS=  -O2 -c" "EXTRA_COMPILER_FLAGS=-mcpu=cortex-a9 -mfpu=vfpv3 -mfloat-abi=hard -nostartfiles -g -Wall -Wextra"
"Compiling standalone"
In file included from usleep.c:56:
xtime_l.h:87:9: note: #pragma message: For the sleep routines, Global timer is being used
 #pragma message ("For the sleep routines, Global timer is being used")
         ^~~~~~~
In file included from xil_sleeptimer.c:51:
xtime_l.h:87:9: note: #pragma message: For the sleep routines, Global timer is being used
 #pragma message ("For the sleep routines, Global timer is being used")
         ^~~~~~~
In file included from xtime_l.c:49:
xtime_l.h:87:9: note: #pragma message: For the sleep routines, Global timer is being used
 #pragma message ("For the sleep routines, Global timer is being used")
         ^~~~~~~
In file included from sleep.c:53:
xtime_l.h:87:9: note: #pragma message: For the sleep routines, Global timer is being used
 #pragma message ("For the sleep routines, Global timer is being used")
         ^~~~~~~
"Running Make libs in ps7_cortexa9_0/libsrc/sysmon_v7_5/src"
make -C ps7_cortexa9_0/libsrc/sysmon_v7_5/src -s libs  "SHELL=CMD" "COMPILER=arm-none-eabi-gcc" "ARCHIVER=arm-none-eabi-ar" "COMPILER_FLAGS=  -O2 -c" "EXTRA_COMPILER_FLAGS=-mcpu=cortex-a9 -mfpu=vfpv3 -mfloat-abi=hard -nostartfiles -g -Wall -Wextra"
"Compiling sysmon"
"Running Make libs in ps7_cortexa9_0/libsrc/uartps_v3_7/src"
make -C ps7_cortexa9_0/libsrc/uartps_v3_7/src -s libs  "SHELL=CMD" "COMPILER=arm-none-eabi-gcc" "ARCHIVER=arm-none-eabi-ar" "COMPILER_FLAGS=  -O2 -c" "EXTRA_COMPILER_FLAGS=-mcpu=cortex-a9 -mfpu=vfpv3 -mfloat-abi=hard -nostartfiles -g -Wall -Wextra"
"Compiling uartps"
"Running Make libs in ps7_cortexa9_0/libsrc/usbps_v2_4/src"
make -C ps7_cortexa9_0/libsrc/usbps_v2_4/src -s libs  "SHELL=CMD" "COMPILER=arm-none-eabi-gcc" "ARCHIVER=arm-none-eabi-ar" "COMPILER_FLAGS=  -O2 -c" "EXTRA_COMPILER_FLAGS=-mcpu=cortex-a9 -mfpu=vfpv3 -mfloat-abi=hard -nostartfiles -g -Wall -Wextra"
"Compiling usbps"
"Running Make libs in ps7_cortexa9_0/libsrc/xadcps_v2_3/src"
make -C ps7_cortexa9_0/libsrc/xadcps_v2_3/src -s libs  "SHELL=CMD" "COMPILER=arm-none-eabi-gcc" "ARCHIVER=arm-none-eabi-ar" "COMPILER_FLAGS=  -O2 -c" "EXTRA_COMPILER_FLAGS=-mcpu=cortex-a9 -mfpu=vfpv3 -mfloat-abi=hard -nostartfiles -g -Wall -Wextra"
"Compiling xadcps"
'Finished building libraries'

**** Build of configuration Debug for project Cora_Z7_07S_XADC ****

Nothing to build for project Cora_Z7_07S_XADC
13:34:56 **** Auto Build of configuration Debug for project Cora_Z7_07S_XADC ****
make pre-build main-build 
a9-linaro-pre-build-step
' '
'Building file: ../src/debounce.c'
'Invoking: ARM v7 gcc compiler'
arm-none-eabi-gcc -Wall -O0 -g3 -c -fmessage-length=0 -MT"src/debounce.o" -mcpu=cortex-a9 -mfpu=vfpv3 -mfloat-abi=hard -I../../Cora_Z7_07S_XADC_bsp/ps7_cortexa9_0/include -MMD -MP -MF"src/debounce.d" -MT"src/debounce.o" -o "src/debounce.o" "../src/debounce.c"
'Finished building: ../src/debounce.c'
' '
'Building file: ../src/main.c'
'Invoking: ARM v7 gcc compiler'
arm-none-eabi-gcc -Wall -O0 -g3 -c -fmessage-length=0 -MT"src/main.o" -mcpu=cortex-a9 -mfpu=vfpv3 -mfloat-abi=hard -I../../Cora_Z7_07S_XADC_bsp/ps7_cortexa9_0/include -MMD -MP -MF"src/main.d" -MT"src/main.o" -o "src/main.o" "../src/main.c"
'Finished building: ../src/main.c'
' '
'Building target: Cora_Z7_07S_XADC.elf'
'Invoking: ARM v7 gcc linker'
arm-none-eabi-gcc -mcpu=cortex-a9 -mfpu=vfpv3 -mfloat-abi=hard -Wl,-build-id=none -specs=Xilinx.spec -Wl,-T -Wl,../src/lscript.ld -L../../Cora_Z7_07S_XADC_bsp/ps7_cortexa9_0/lib -o "Cora_Z7_07S_XADC.elf"  ./src/debounce.o ./src/main.o   -Wl,--start-group,-lxil,-lgcc,-lc,--end-group
'Finished building target: Cora_Z7_07S_XADC.elf'
' '
'Invoking: ARM v7 Print Size'
arm-none-eabi-size Cora_Z7_07S_XADC.elf  |tee "Cora_Z7_07S_XADC.elf.size"
   text	   data	    bss	    dec	    hex	filename
  66636	   2744	  23328	  92708	  16a24	Cora_Z7_07S_XADC.elf
'Finished building: Cora_Z7_07S_XADC.elf.size'
' '
13:40:09 **** Incremental Build of configuration Debug for project Cora_Z7_07S_XADC ****
make pre-build main-build 
a9-linaro-pre-build-step
' '
make: Nothing to be done for 'main-build'.
13:47:13 **** Build of configuration Debug for project Cora_Z7_07S_XADC_bsp_xgpio_intr_tapp_example_1 ****
make pre-build main-build 
a9-linaro-pre-build-step
' '
'Building file: ../src/xgpio_intr_tapp_example.c'
'Invoking: ARM v7 gcc compiler'
arm-none-eabi-gcc -Wall -O0 -g3 -c -fmessage-length=0 -MT"src/xgpio_intr_tapp_example.o" -mcpu=cortex-a9 -mfpu=vfpv3 -mfloat-abi=hard -I../../Cora_Z7_07S_XADC_bsp/ps7_cortexa9_0/include -MMD -MP -MF"src/xgpio_intr_tapp_example.d" -MT"src/xgpio_intr_tapp_example.o" -o "src/xgpio_intr_tapp_example.o" "../src/xgpio_intr_tapp_example.c"
'Finished building: ../src/xgpio_intr_tapp_example.c'
' '
'Building target: Cora_Z7_07S_XADC_bsp_xgpio_intr_tapp_example_1.elf'
'Invoking: ARM v7 gcc linker'
arm-none-eabi-gcc -mcpu=cortex-a9 -mfpu=vfpv3 -mfloat-abi=hard -Wl,-build-id=none -specs=Xilinx.spec -Wl,-T -Wl,../src/lscript.ld -L../../Cora_Z7_07S_XADC_bsp/ps7_cortexa9_0/lib -o "Cora_Z7_07S_XADC_bsp_xgpio_intr_tapp_example_1.elf"  ./src/xgpio_intr_tapp_example.o   -Wl,--start-group,-lxil,-lgcc,-lc,--end-group
'Finished building target: Cora_Z7_07S_XADC_bsp_xgpio_intr_tapp_example_1.elf'
' '
'Invoking: ARM v7 Print Size'
arm-none-eabi-size Cora_Z7_07S_XADC_bsp_xgpio_intr_tapp_example_1.elf  |tee "Cora_Z7_07S_XADC_bsp_xgpio_intr_tapp_example_1.elf.size"
   text	   data	    bss	    dec	    hex	filename
  25320	   1936	  22616	  49872	   c2d0	Cora_Z7_07S_XADC_bsp_xgpio_intr_tapp_example_1.elf
'Finished building: Cora_Z7_07S_XADC_bsp_xgpio_intr_tapp_example_1.elf.size'
' '
13:47:29 **** Incremental Build of configuration Debug for project Cora_Z7_07S_XADC_bsp_xgpio_intr_tapp_example_1 ****
make pre-build main-build 
a9-linaro-pre-build-step
' '
make: Nothing to be done for 'main-build'.
13:50:56 **** Auto Build of configuration Debug for project Cora_Z7_07S_XADC_bsp_xgpio_intr_tapp_example_1 ****
make pre-build main-build 
a9-linaro-pre-build-step
' '
'Building file: ../src/xgpio_intr_tapp_example.c'
'Invoking: ARM v7 gcc compiler'
arm-none-eabi-gcc -Wall -O0 -g3 -c -fmessage-length=0 -MT"src/xgpio_intr_tapp_example.o" -mcpu=cortex-a9 -mfpu=vfpv3 -mfloat-abi=hard -I../../Cora_Z7_07S_XADC_bsp/ps7_cortexa9_0/include -MMD -MP -MF"src/xgpio_intr_tapp_example.d" -MT"src/xgpio_intr_tapp_example.o" -o "src/xgpio_intr_tapp_example.o" "../src/xgpio_intr_tapp_example.c"
'Finished building: ../src/xgpio_intr_tapp_example.c'
' '
'Building target: Cora_Z7_07S_XADC_bsp_xgpio_intr_tapp_example_1.elf'
'Invoking: ARM v7 gcc linker'
arm-none-eabi-gcc -mcpu=cortex-a9 -mfpu=vfpv3 -mfloat-abi=hard -Wl,-build-id=none -specs=Xilinx.spec -Wl,-T -Wl,../src/lscript.ld -L../../Cora_Z7_07S_XADC_bsp/ps7_cortexa9_0/lib -o "Cora_Z7_07S_XADC_bsp_xgpio_intr_tapp_example_1.elf"  ./src/xgpio_intr_tapp_example.o   -Wl,--start-group,-lxil,-lgcc,-lc,--end-group
'Finished building target: Cora_Z7_07S_XADC_bsp_xgpio_intr_tapp_example_1.elf'
' '
'Invoking: ARM v7 Print Size'
arm-none-eabi-size Cora_Z7_07S_XADC_bsp_xgpio_intr_tapp_example_1.elf  |tee "Cora_Z7_07S_XADC_bsp_xgpio_intr_tapp_example_1.elf.size"
   text	   data	    bss	    dec	    hex	filename
  25312	   1936	  22616	  49864	   c2c8	Cora_Z7_07S_XADC_bsp_xgpio_intr_tapp_example_1.elf
'Finished building: Cora_Z7_07S_XADC_bsp_xgpio_intr_tapp_example_1.elf.size'
' '
13:52:02 **** Auto Build of configuration Debug for project Cora_Z7_07S_XADC_bsp_xgpio_intr_tapp_example_1 ****
make pre-build main-build 
a9-linaro-pre-build-step
' '
'Building file: ../src/xgpio_intr_tapp_example.c'
'Invoking: ARM v7 gcc compiler'
arm-none-eabi-gcc -Wall -O0 -g3 -c -fmessage-length=0 -MT"src/xgpio_intr_tapp_example.o" -mcpu=cortex-a9 -mfpu=vfpv3 -mfloat-abi=hard -I../../Cora_Z7_07S_XADC_bsp/ps7_cortexa9_0/include -MMD -MP -MF"src/xgpio_intr_tapp_example.d" -MT"src/xgpio_intr_tapp_example.o" -o "src/xgpio_intr_tapp_example.o" "../src/xgpio_intr_tapp_example.c"
'Finished building: ../src/xgpio_intr_tapp_example.c'
' '
'Building target: Cora_Z7_07S_XADC_bsp_xgpio_intr_tapp_example_1.elf'
'Invoking: ARM v7 gcc linker'
arm-none-eabi-gcc -mcpu=cortex-a9 -mfpu=vfpv3 -mfloat-abi=hard -Wl,-build-id=none -specs=Xilinx.spec -Wl,-T -Wl,../src/lscript.ld -L../../Cora_Z7_07S_XADC_bsp/ps7_cortexa9_0/lib -o "Cora_Z7_07S_XADC_bsp_xgpio_intr_tapp_example_1.elf"  ./src/xgpio_intr_tapp_example.o   -Wl,--start-group,-lxil,-lgcc,-lc,--end-group
'Finished building target: Cora_Z7_07S_XADC_bsp_xgpio_intr_tapp_example_1.elf'
' '
'Invoking: ARM v7 Print Size'
arm-none-eabi-size Cora_Z7_07S_XADC_bsp_xgpio_intr_tapp_example_1.elf  |tee "Cora_Z7_07S_XADC_bsp_xgpio_intr_tapp_example_1.elf.size"
   text	   data	    bss	    dec	    hex	filename
  25292	   1936	  22616	  49844	   c2b4	Cora_Z7_07S_XADC_bsp_xgpio_intr_tapp_example_1.elf
'Finished building: Cora_Z7_07S_XADC_bsp_xgpio_intr_tapp_example_1.elf.size'
' '
13:52:16 **** Incremental Build of configuration Debug for project Cora_Z7_07S_XADC_bsp_xgpio_intr_tapp_example_1 ****
make pre-build main-build 
a9-linaro-pre-build-step
' '
make: Nothing to be done for 'main-build'.
13:52:37 **** Auto Build of configuration Debug for project Cora_Z7_07S_XADC_bsp_xgpio_intr_tapp_example_1 ****
make pre-build main-build 
a9-linaro-pre-build-step
' '
'Building file: ../src/xgpio_intr_tapp_example.c'
'Invoking: ARM v7 gcc compiler'
arm-none-eabi-gcc -Wall -O0 -g3 -c -fmessage-length=0 -MT"src/xgpio_intr_tapp_example.o" -mcpu=cortex-a9 -mfpu=vfpv3 -mfloat-abi=hard -I../../Cora_Z7_07S_XADC_bsp/ps7_cortexa9_0/include -MMD -MP -MF"src/xgpio_intr_tapp_example.d" -MT"src/xgpio_intr_tapp_example.o" -o "src/xgpio_intr_tapp_example.o" "../src/xgpio_intr_tapp_example.c"
'Finished building: ../src/xgpio_intr_tapp_example.c'
' '
'Building target: Cora_Z7_07S_XADC_bsp_xgpio_intr_tapp_example_1.elf'
'Invoking: ARM v7 gcc linker'
arm-none-eabi-gcc -mcpu=cortex-a9 -mfpu=vfpv3 -mfloat-abi=hard -Wl,-build-id=none -specs=Xilinx.spec -Wl,-T -Wl,../src/lscript.ld -L../../Cora_Z7_07S_XADC_bsp/ps7_cortexa9_0/lib -o "Cora_Z7_07S_XADC_bsp_xgpio_intr_tapp_example_1.elf"  ./src/xgpio_intr_tapp_example.o   -Wl,--start-group,-lxil,-lgcc,-lc,--end-group
'Finished building target: Cora_Z7_07S_XADC_bsp_xgpio_intr_tapp_example_1.elf'
' '
'Invoking: ARM v7 Print Size'
arm-none-eabi-size Cora_Z7_07S_XADC_bsp_xgpio_intr_tapp_example_1.elf  |tee "Cora_Z7_07S_XADC_bsp_xgpio_intr_tapp_example_1.elf.size"
   text	   data	    bss	    dec	    hex	filename
  25312	   1936	  22616	  49864	   c2c8	Cora_Z7_07S_XADC_bsp_xgpio_intr_tapp_example_1.elf
'Finished building: Cora_Z7_07S_XADC_bsp_xgpio_intr_tapp_example_1.elf.size'
' '
13:54:46 **** Auto Build of configuration Debug for project Cora_Z7_07S_XADC_bsp_xgpio_intr_tapp_example_1 ****
make pre-build main-build 
a9-linaro-pre-build-step
' '
'Building file: ../src/xgpio_intr_tapp_example.c'
'Invoking: ARM v7 gcc compiler'
arm-none-eabi-gcc -Wall -O0 -g3 -c -fmessage-length=0 -MT"src/xgpio_intr_tapp_example.o" -mcpu=cortex-a9 -mfpu=vfpv3 -mfloat-abi=hard -I../../Cora_Z7_07S_XADC_bsp/ps7_cortexa9_0/include -MMD -MP -MF"src/xgpio_intr_tapp_example.d" -MT"src/xgpio_intr_tapp_example.o" -o "src/xgpio_intr_tapp_example.o" "../src/xgpio_intr_tapp_example.c"
'Finished building: ../src/xgpio_intr_tapp_example.c'
' '
'Building target: Cora_Z7_07S_XADC_bsp_xgpio_intr_tapp_example_1.elf'
'Invoking: ARM v7 gcc linker'
arm-none-eabi-gcc -mcpu=cortex-a9 -mfpu=vfpv3 -mfloat-abi=hard -Wl,-build-id=none -specs=Xilinx.spec -Wl,-T -Wl,../src/lscript.ld -L../../Cora_Z7_07S_XADC_bsp/ps7_cortexa9_0/lib -o "Cora_Z7_07S_XADC_bsp_xgpio_intr_tapp_example_1.elf"  ./src/xgpio_intr_tapp_example.o   -Wl,--start-group,-lxil,-lgcc,-lc,--end-group
'Finished building target: Cora_Z7_07S_XADC_bsp_xgpio_intr_tapp_example_1.elf'
' '
'Invoking: ARM v7 Print Size'
arm-none-eabi-size Cora_Z7_07S_XADC_bsp_xgpio_intr_tapp_example_1.elf  |tee "Cora_Z7_07S_XADC_bsp_xgpio_intr_tapp_example_1.elf.size"
   text	   data	    bss	    dec	    hex	filename
  25292	   1936	  22616	  49844	   c2b4	Cora_Z7_07S_XADC_bsp_xgpio_intr_tapp_example_1.elf
'Finished building: Cora_Z7_07S_XADC_bsp_xgpio_intr_tapp_example_1.elf.size'
' '
13:55:16 **** Auto Build of configuration Debug for project Cora_Z7_07S_XADC_bsp_xgpio_intr_tapp_example_1 ****
make pre-build main-build 
a9-linaro-pre-build-step
' '
'Building file: ../src/xgpio_intr_tapp_example.c'
'Invoking: ARM v7 gcc compiler'
arm-none-eabi-gcc -Wall -O0 -g3 -c -fmessage-length=0 -MT"src/xgpio_intr_tapp_example.o" -mcpu=cortex-a9 -mfpu=vfpv3 -mfloat-abi=hard -I../../Cora_Z7_07S_XADC_bsp/ps7_cortexa9_0/include -MMD -MP -MF"src/xgpio_intr_tapp_example.d" -MT"src/xgpio_intr_tapp_example.o" -o "src/xgpio_intr_tapp_example.o" "../src/xgpio_intr_tapp_example.c"
'Finished building: ../src/xgpio_intr_tapp_example.c'
' '
'Building target: Cora_Z7_07S_XADC_bsp_xgpio_intr_tapp_example_1.elf'
'Invoking: ARM v7 gcc linker'
arm-none-eabi-gcc -mcpu=cortex-a9 -mfpu=vfpv3 -mfloat-abi=hard -Wl,-build-id=none -specs=Xilinx.spec -Wl,-T -Wl,../src/lscript.ld -L../../Cora_Z7_07S_XADC_bsp/ps7_cortexa9_0/lib -o "Cora_Z7_07S_XADC_bsp_xgpio_intr_tapp_example_1.elf"  ./src/xgpio_intr_tapp_example.o   -Wl,--start-group,-lxil,-lgcc,-lc,--end-group
'Finished building target: Cora_Z7_07S_XADC_bsp_xgpio_intr_tapp_example_1.elf'
' '
'Invoking: ARM v7 Print Size'
arm-none-eabi-size Cora_Z7_07S_XADC_bsp_xgpio_intr_tapp_example_1.elf  |tee "Cora_Z7_07S_XADC_bsp_xgpio_intr_tapp_example_1.elf.size"
   text	   data	    bss	    dec	    hex	filename
  25312	   1936	  22616	  49864	   c2c8	Cora_Z7_07S_XADC_bsp_xgpio_intr_tapp_example_1.elf
'Finished building: Cora_Z7_07S_XADC_bsp_xgpio_intr_tapp_example_1.elf.size'
' '
14:08:11 **** Auto Build of configuration Debug for project Cora_Z7_07S_XADC ****
make pre-build main-build 
a9-linaro-pre-build-step
' '
'Building file: ../src/main.c'
'Invoking: ARM v7 gcc compiler'
arm-none-eabi-gcc -Wall -O0 -g3 -c -fmessage-length=0 -MT"src/main.o" -mcpu=cortex-a9 -mfpu=vfpv3 -mfloat-abi=hard -I../../Cora_Z7_07S_XADC_bsp/ps7_cortexa9_0/include -MMD -MP -MF"src/main.d" -MT"src/main.o" -o "src/main.o" "../src/main.c"
../src/main.c: In function 'Xadc_Demo':
../src/main.c:158:10: warning: zero-length gnu_printf format string [-Wformat-zero-length]
   printf("")
          ^~
../src/main.c:158:13: error: expected ';' before 'if'
   printf("")
             ^
             ;
   if (Xadc_VoltageData > 0.5)
   ~~         
../src/main.c:161:3: error: expected '}' before 'else'
   else if (Xadc_VoltageData < -0.5)
   ^~~~
../src/main.c: At top level:
../src/main.c:165:4: error: expected identifier or '(' before 'else'
  } else {
    ^~~~
../src/main.c:169:1: error: expected identifier or '(' before '}' token
 }
 ^
make: *** [src/subdir.mk:26: src/main.o] Error 1
14:08:26 **** Auto Build of configuration Debug for project Cora_Z7_07S_XADC ****
make pre-build main-build 
a9-linaro-pre-build-step
' '
'Building file: ../src/main.c'
'Invoking: ARM v7 gcc compiler'
arm-none-eabi-gcc -Wall -O0 -g3 -c -fmessage-length=0 -MT"src/main.o" -mcpu=cortex-a9 -mfpu=vfpv3 -mfloat-abi=hard -I../../Cora_Z7_07S_XADC_bsp/ps7_cortexa9_0/include -MMD -MP -MF"src/main.d" -MT"src/main.o" -o "src/main.o" "../src/main.c"
../src/main.c: In function 'Xadc_Demo':
../src/main.c:158:26: error: expected ';' before 'if'
   printf("Xadc Values: ")
                          ^
                          ;
   if (Xadc_VoltageData > 0.5)
   ~~                      
../src/main.c:161:3: error: expected '}' before 'else'
   else if (Xadc_VoltageData < -0.5)
   ^~~~
../src/main.c: At top level:
../src/main.c:165:4: error: expected identifier or '(' before 'else'
  } else {
    ^~~~
../src/main.c:169:1: error: expected identifier or '(' before '}' token
 }
 ^
make: *** [src/subdir.mk:26: src/main.o] Error 1
14:08:32 **** Auto Build of configuration Debug for project Cora_Z7_07S_XADC ****
make pre-build main-build 
a9-linaro-pre-build-step
' '
'Building file: ../src/main.c'
'Invoking: ARM v7 gcc compiler'
arm-none-eabi-gcc -Wall -O0 -g3 -c -fmessage-length=0 -MT"src/main.o" -mcpu=cortex-a9 -mfpu=vfpv3 -mfloat-abi=hard -I../../Cora_Z7_07S_XADC_bsp/ps7_cortexa9_0/include -MMD -MP -MF"src/main.d" -MT"src/main.o" -o "src/main.o" "../src/main.c"
'Finished building: ../src/main.c'
' '
'Building target: Cora_Z7_07S_XADC.elf'
'Invoking: ARM v7 gcc linker'
arm-none-eabi-gcc -mcpu=cortex-a9 -mfpu=vfpv3 -mfloat-abi=hard -Wl,-build-id=none -specs=Xilinx.spec -Wl,-T -Wl,../src/lscript.ld -L../../Cora_Z7_07S_XADC_bsp/ps7_cortexa9_0/lib -o "Cora_Z7_07S_XADC.elf"  ./src/debounce.o ./src/main.o   -Wl,--start-group,-lxil,-lgcc,-lc,--end-group
'Finished building target: Cora_Z7_07S_XADC.elf'
' '
'Invoking: ARM v7 Print Size'
arm-none-eabi-size Cora_Z7_07S_XADC.elf  |tee "Cora_Z7_07S_XADC.elf.size"
   text	   data	    bss	    dec	    hex	filename
  66652	   2744	  23328	  92724	  16a34	Cora_Z7_07S_XADC.elf
'Finished building: Cora_Z7_07S_XADC.elf.size'
' '
14:08:52 **** Auto Build of configuration Debug for project Cora_Z7_07S_XADC ****
make pre-build main-build 
a9-linaro-pre-build-step
' '
'Building file: ../src/main.c'
'Invoking: ARM v7 gcc compiler'
arm-none-eabi-gcc -Wall -O0 -g3 -c -fmessage-length=0 -MT"src/main.o" -mcpu=cortex-a9 -mfpu=vfpv3 -mfloat-abi=hard -I../../Cora_Z7_07S_XADC_bsp/ps7_cortexa9_0/include -MMD -MP -MF"src/main.d" -MT"src/main.o" -o "src/main.o" "../src/main.c"
../src/main.c: In function 'Xadc_Demo':
../src/main.c:158:10: warning: too many arguments for format [-Wformat-extra-args]
   printf("Xadc Values: ", Xadc_RawData);
          ^~~~~~~~~~~~~~~
'Finished building: ../src/main.c'
' '
'Building target: Cora_Z7_07S_XADC.elf'
'Invoking: ARM v7 gcc linker'
arm-none-eabi-gcc -mcpu=cortex-a9 -mfpu=vfpv3 -mfloat-abi=hard -Wl,-build-id=none -specs=Xilinx.spec -Wl,-T -Wl,../src/lscript.ld -L../../Cora_Z7_07S_XADC_bsp/ps7_cortexa9_0/lib -o "Cora_Z7_07S_XADC.elf"  ./src/debounce.o ./src/main.o   -Wl,--start-group,-lxil,-lgcc,-lc,--end-group
'Finished building target: Cora_Z7_07S_XADC.elf'
' '
'Invoking: ARM v7 Print Size'
arm-none-eabi-size Cora_Z7_07S_XADC.elf  |tee "Cora_Z7_07S_XADC.elf.size"
   text	   data	    bss	    dec	    hex	filename
  66652	   2744	  23328	  92724	  16a34	Cora_Z7_07S_XADC.elf
'Finished building: Cora_Z7_07S_XADC.elf.size'
' '
14:10:03 **** Auto Build of configuration Debug for project Cora_Z7_07S_XADC ****
make pre-build main-build 
a9-linaro-pre-build-step
' '
'Building file: ../src/main.c'
'Invoking: ARM v7 gcc compiler'
arm-none-eabi-gcc -Wall -O0 -g3 -c -fmessage-length=0 -MT"src/main.o" -mcpu=cortex-a9 -mfpu=vfpv3 -mfloat-abi=hard -I../../Cora_Z7_07S_XADC_bsp/ps7_cortexa9_0/include -MMD -MP -MF"src/main.d" -MT"src/main.o" -o "src/main.o" "../src/main.c"
../src/main.c: In function 'Xadc_Demo':
../src/main.c:158:25: warning: format '%f' expects argument of type 'double', but argument 2 has type 'u16 *' {aka 'short unsigned int *'} [-Wformat=]
   printf("Xadc Values: %f", Xadc_RawData);
                        ~^   ~~~~~~~~~~~~
                        %hn
'Finished building: ../src/main.c'
' '
'Building target: Cora_Z7_07S_XADC.elf'
'Invoking: ARM v7 gcc linker'
arm-none-eabi-gcc -mcpu=cortex-a9 -mfpu=vfpv3 -mfloat-abi=hard -Wl,-build-id=none -specs=Xilinx.spec -Wl,-T -Wl,../src/lscript.ld -L../../Cora_Z7_07S_XADC_bsp/ps7_cortexa9_0/lib -o "Cora_Z7_07S_XADC.elf"  ./src/debounce.o ./src/main.o   -Wl,--start-group,-lxil,-lgcc,-lc,--end-group
'Finished building target: Cora_Z7_07S_XADC.elf'
' '
'Invoking: ARM v7 Print Size'
arm-none-eabi-size Cora_Z7_07S_XADC.elf  |tee "Cora_Z7_07S_XADC.elf.size"
   text	   data	    bss	    dec	    hex	filename
  66652	   2744	  23328	  92724	  16a34	Cora_Z7_07S_XADC.elf
'Finished building: Cora_Z7_07S_XADC.elf.size'
' '
14:10:15 **** Incremental Build of configuration Debug for project Cora_Z7_07S_XADC ****
make pre-build main-build 
a9-linaro-pre-build-step
' '
make: Nothing to be done for 'main-build'.
14:11:38 **** Auto Build of configuration Debug for project Cora_Z7_07S_XADC ****
make pre-build main-build 
a9-linaro-pre-build-step
' '
'Building file: ../src/main.c'
'Invoking: ARM v7 gcc compiler'
arm-none-eabi-gcc -Wall -O0 -g3 -c -fmessage-length=0 -MT"src/main.o" -mcpu=cortex-a9 -mfpu=vfpv3 -mfloat-abi=hard -I../../Cora_Z7_07S_XADC_bsp/ps7_cortexa9_0/include -MMD -MP -MF"src/main.d" -MT"src/main.o" -o "src/main.o" "../src/main.c"
../src/main.c: In function 'Xadc_Demo':
../src/main.c:158:25: warning: format '%f' expects argument of type 'double', but argument 2 has type 'u16 *' {aka 'short unsigned int *'} [-Wformat=]
   printf("Xadc Values: %f\r\n", Xadc_RawData);
                        ~^       ~~~~~~~~~~~~
                        %hn
'Finished building: ../src/main.c'
' '
'Building target: Cora_Z7_07S_XADC.elf'
'Invoking: ARM v7 gcc linker'
arm-none-eabi-gcc -mcpu=cortex-a9 -mfpu=vfpv3 -mfloat-abi=hard -Wl,-build-id=none -specs=Xilinx.spec -Wl,-T -Wl,../src/lscript.ld -L../../Cora_Z7_07S_XADC_bsp/ps7_cortexa9_0/lib -o "Cora_Z7_07S_XADC.elf"  ./src/debounce.o ./src/main.o   -Wl,--start-group,-lxil,-lgcc,-lc,--end-group
'Finished building target: Cora_Z7_07S_XADC.elf'
' '
'Invoking: ARM v7 Print Size'
arm-none-eabi-size Cora_Z7_07S_XADC.elf  |tee "Cora_Z7_07S_XADC.elf.size"
   text	   data	    bss	    dec	    hex	filename
  66660	   2744	  23328	  92732	  16a3c	Cora_Z7_07S_XADC.elf
'Finished building: Cora_Z7_07S_XADC.elf.size'
' '
14:11:47 **** Incremental Build of configuration Debug for project Cora_Z7_07S_XADC ****
make pre-build main-build 
a9-linaro-pre-build-step
' '
make: Nothing to be done for 'main-build'.
14:14:41 **** Auto Build of configuration Debug for project Cora_Z7_07S_XADC ****
make pre-build main-build 
a9-linaro-pre-build-step
' '
'Building file: ../src/main.c'
'Invoking: ARM v7 gcc compiler'
arm-none-eabi-gcc -Wall -O0 -g3 -c -fmessage-length=0 -MT"src/main.o" -mcpu=cortex-a9 -mfpu=vfpv3 -mfloat-abi=hard -I../../Cora_Z7_07S_XADC_bsp/ps7_cortexa9_0/include -MMD -MP -MF"src/main.d" -MT"src/main.o" -o "src/main.o" "../src/main.c"
../src/main.c: In function 'Xadc_Demo':
../src/main.c:158:25: warning: format '%f' expects argument of type 'double', but argument 2 has type 'int' [-Wformat=]
   printf("Xadc Values: %f\r\n", Xadc_RawData[ChannelSelect]);
                        ~^       ~~~~~~~~~~~~~~~~~~~~~~~~~~~
                        %d
'Finished building: ../src/main.c'
' '
'Building target: Cora_Z7_07S_XADC.elf'
'Invoking: ARM v7 gcc linker'
arm-none-eabi-gcc -mcpu=cortex-a9 -mfpu=vfpv3 -mfloat-abi=hard -Wl,-build-id=none -specs=Xilinx.spec -Wl,-T -Wl,../src/lscript.ld -L../../Cora_Z7_07S_XADC_bsp/ps7_cortexa9_0/lib -o "Cora_Z7_07S_XADC.elf"  ./src/debounce.o ./src/main.o   -Wl,--start-group,-lxil,-lgcc,-lc,--end-group
'Finished building target: Cora_Z7_07S_XADC.elf'
' '
'Invoking: ARM v7 Print Size'
arm-none-eabi-size Cora_Z7_07S_XADC.elf  |tee "Cora_Z7_07S_XADC.elf.size"
   text	   data	    bss	    dec	    hex	filename
  66660	   2744	  23328	  92732	  16a3c	Cora_Z7_07S_XADC.elf
'Finished building: Cora_Z7_07S_XADC.elf.size'
' '
14:15:17 **** Auto Build of configuration Debug for project Cora_Z7_07S_XADC ****
make pre-build main-build 
a9-linaro-pre-build-step
' '
'Building file: ../src/main.c'
'Invoking: ARM v7 gcc compiler'
arm-none-eabi-gcc -Wall -O0 -g3 -c -fmessage-length=0 -MT"src/main.o" -mcpu=cortex-a9 -mfpu=vfpv3 -mfloat-abi=hard -I../../Cora_Z7_07S_XADC_bsp/ps7_cortexa9_0/include -MMD -MP -MF"src/main.d" -MT"src/main.o" -o "src/main.o" "../src/main.c"
'Finished building: ../src/main.c'
' '
'Building target: Cora_Z7_07S_XADC.elf'
'Invoking: ARM v7 gcc linker'
arm-none-eabi-gcc -mcpu=cortex-a9 -mfpu=vfpv3 -mfloat-abi=hard -Wl,-build-id=none -specs=Xilinx.spec -Wl,-T -Wl,../src/lscript.ld -L../../Cora_Z7_07S_XADC_bsp/ps7_cortexa9_0/lib -o "Cora_Z7_07S_XADC.elf"  ./src/debounce.o ./src/main.o   -Wl,--start-group,-lxil,-lgcc,-lc,--end-group
'Finished building target: Cora_Z7_07S_XADC.elf'
' '
'Invoking: ARM v7 Print Size'
arm-none-eabi-size Cora_Z7_07S_XADC.elf  |tee "Cora_Z7_07S_XADC.elf.size"
   text	   data	    bss	    dec	    hex	filename
  66660	   2744	  23328	  92732	  16a3c	Cora_Z7_07S_XADC.elf
'Finished building: Cora_Z7_07S_XADC.elf.size'
' '
14:15:25 **** Incremental Build of configuration Debug for project Cora_Z7_07S_XADC ****
make pre-build main-build 
a9-linaro-pre-build-step
' '
make: Nothing to be done for 'main-build'.
14:51:37 **** Auto Build of configuration Debug for project Cora_Z7_07S_XADC ****
make pre-build main-build 
a9-linaro-pre-build-step
' '
'Building file: ../src/main.c'
'Invoking: ARM v7 gcc compiler'
arm-none-eabi-gcc -Wall -O0 -g3 -c -fmessage-length=0 -MT"src/main.o" -mcpu=cortex-a9 -mfpu=vfpv3 -mfloat-abi=hard -I../../Cora_Z7_07S_XADC_bsp/ps7_cortexa9_0/include -MMD -MP -MF"src/main.d" -MT"src/main.o" -o "src/main.o" "../src/main.c"
'Finished building: ../src/main.c'
' '
'Building target: Cora_Z7_07S_XADC.elf'
'Invoking: ARM v7 gcc linker'
arm-none-eabi-gcc -mcpu=cortex-a9 -mfpu=vfpv3 -mfloat-abi=hard -Wl,-build-id=none -specs=Xilinx.spec -Wl,-T -Wl,../src/lscript.ld -L../../Cora_Z7_07S_XADC_bsp/ps7_cortexa9_0/lib -o "Cora_Z7_07S_XADC.elf"  ./src/debounce.o ./src/main.o   -Wl,--start-group,-lxil,-lgcc,-lc,--end-group
'Finished building target: Cora_Z7_07S_XADC.elf'
' '
'Invoking: ARM v7 Print Size'
arm-none-eabi-size Cora_Z7_07S_XADC.elf  |tee "Cora_Z7_07S_XADC.elf.size"
   text	   data	    bss	    dec	    hex	filename
  66660	   2744	  23328	  92732	  16a3c	Cora_Z7_07S_XADC.elf
'Finished building: Cora_Z7_07S_XADC.elf.size'
' '
14:52:44 **** Incremental Build of configuration Debug for project Cora_Z7_07S_XADC ****
make pre-build main-build 
a9-linaro-pre-build-step
' '
make: Nothing to be done for 'main-build'.
15:14:55 **** Incremental Build of configuration Debug for project Cora_Z7_07S_XADC ****
make pre-build main-build 
a9-linaro-pre-build-step
' '
make: Nothing to be done for 'main-build'.
22:51:02 **** Auto Build of configuration Debug for project Cora_Z7_07S_XADC ****
make pre-build main-build 
a9-linaro-pre-build-step
' '
'Building file: ../src/main.c'
'Invoking: ARM v7 gcc compiler'
arm-none-eabi-gcc -Wall -O0 -g3 -c -fmessage-length=0 -MT"src/main.o" -mcpu=cortex-a9 -mfpu=vfpv3 -mfloat-abi=hard -I../../Cora_Z7_07S_XADC_bsp/ps7_cortexa9_0/include -MMD -MP -MF"src/main.d" -MT"src/main.o" -o "src/main.o" "../src/main.c"
'Finished building: ../src/main.c'
' '
'Building target: Cora_Z7_07S_XADC.elf'
'Invoking: ARM v7 gcc linker'
arm-none-eabi-gcc -mcpu=cortex-a9 -mfpu=vfpv3 -mfloat-abi=hard -Wl,-build-id=none -specs=Xilinx.spec -Wl,-T -Wl,../src/lscript.ld -L../../Cora_Z7_07S_XADC_bsp/ps7_cortexa9_0/lib -o "Cora_Z7_07S_XADC.elf"  ./src/debounce.o ./src/main.o   -Wl,--start-group,-lxil,-lgcc,-lc,--end-group
'Finished building target: Cora_Z7_07S_XADC.elf'
' '
'Invoking: ARM v7 Print Size'
arm-none-eabi-size Cora_Z7_07S_XADC.elf  |tee "Cora_Z7_07S_XADC.elf.size"
   text	   data	    bss	    dec	    hex	filename
  66660	   2744	  23328	  92732	  16a3c	Cora_Z7_07S_XADC.elf
'Finished building: Cora_Z7_07S_XADC.elf.size'
' '
22:51:44 **** Incremental Build of configuration Debug for project Cora_Z7_07S_XADC ****
make pre-build main-build 
a9-linaro-pre-build-step
' '
make: Nothing to be done for 'main-build'.
22:52:06 **** Incremental Build of configuration Debug for project Cora_Z7_07S_XADC ****
make pre-build main-build 
a9-linaro-pre-build-step
' '
make: Nothing to be done for 'main-build'.
22:53:14 **** Build of configuration Debug for project Cora_Z7_07S_XADC_bsp_xgpio_intr_tapp_example_2 ****
make pre-build main-build 
a9-linaro-pre-build-step
' '
'Building file: ../src/xgpio_intr_tapp_example.c'
'Invoking: ARM v7 gcc compiler'
arm-none-eabi-gcc -Wall -O0 -g3 -c -fmessage-length=0 -MT"src/xgpio_intr_tapp_example.o" -mcpu=cortex-a9 -mfpu=vfpv3 -mfloat-abi=hard -I../../Cora_Z7_07S_XADC_bsp/ps7_cortexa9_0/include -MMD -MP -MF"src/xgpio_intr_tapp_example.d" -MT"src/xgpio_intr_tapp_example.o" -o "src/xgpio_intr_tapp_example.o" "../src/xgpio_intr_tapp_example.c"
'Finished building: ../src/xgpio_intr_tapp_example.c'
' '
'Building target: Cora_Z7_07S_XADC_bsp_xgpio_intr_tapp_example_2.elf'
'Invoking: ARM v7 gcc linker'
arm-none-eabi-gcc -mcpu=cortex-a9 -mfpu=vfpv3 -mfloat-abi=hard -Wl,-build-id=none -specs=Xilinx.spec -Wl,-T -Wl,../src/lscript.ld -L../../Cora_Z7_07S_XADC_bsp/ps7_cortexa9_0/lib -o "Cora_Z7_07S_XADC_bsp_xgpio_intr_tapp_example_2.elf"  ./src/xgpio_intr_tapp_example.o   -Wl,--start-group,-lxil,-lgcc,-lc,--end-group
'Finished building target: Cora_Z7_07S_XADC_bsp_xgpio_intr_tapp_example_2.elf'
' '
'Invoking: ARM v7 Print Size'
arm-none-eabi-size Cora_Z7_07S_XADC_bsp_xgpio_intr_tapp_example_2.elf  |tee "Cora_Z7_07S_XADC_bsp_xgpio_intr_tapp_example_2.elf.size"
   text	   data	    bss	    dec	    hex	filename
  25320	   1936	  22616	  49872	   c2d0	Cora_Z7_07S_XADC_bsp_xgpio_intr_tapp_example_2.elf
'Finished building: Cora_Z7_07S_XADC_bsp_xgpio_intr_tapp_example_2.elf.size'
' '
23:10:00 **** Auto Build of configuration Debug for project Cora_Z7_07S_XADC_bsp_xgpio_intr_tapp_example_2 ****
make pre-build main-build 
a9-linaro-pre-build-step
' '
'Building file: ../src/xgpio_intr_tapp_example.c'
'Invoking: ARM v7 gcc compiler'
arm-none-eabi-gcc -Wall -O0 -g3 -c -fmessage-length=0 -MT"src/xgpio_intr_tapp_example.o" -mcpu=cortex-a9 -mfpu=vfpv3 -mfloat-abi=hard -I../../Cora_Z7_07S_XADC_bsp/ps7_cortexa9_0/include -MMD -MP -MF"src/xgpio_intr_tapp_example.d" -MT"src/xgpio_intr_tapp_example.o" -o "src/xgpio_intr_tapp_example.o" "../src/xgpio_intr_tapp_example.c"
../src/xgpio_intr_tapp_example.c: In function 'GpioHandler':
../src/xgpio_intr_tapp_example.c:401:43: error: expected ';' before 'XGpio_InterruptClear'
  xil_printf("Count = %u; Data = %u \r\n ")
                                           ^
                                           ;
../src/xgpio_intr_tapp_example.c:403:2:
  XGpio_InterruptClear(GpioPtr, GlobalIntrMask);
  ~~~~~~~~~~~~~~~~~~~~                      
../src/xgpio_intr_tapp_example.c:400:6: warning: unused variable 'data' [-Wunused-variable]
  u32 data = XGpio_DiscreteRead(GpioPtr,1);
      ^~~~
make: *** [src/subdir.mk:23: src/xgpio_intr_tapp_example.o] Error 1
23:10:05 **** Auto Build of configuration Debug for project Cora_Z7_07S_XADC_bsp_xgpio_intr_tapp_example_2 ****
make pre-build main-build 
a9-linaro-pre-build-step
' '
'Building file: ../src/xgpio_intr_tapp_example.c'
'Invoking: ARM v7 gcc compiler'
arm-none-eabi-gcc -Wall -O0 -g3 -c -fmessage-length=0 -MT"src/xgpio_intr_tapp_example.o" -mcpu=cortex-a9 -mfpu=vfpv3 -mfloat-abi=hard -I../../Cora_Z7_07S_XADC_bsp/ps7_cortexa9_0/include -MMD -MP -MF"src/xgpio_intr_tapp_example.d" -MT"src/xgpio_intr_tapp_example.o" -o "src/xgpio_intr_tapp_example.o" "../src/xgpio_intr_tapp_example.c"
../src/xgpio_intr_tapp_example.c: In function 'GpioHandler':
../src/xgpio_intr_tapp_example.c:400:6: warning: unused variable 'data' [-Wunused-variable]
  u32 data = XGpio_DiscreteRead(GpioPtr,1);
      ^~~~
'Finished building: ../src/xgpio_intr_tapp_example.c'
' '
'Building target: Cora_Z7_07S_XADC_bsp_xgpio_intr_tapp_example_2.elf'
'Invoking: ARM v7 gcc linker'
arm-none-eabi-gcc -mcpu=cortex-a9 -mfpu=vfpv3 -mfloat-abi=hard -Wl,-build-id=none -specs=Xilinx.spec -Wl,-T -Wl,../src/lscript.ld -L../../Cora_Z7_07S_XADC_bsp/ps7_cortexa9_0/lib -o "Cora_Z7_07S_XADC_bsp_xgpio_intr_tapp_example_2.elf"  ./src/xgpio_intr_tapp_example.o   -Wl,--start-group,-lxil,-lgcc,-lc,--end-group
'Finished building target: Cora_Z7_07S_XADC_bsp_xgpio_intr_tapp_example_2.elf'
' '
'Invoking: ARM v7 Print Size'
arm-none-eabi-size Cora_Z7_07S_XADC_bsp_xgpio_intr_tapp_example_2.elf  |tee "Cora_Z7_07S_XADC_bsp_xgpio_intr_tapp_example_2.elf.size"
   text	   data	    bss	    dec	    hex	filename
  35748	   2336	  23304	  61388	   efcc	Cora_Z7_07S_XADC_bsp_xgpio_intr_tapp_example_2.elf
'Finished building: Cora_Z7_07S_XADC_bsp_xgpio_intr_tapp_example_2.elf.size'
' '
23:10:29 **** Auto Build of configuration Debug for project Cora_Z7_07S_XADC_bsp_xgpio_intr_tapp_example_2 ****
make pre-build main-build 
a9-linaro-pre-build-step
' '
'Building file: ../src/xgpio_intr_tapp_example.c'
'Invoking: ARM v7 gcc compiler'
arm-none-eabi-gcc -Wall -O0 -g3 -c -fmessage-length=0 -MT"src/xgpio_intr_tapp_example.o" -mcpu=cortex-a9 -mfpu=vfpv3 -mfloat-abi=hard -I../../Cora_Z7_07S_XADC_bsp/ps7_cortexa9_0/include -MMD -MP -MF"src/xgpio_intr_tapp_example.d" -MT"src/xgpio_intr_tapp_example.o" -o "src/xgpio_intr_tapp_example.o" "../src/xgpio_intr_tapp_example.c"
../src/xgpio_intr_tapp_example.c: In function 'GpioHandler':
../src/xgpio_intr_tapp_example.c:401:44: error: 'count' undeclared (first use in this function)
  xil_printf("Count = %u; Data = %u \r\n ", count, data);
                                            ^~~~~
../src/xgpio_intr_tapp_example.c:401:44: note: each undeclared identifier is reported only once for each function it appears in
make: *** [src/subdir.mk:23: src/xgpio_intr_tapp_example.o] Error 1
23:10:43 **** Auto Build of configuration Debug for project Cora_Z7_07S_XADC_bsp_xgpio_intr_tapp_example_2 ****
make pre-build main-build 
a9-linaro-pre-build-step
' '
'Building file: ../src/xgpio_intr_tapp_example.c'
'Invoking: ARM v7 gcc compiler'
arm-none-eabi-gcc -Wall -O0 -g3 -c -fmessage-length=0 -MT"src/xgpio_intr_tapp_example.o" -mcpu=cortex-a9 -mfpu=vfpv3 -mfloat-abi=hard -I../../Cora_Z7_07S_XADC_bsp/ps7_cortexa9_0/include -MMD -MP -MF"src/xgpio_intr_tapp_example.d" -MT"src/xgpio_intr_tapp_example.o" -o "src/xgpio_intr_tapp_example.o" "../src/xgpio_intr_tapp_example.c"
../src/xgpio_intr_tapp_example.c: In function 'GpioHandler':
../src/xgpio_intr_tapp_example.c:398:2: error: 'count' undeclared (first use in this function)
  count++;
  ^~~~~
../src/xgpio_intr_tapp_example.c:398:2: note: each undeclared identifier is reported only once for each function it appears in
make: *** [src/subdir.mk:23: src/xgpio_intr_tapp_example.o] Error 1
23:12:14 **** Auto Build of configuration Debug for project Cora_Z7_07S_XADC_bsp_xgpio_intr_tapp_example_2 ****
make pre-build main-build 
a9-linaro-pre-build-step
' '
'Building file: ../src/xgpio_intr_tapp_example.c'
'Invoking: ARM v7 gcc compiler'
arm-none-eabi-gcc -Wall -O0 -g3 -c -fmessage-length=0 -MT"src/xgpio_intr_tapp_example.o" -mcpu=cortex-a9 -mfpu=vfpv3 -mfloat-abi=hard -I../../Cora_Z7_07S_XADC_bsp/ps7_cortexa9_0/include -MMD -MP -MF"src/xgpio_intr_tapp_example.d" -MT"src/xgpio_intr_tapp_example.o" -o "src/xgpio_intr_tapp_example.o" "../src/xgpio_intr_tapp_example.c"
../src/xgpio_intr_tapp_example.c: In function 'main':
../src/xgpio_intr_tapp_example.c:187:6: warning: unused variable 'counter' [-Wunused-variable]
  u32 counter = 0;
      ^~~~~~~
../src/xgpio_intr_tapp_example.c: In function 'GpioHandler':
../src/xgpio_intr_tapp_example.c:399:2: error: 'count' undeclared (first use in this function)
  count++;
  ^~~~~
../src/xgpio_intr_tapp_example.c:399:2: note: each undeclared identifier is reported only once for each function it appears in
make: *** [src/subdir.mk:23: src/xgpio_intr_tapp_example.o] Error 1
23:12:38 **** Auto Build of configuration Debug for project Cora_Z7_07S_XADC_bsp_xgpio_intr_tapp_example_2 ****
make pre-build main-build 
a9-linaro-pre-build-step
' '
'Building file: ../src/xgpio_intr_tapp_example.c'
'Invoking: ARM v7 gcc compiler'
arm-none-eabi-gcc -Wall -O0 -g3 -c -fmessage-length=0 -MT"src/xgpio_intr_tapp_example.o" -mcpu=cortex-a9 -mfpu=vfpv3 -mfloat-abi=hard -I../../Cora_Z7_07S_XADC_bsp/ps7_cortexa9_0/include -MMD -MP -MF"src/xgpio_intr_tapp_example.d" -MT"src/xgpio_intr_tapp_example.o" -o "src/xgpio_intr_tapp_example.o" "../src/xgpio_intr_tapp_example.c"
../src/xgpio_intr_tapp_example.c: In function 'GpioHandler':
../src/xgpio_intr_tapp_example.c:398:2: error: 'count' undeclared (first use in this function)
  count++;
  ^~~~~
../src/xgpio_intr_tapp_example.c:398:2: note: each undeclared identifier is reported only once for each function it appears in
make: *** [src/subdir.mk:23: src/xgpio_intr_tapp_example.o] Error 1
23:13:03 **** Auto Build of configuration Debug for project Cora_Z7_07S_XADC_bsp_xgpio_intr_tapp_example_2 ****
make pre-build main-build 
a9-linaro-pre-build-step
' '
'Building file: ../src/xgpio_intr_tapp_example.c'
'Invoking: ARM v7 gcc compiler'
arm-none-eabi-gcc -Wall -O0 -g3 -c -fmessage-length=0 -MT"src/xgpio_intr_tapp_example.o" -mcpu=cortex-a9 -mfpu=vfpv3 -mfloat-abi=hard -I../../Cora_Z7_07S_XADC_bsp/ps7_cortexa9_0/include -MMD -MP -MF"src/xgpio_intr_tapp_example.d" -MT"src/xgpio_intr_tapp_example.o" -o "src/xgpio_intr_tapp_example.o" "../src/xgpio_intr_tapp_example.c"
../src/xgpio_intr_tapp_example.c: In function 'GpioHandler':
../src/xgpio_intr_tapp_example.c:401:44: error: 'count' undeclared (first use in this function)
  xil_printf("Count = %u; Data = %u \r\n ", count, data);
                                            ^~~~~
../src/xgpio_intr_tapp_example.c:401:44: note: each undeclared identifier is reported only once for each function it appears in
make: *** [src/subdir.mk:23: src/xgpio_intr_tapp_example.o] Error 1
23:13:15 **** Auto Build of configuration Debug for project Cora_Z7_07S_XADC_bsp_xgpio_intr_tapp_example_2 ****
make pre-build main-build 
a9-linaro-pre-build-step
' '
'Building file: ../src/xgpio_intr_tapp_example.c'
'Invoking: ARM v7 gcc compiler'
arm-none-eabi-gcc -Wall -O0 -g3 -c -fmessage-length=0 -MT"src/xgpio_intr_tapp_example.o" -mcpu=cortex-a9 -mfpu=vfpv3 -mfloat-abi=hard -I../../Cora_Z7_07S_XADC_bsp/ps7_cortexa9_0/include -MMD -MP -MF"src/xgpio_intr_tapp_example.d" -MT"src/xgpio_intr_tapp_example.o" -o "src/xgpio_intr_tapp_example.o" "../src/xgpio_intr_tapp_example.c"
'Finished building: ../src/xgpio_intr_tapp_example.c'
' '
'Building target: Cora_Z7_07S_XADC_bsp_xgpio_intr_tapp_example_2.elf'
'Invoking: ARM v7 gcc linker'
arm-none-eabi-gcc -mcpu=cortex-a9 -mfpu=vfpv3 -mfloat-abi=hard -Wl,-build-id=none -specs=Xilinx.spec -Wl,-T -Wl,../src/lscript.ld -L../../Cora_Z7_07S_XADC_bsp/ps7_cortexa9_0/lib -o "Cora_Z7_07S_XADC_bsp_xgpio_intr_tapp_example_2.elf"  ./src/xgpio_intr_tapp_example.o   -Wl,--start-group,-lxil,-lgcc,-lc,--end-group
'Finished building target: Cora_Z7_07S_XADC_bsp_xgpio_intr_tapp_example_2.elf'
' '
'Invoking: ARM v7 Print Size'
arm-none-eabi-size Cora_Z7_07S_XADC_bsp_xgpio_intr_tapp_example_2.elf  |tee "Cora_Z7_07S_XADC_bsp_xgpio_intr_tapp_example_2.elf.size"
   text	   data	    bss	    dec	    hex	filename
  35748	   2336	  23304	  61388	   efcc	Cora_Z7_07S_XADC_bsp_xgpio_intr_tapp_example_2.elf
'Finished building: Cora_Z7_07S_XADC_bsp_xgpio_intr_tapp_example_2.elf.size'
' '
23:13:29 **** Incremental Build of configuration Debug for project Cora_Z7_07S_XADC_bsp_xgpio_intr_tapp_example_2 ****
make pre-build main-build 
a9-linaro-pre-build-step
' '
make: Nothing to be done for 'main-build'.
23:14:58 **** Auto Build of configuration Debug for project Cora_Z7_07S_XADC_bsp_xgpio_intr_tapp_example_2 ****
make pre-build main-build 
a9-linaro-pre-build-step
' '
'Building file: ../src/xgpio_intr_tapp_example.c'
'Invoking: ARM v7 gcc compiler'
arm-none-eabi-gcc -Wall -O0 -g3 -c -fmessage-length=0 -MT"src/xgpio_intr_tapp_example.o" -mcpu=cortex-a9 -mfpu=vfpv3 -mfloat-abi=hard -I../../Cora_Z7_07S_XADC_bsp/ps7_cortexa9_0/include -MMD -MP -MF"src/xgpio_intr_tapp_example.d" -MT"src/xgpio_intr_tapp_example.o" -o "src/xgpio_intr_tapp_example.o" "../src/xgpio_intr_tapp_example.c"
../src/xgpio_intr_tapp_example.c: In function 'GpioIntrExample':
../src/xgpio_intr_tapp_example.c:237:6: warning: variable 'delay' set but not used [-Wunused-but-set-variable]
  u32 delay;
      ^~~~~
'Finished building: ../src/xgpio_intr_tapp_example.c'
' '
'Building target: Cora_Z7_07S_XADC_bsp_xgpio_intr_tapp_example_2.elf'
'Invoking: ARM v7 gcc linker'
arm-none-eabi-gcc -mcpu=cortex-a9 -mfpu=vfpv3 -mfloat-abi=hard -Wl,-build-id=none -specs=Xilinx.spec -Wl,-T -Wl,../src/lscript.ld -L../../Cora_Z7_07S_XADC_bsp/ps7_cortexa9_0/lib -o "Cora_Z7_07S_XADC_bsp_xgpio_intr_tapp_example_2.elf"  ./src/xgpio_intr_tapp_example.o   -Wl,--start-group,-lxil,-lgcc,-lc,--end-group
'Finished building target: Cora_Z7_07S_XADC_bsp_xgpio_intr_tapp_example_2.elf'
' '
'Invoking: ARM v7 Print Size'
arm-none-eabi-size Cora_Z7_07S_XADC_bsp_xgpio_intr_tapp_example_2.elf  |tee "Cora_Z7_07S_XADC_bsp_xgpio_intr_tapp_example_2.elf.size"
   text	   data	    bss	    dec	    hex	filename
  35684	   2336	  23304	  61324	   ef8c	Cora_Z7_07S_XADC_bsp_xgpio_intr_tapp_example_2.elf
'Finished building: Cora_Z7_07S_XADC_bsp_xgpio_intr_tapp_example_2.elf.size'
' '
23:15:15 **** Incremental Build of configuration Debug for project Cora_Z7_07S_XADC_bsp_xgpio_intr_tapp_example_2 ****
make pre-build main-build 
a9-linaro-pre-build-step
' '
make: Nothing to be done for 'main-build'.
23:17:35 **** Auto Build of configuration Debug for project Cora_Z7_07S_XADC_bsp_xgpio_intr_tapp_example_2 ****
make pre-build main-build 
a9-linaro-pre-build-step
' '
'Building file: ../src/xgpio_intr_tapp_example.c'
'Invoking: ARM v7 gcc compiler'
arm-none-eabi-gcc -Wall -O0 -g3 -c -fmessage-length=0 -MT"src/xgpio_intr_tapp_example.o" -mcpu=cortex-a9 -mfpu=vfpv3 -mfloat-abi=hard -I../../Cora_Z7_07S_XADC_bsp/ps7_cortexa9_0/include -MMD -MP -MF"src/xgpio_intr_tapp_example.d" -MT"src/xgpio_intr_tapp_example.o" -o "src/xgpio_intr_tapp_example.o" "../src/xgpio_intr_tapp_example.c"
../src/xgpio_intr_tapp_example.c: In function 'GpioIntrExample':
../src/xgpio_intr_tapp_example.c:237:6: warning: variable 'delay' set but not used [-Wunused-but-set-variable]
  u32 delay;
      ^~~~~
../src/xgpio_intr_tapp_example.c: In function 'GpioHandler':
../src/xgpio_intr_tapp_example.c:403:44: error: 'count' undeclared (first use in this function)
  xil_printf("Count = %u; Data = %u \r\n ", count, data);
                                            ^~~~~
../src/xgpio_intr_tapp_example.c:403:44: note: each undeclared identifier is reported only once for each function it appears in
make: *** [src/subdir.mk:23: src/xgpio_intr_tapp_example.o] Error 1
23:17:42 **** Auto Build of configuration Debug for project Cora_Z7_07S_XADC_bsp_xgpio_intr_tapp_example_2 ****
make pre-build main-build 
a9-linaro-pre-build-step
' '
'Building file: ../src/xgpio_intr_tapp_example.c'
'Invoking: ARM v7 gcc compiler'
arm-none-eabi-gcc -Wall -O0 -g3 -c -fmessage-length=0 -MT"src/xgpio_intr_tapp_example.o" -mcpu=cortex-a9 -mfpu=vfpv3 -mfloat-abi=hard -I../../Cora_Z7_07S_XADC_bsp/ps7_cortexa9_0/include -MMD -MP -MF"src/xgpio_intr_tapp_example.d" -MT"src/xgpio_intr_tapp_example.o" -o "src/xgpio_intr_tapp_example.o" "../src/xgpio_intr_tapp_example.c"
../src/xgpio_intr_tapp_example.c: In function 'GpioIntrExample':
../src/xgpio_intr_tapp_example.c:237:6: warning: variable 'delay' set but not used [-Wunused-but-set-variable]
  u32 delay;
      ^~~~~
../src/xgpio_intr_tapp_example.c: In function 'GpioHandler':
../src/xgpio_intr_tapp_example.c:400:2: error: 'count' undeclared (first use in this function)
  count++;
  ^~~~~
../src/xgpio_intr_tapp_example.c:400:2: note: each undeclared identifier is reported only once for each function it appears in
make: *** [src/subdir.mk:23: src/xgpio_intr_tapp_example.o] Error 1
23:18:32 **** Auto Build of configuration Debug for project Cora_Z7_07S_XADC_bsp_xgpio_intr_tapp_example_2 ****
make pre-build main-build 
a9-linaro-pre-build-step
' '
'Building file: ../src/xgpio_intr_tapp_example.c'
'Invoking: ARM v7 gcc compiler'
arm-none-eabi-gcc -Wall -O0 -g3 -c -fmessage-length=0 -MT"src/xgpio_intr_tapp_example.o" -mcpu=cortex-a9 -mfpu=vfpv3 -mfloat-abi=hard -I../../Cora_Z7_07S_XADC_bsp/ps7_cortexa9_0/include -MMD -MP -MF"src/xgpio_intr_tapp_example.d" -MT"src/xgpio_intr_tapp_example.o" -o "src/xgpio_intr_tapp_example.o" "../src/xgpio_intr_tapp_example.c"
../src/xgpio_intr_tapp_example.c: In function 'main':
../src/xgpio_intr_tapp_example.c:186:6: warning: unused variable 'count' [-Wunused-variable]
  int count;
      ^~~~~
../src/xgpio_intr_tapp_example.c: In function 'GpioIntrExample':
../src/xgpio_intr_tapp_example.c:238:6: warning: variable 'delay' set but not used [-Wunused-but-set-variable]
  u32 delay;
      ^~~~~
../src/xgpio_intr_tapp_example.c: In function 'GpioHandler':
../src/xgpio_intr_tapp_example.c:401:2: error: 'count' undeclared (first use in this function)
  count++;
  ^~~~~
../src/xgpio_intr_tapp_example.c:401:2: note: each undeclared identifier is reported only once for each function it appears in
make: *** [src/subdir.mk:23: src/xgpio_intr_tapp_example.o] Error 1
23:18:45 **** Auto Build of configuration Debug for project Cora_Z7_07S_XADC_bsp_xgpio_intr_tapp_example_2 ****
make pre-build main-build 
a9-linaro-pre-build-step
' '
'Building file: ../src/xgpio_intr_tapp_example.c'
'Invoking: ARM v7 gcc compiler'
arm-none-eabi-gcc -Wall -O0 -g3 -c -fmessage-length=0 -MT"src/xgpio_intr_tapp_example.o" -mcpu=cortex-a9 -mfpu=vfpv3 -mfloat-abi=hard -I../../Cora_Z7_07S_XADC_bsp/ps7_cortexa9_0/include -MMD -MP -MF"src/xgpio_intr_tapp_example.d" -MT"src/xgpio_intr_tapp_example.o" -o "src/xgpio_intr_tapp_example.o" "../src/xgpio_intr_tapp_example.c"
../src/xgpio_intr_tapp_example.c: In function 'GpioIntrExample':
../src/xgpio_intr_tapp_example.c:239:6: warning: variable 'delay' set but not used [-Wunused-but-set-variable]
  u32 delay;
      ^~~~~
'Finished building: ../src/xgpio_intr_tapp_example.c'
' '
'Building target: Cora_Z7_07S_XADC_bsp_xgpio_intr_tapp_example_2.elf'
'Invoking: ARM v7 gcc linker'
arm-none-eabi-gcc -mcpu=cortex-a9 -mfpu=vfpv3 -mfloat-abi=hard -Wl,-build-id=none -specs=Xilinx.spec -Wl,-T -Wl,../src/lscript.ld -L../../Cora_Z7_07S_XADC_bsp/ps7_cortexa9_0/lib -o "Cora_Z7_07S_XADC_bsp_xgpio_intr_tapp_example_2.elf"  ./src/xgpio_intr_tapp_example.o   -Wl,--start-group,-lxil,-lgcc,-lc,--end-group
'Finished building target: Cora_Z7_07S_XADC_bsp_xgpio_intr_tapp_example_2.elf'
' '
'Invoking: ARM v7 Print Size'
arm-none-eabi-size Cora_Z7_07S_XADC_bsp_xgpio_intr_tapp_example_2.elf  |tee "Cora_Z7_07S_XADC_bsp_xgpio_intr_tapp_example_2.elf.size"
   text	   data	    bss	    dec	    hex	filename
  35748	   2336	  23320	  61404	   efdc	Cora_Z7_07S_XADC_bsp_xgpio_intr_tapp_example_2.elf
'Finished building: Cora_Z7_07S_XADC_bsp_xgpio_intr_tapp_example_2.elf.size'
' '
23:19:15 **** Incremental Build of configuration Debug for project Cora_Z7_07S_XADC_bsp_xgpio_intr_tapp_example_2 ****
make pre-build main-build 
a9-linaro-pre-build-step
' '
make: Nothing to be done for 'main-build'.
23:20:02 **** Auto Build of configuration Debug for project Cora_Z7_07S_XADC_bsp_xgpio_intr_tapp_example_2 ****
make pre-build main-build 
a9-linaro-pre-build-step
' '
'Building file: ../src/xgpio_intr_tapp_example.c'
'Invoking: ARM v7 gcc compiler'
arm-none-eabi-gcc -Wall -O0 -g3 -c -fmessage-length=0 -MT"src/xgpio_intr_tapp_example.o" -mcpu=cortex-a9 -mfpu=vfpv3 -mfloat-abi=hard -I../../Cora_Z7_07S_XADC_bsp/ps7_cortexa9_0/include -MMD -MP -MF"src/xgpio_intr_tapp_example.d" -MT"src/xgpio_intr_tapp_example.o" -o "src/xgpio_intr_tapp_example.o" "../src/xgpio_intr_tapp_example.c"
../src/xgpio_intr_tapp_example.c: In function 'GpioIntrExample':
../src/xgpio_intr_tapp_example.c:239:6: warning: variable 'delay' set but not used [-Wunused-but-set-variable]
  u32 delay;
      ^~~~~
'Finished building: ../src/xgpio_intr_tapp_example.c'
' '
'Building target: Cora_Z7_07S_XADC_bsp_xgpio_intr_tapp_example_2.elf'
'Invoking: ARM v7 gcc linker'
arm-none-eabi-gcc -mcpu=cortex-a9 -mfpu=vfpv3 -mfloat-abi=hard -Wl,-build-id=none -specs=Xilinx.spec -Wl,-T -Wl,../src/lscript.ld -L../../Cora_Z7_07S_XADC_bsp/ps7_cortexa9_0/lib -o "Cora_Z7_07S_XADC_bsp_xgpio_intr_tapp_example_2.elf"  ./src/xgpio_intr_tapp_example.o   -Wl,--start-group,-lxil,-lgcc,-lc,--end-group
'Finished building target: Cora_Z7_07S_XADC_bsp_xgpio_intr_tapp_example_2.elf'
' '
'Invoking: ARM v7 Print Size'
arm-none-eabi-size Cora_Z7_07S_XADC_bsp_xgpio_intr_tapp_example_2.elf  |tee "Cora_Z7_07S_XADC_bsp_xgpio_intr_tapp_example_2.elf.size"
   text	   data	    bss	    dec	    hex	filename
  35748	   2336	  23320	  61404	   efdc	Cora_Z7_07S_XADC_bsp_xgpio_intr_tapp_example_2.elf
'Finished building: Cora_Z7_07S_XADC_bsp_xgpio_intr_tapp_example_2.elf.size'
' '
23:20:16 **** Incremental Build of configuration Debug for project Cora_Z7_07S_XADC_bsp_xgpio_intr_tapp_example_2 ****
make pre-build main-build 
a9-linaro-pre-build-step
' '
make: Nothing to be done for 'main-build'.
23:27:27 **** Auto Build of configuration Debug for project Cora_Z7_07S_XADC_bsp_xgpio_intr_tapp_example_2 ****
make pre-build main-build 
a9-linaro-pre-build-step
' '
'Building file: ../src/xgpio_intr_tapp_example.c'
'Invoking: ARM v7 gcc compiler'
arm-none-eabi-gcc -Wall -O0 -g3 -c -fmessage-length=0 -MT"src/xgpio_intr_tapp_example.o" -mcpu=cortex-a9 -mfpu=vfpv3 -mfloat-abi=hard -I../../Cora_Z7_07S_XADC_bsp/ps7_cortexa9_0/include -MMD -MP -MF"src/xgpio_intr_tapp_example.d" -MT"src/xgpio_intr_tapp_example.o" -o "src/xgpio_intr_tapp_example.o" "../src/xgpio_intr_tapp_example.c"
../src/xgpio_intr_tapp_example.c: In function 'GpioIntrExample':
../src/xgpio_intr_tapp_example.c:239:6: warning: variable 'delay' set but not used [-Wunused-but-set-variable]
  u32 delay;
      ^~~~~
../src/xgpio_intr_tapp_example.c: In function 'GpioHandler':
../src/xgpio_intr_tapp_example.c:409:6: warning: unused variable 'btn3_value' [-Wunused-variable]
  int btn3_value = 8;
      ^~~~~~~~~~
../src/xgpio_intr_tapp_example.c:408:6: warning: unused variable 'btn2_value' [-Wunused-variable]
  int btn2_value = 4;
      ^~~~~~~~~~
../src/xgpio_intr_tapp_example.c:406:6: warning: unused variable 'btn0_value' [-Wunused-variable]
  int btn0_value = 1;
      ^~~~~~~~~~
'Finished building: ../src/xgpio_intr_tapp_example.c'
' '
'Building target: Cora_Z7_07S_XADC_bsp_xgpio_intr_tapp_example_2.elf'
'Invoking: ARM v7 gcc linker'
arm-none-eabi-gcc -mcpu=cortex-a9 -mfpu=vfpv3 -mfloat-abi=hard -Wl,-build-id=none -specs=Xilinx.spec -Wl,-T -Wl,../src/lscript.ld -L../../Cora_Z7_07S_XADC_bsp/ps7_cortexa9_0/lib -o "Cora_Z7_07S_XADC_bsp_xgpio_intr_tapp_example_2.elf"  ./src/xgpio_intr_tapp_example.o   -Wl,--start-group,-lxil,-lgcc,-lc,--end-group
'Finished building target: Cora_Z7_07S_XADC_bsp_xgpio_intr_tapp_example_2.elf'
' '
'Invoking: ARM v7 Print Size'
arm-none-eabi-size Cora_Z7_07S_XADC_bsp_xgpio_intr_tapp_example_2.elf  |tee "Cora_Z7_07S_XADC_bsp_xgpio_intr_tapp_example_2.elf.size"
   text	   data	    bss	    dec	    hex	filename
  35812	   2336	  23320	  61468	   f01c	Cora_Z7_07S_XADC_bsp_xgpio_intr_tapp_example_2.elf
'Finished building: Cora_Z7_07S_XADC_bsp_xgpio_intr_tapp_example_2.elf.size'
' '
23:30:10 **** Auto Build of configuration Debug for project Cora_Z7_07S_XADC_bsp_xgpio_intr_tapp_example_2 ****
make pre-build main-build 
a9-linaro-pre-build-step
' '
'Building file: ../src/xgpio_intr_tapp_example.c'
'Invoking: ARM v7 gcc compiler'
arm-none-eabi-gcc -Wall -O0 -g3 -c -fmessage-length=0 -MT"src/xgpio_intr_tapp_example.o" -mcpu=cortex-a9 -mfpu=vfpv3 -mfloat-abi=hard -I../../Cora_Z7_07S_XADC_bsp/ps7_cortexa9_0/include -MMD -MP -MF"src/xgpio_intr_tapp_example.d" -MT"src/xgpio_intr_tapp_example.o" -o "src/xgpio_intr_tapp_example.o" "../src/xgpio_intr_tapp_example.c"
../src/xgpio_intr_tapp_example.c: In function 'GpioIntrExample':
../src/xgpio_intr_tapp_example.c:239:6: warning: variable 'delay' set but not used [-Wunused-but-set-variable]
  u32 delay;
      ^~~~~
'Finished building: ../src/xgpio_intr_tapp_example.c'
' '
'Building target: Cora_Z7_07S_XADC_bsp_xgpio_intr_tapp_example_2.elf'
'Invoking: ARM v7 gcc linker'
arm-none-eabi-gcc -mcpu=cortex-a9 -mfpu=vfpv3 -mfloat-abi=hard -Wl,-build-id=none -specs=Xilinx.spec -Wl,-T -Wl,../src/lscript.ld -L../../Cora_Z7_07S_XADC_bsp/ps7_cortexa9_0/lib -o "Cora_Z7_07S_XADC_bsp_xgpio_intr_tapp_example_2.elf"  ./src/xgpio_intr_tapp_example.o   -Wl,--start-group,-lxil,-lgcc,-lc,--end-group
'Finished building target: Cora_Z7_07S_XADC_bsp_xgpio_intr_tapp_example_2.elf'
' '
'Invoking: ARM v7 Print Size'
arm-none-eabi-size Cora_Z7_07S_XADC_bsp_xgpio_intr_tapp_example_2.elf  |tee "Cora_Z7_07S_XADC_bsp_xgpio_intr_tapp_example_2.elf.size"
   text	   data	    bss	    dec	    hex	filename
  35924	   2336	  23320	  61580	   f08c	Cora_Z7_07S_XADC_bsp_xgpio_intr_tapp_example_2.elf
'Finished building: Cora_Z7_07S_XADC_bsp_xgpio_intr_tapp_example_2.elf.size'
' '
23:30:57 **** Auto Build of configuration Debug for project Cora_Z7_07S_XADC_bsp_xgpio_intr_tapp_example_2 ****
make pre-build main-build 
a9-linaro-pre-build-step
' '
'Building file: ../src/xgpio_intr_tapp_example.c'
'Invoking: ARM v7 gcc compiler'
arm-none-eabi-gcc -Wall -O0 -g3 -c -fmessage-length=0 -MT"src/xgpio_intr_tapp_example.o" -mcpu=cortex-a9 -mfpu=vfpv3 -mfloat-abi=hard -I../../Cora_Z7_07S_XADC_bsp/ps7_cortexa9_0/include -MMD -MP -MF"src/xgpio_intr_tapp_example.d" -MT"src/xgpio_intr_tapp_example.o" -o "src/xgpio_intr_tapp_example.o" "../src/xgpio_intr_tapp_example.c"
../src/xgpio_intr_tapp_example.c: In function 'GpioIntrExample':
../src/xgpio_intr_tapp_example.c:239:6: warning: variable 'delay' set but not used [-Wunused-but-set-variable]
  u32 delay;
      ^~~~~
'Finished building: ../src/xgpio_intr_tapp_example.c'
' '
'Building target: Cora_Z7_07S_XADC_bsp_xgpio_intr_tapp_example_2.elf'
'Invoking: ARM v7 gcc linker'
arm-none-eabi-gcc -mcpu=cortex-a9 -mfpu=vfpv3 -mfloat-abi=hard -Wl,-build-id=none -specs=Xilinx.spec -Wl,-T -Wl,../src/lscript.ld -L../../Cora_Z7_07S_XADC_bsp/ps7_cortexa9_0/lib -o "Cora_Z7_07S_XADC_bsp_xgpio_intr_tapp_example_2.elf"  ./src/xgpio_intr_tapp_example.o   -Wl,--start-group,-lxil,-lgcc,-lc,--end-group
'Finished building target: Cora_Z7_07S_XADC_bsp_xgpio_intr_tapp_example_2.elf'
' '
'Invoking: ARM v7 Print Size'
arm-none-eabi-size Cora_Z7_07S_XADC_bsp_xgpio_intr_tapp_example_2.elf  |tee "Cora_Z7_07S_XADC_bsp_xgpio_intr_tapp_example_2.elf.size"
   text	   data	    bss	    dec	    hex	filename
  35924	   2336	  23320	  61580	   f08c	Cora_Z7_07S_XADC_bsp_xgpio_intr_tapp_example_2.elf
'Finished building: Cora_Z7_07S_XADC_bsp_xgpio_intr_tapp_example_2.elf.size'
' '
23:31:05 **** Incremental Build of configuration Debug for project Cora_Z7_07S_XADC_bsp_xgpio_intr_tapp_example_2 ****
make pre-build main-build 
a9-linaro-pre-build-step
' '
make: Nothing to be done for 'main-build'.
23:31:39 **** Auto Build of configuration Debug for project Cora_Z7_07S_XADC_bsp_xgpio_intr_tapp_example_2 ****
make pre-build main-build 
a9-linaro-pre-build-step
' '
'Building file: ../src/xgpio_intr_tapp_example.c'
'Invoking: ARM v7 gcc compiler'
arm-none-eabi-gcc -Wall -O0 -g3 -c -fmessage-length=0 -MT"src/xgpio_intr_tapp_example.o" -mcpu=cortex-a9 -mfpu=vfpv3 -mfloat-abi=hard -I../../Cora_Z7_07S_XADC_bsp/ps7_cortexa9_0/include -MMD -MP -MF"src/xgpio_intr_tapp_example.d" -MT"src/xgpio_intr_tapp_example.o" -o "src/xgpio_intr_tapp_example.o" "../src/xgpio_intr_tapp_example.c"
../src/xgpio_intr_tapp_example.c: In function 'GpioIntrExample':
../src/xgpio_intr_tapp_example.c:239:6: warning: variable 'delay' set but not used [-Wunused-but-set-variable]
  u32 delay;
      ^~~~~
'Finished building: ../src/xgpio_intr_tapp_example.c'
' '
'Building target: Cora_Z7_07S_XADC_bsp_xgpio_intr_tapp_example_2.elf'
'Invoking: ARM v7 gcc linker'
arm-none-eabi-gcc -mcpu=cortex-a9 -mfpu=vfpv3 -mfloat-abi=hard -Wl,-build-id=none -specs=Xilinx.spec -Wl,-T -Wl,../src/lscript.ld -L../../Cora_Z7_07S_XADC_bsp/ps7_cortexa9_0/lib -o "Cora_Z7_07S_XADC_bsp_xgpio_intr_tapp_example_2.elf"  ./src/xgpio_intr_tapp_example.o   -Wl,--start-group,-lxil,-lgcc,-lc,--end-group
'Finished building target: Cora_Z7_07S_XADC_bsp_xgpio_intr_tapp_example_2.elf'
' '
'Invoking: ARM v7 Print Size'
arm-none-eabi-size Cora_Z7_07S_XADC_bsp_xgpio_intr_tapp_example_2.elf  |tee "Cora_Z7_07S_XADC_bsp_xgpio_intr_tapp_example_2.elf.size"
   text	   data	    bss	    dec	    hex	filename
  35912	   2336	  23320	  61568	   f080	Cora_Z7_07S_XADC_bsp_xgpio_intr_tapp_example_2.elf
'Finished building: Cora_Z7_07S_XADC_bsp_xgpio_intr_tapp_example_2.elf.size'
' '
23:31:46 **** Incremental Build of configuration Debug for project Cora_Z7_07S_XADC_bsp_xgpio_intr_tapp_example_2 ****
make pre-build main-build 
a9-linaro-pre-build-step
' '
make: Nothing to be done for 'main-build'.
15:08:12 **** Incremental Build of configuration Debug for project Cora_Z7_07S_XADC_bsp_xgpio_intr_tapp_example_2 ****
make pre-build main-build 
a9-linaro-pre-build-step
' '
make: Nothing to be done for 'main-build'.
15:16:38 **** Auto Build of configuration Debug for project Cora_Z7_07S_XADC_bsp_xgpio_intr_tapp_example_2 ****
make pre-build main-build 
a9-linaro-pre-build-step
' '
'Building file: ../src/xgpio_intr_tapp_example.c'
'Invoking: ARM v7 gcc compiler'
arm-none-eabi-gcc -Wall -O0 -g3 -c -fmessage-length=0 -MT"src/xgpio_intr_tapp_example.o" -mcpu=cortex-a9 -mfpu=vfpv3 -mfloat-abi=hard -I../../Cora_Z7_07S_XADC_bsp/ps7_cortexa9_0/include -MMD -MP -MF"src/xgpio_intr_tapp_example.d" -MT"src/xgpio_intr_tapp_example.o" -o "src/xgpio_intr_tapp_example.o" "../src/xgpio_intr_tapp_example.c"
../src/xgpio_intr_tapp_example.c: In function 'GpioIntrExample':
../src/xgpio_intr_tapp_example.c:239:6: warning: variable 'delay' set but not used [-Wunused-but-set-variable]
  u32 delay;
      ^~~~~
../src/xgpio_intr_tapp_example.c: In function 'GpioSetupIntrSystem':
../src/xgpio_intr_tapp_example.c:327:2: error: #else without #if
 #else /* !XPAR_INTC_0_DEVICE_ID */
  ^~~~
../src/xgpio_intr_tapp_example.c:363:2: error: #endif without #if
 #endif /* XPAR_INTC_0_DEVICE_ID */
  ^~~~~
make: *** [src/subdir.mk:23: src/xgpio_intr_tapp_example.o] Error 1
15:16:55 **** Auto Build of configuration Debug for project Cora_Z7_07S_XADC_bsp_xgpio_intr_tapp_example_2 ****
make pre-build main-build 
a9-linaro-pre-build-step
' '
'Building file: ../src/xgpio_intr_tapp_example.c'
'Invoking: ARM v7 gcc compiler'
arm-none-eabi-gcc -Wall -O0 -g3 -c -fmessage-length=0 -MT"src/xgpio_intr_tapp_example.o" -mcpu=cortex-a9 -mfpu=vfpv3 -mfloat-abi=hard -I../../Cora_Z7_07S_XADC_bsp/ps7_cortexa9_0/include -MMD -MP -MF"src/xgpio_intr_tapp_example.d" -MT"src/xgpio_intr_tapp_example.o" -o "src/xgpio_intr_tapp_example.o" "../src/xgpio_intr_tapp_example.c"
../src/xgpio_intr_tapp_example.c: In function 'GpioIntrExample':
../src/xgpio_intr_tapp_example.c:239:6: warning: variable 'delay' set but not used [-Wunused-but-set-variable]
  u32 delay;
      ^~~~~
'Finished building: ../src/xgpio_intr_tapp_example.c'
' '
'Building target: Cora_Z7_07S_XADC_bsp_xgpio_intr_tapp_example_2.elf'
'Invoking: ARM v7 gcc linker'
arm-none-eabi-gcc -mcpu=cortex-a9 -mfpu=vfpv3 -mfloat-abi=hard -Wl,-build-id=none -specs=Xilinx.spec -Wl,-T -Wl,../src/lscript.ld -L../../Cora_Z7_07S_XADC_bsp/ps7_cortexa9_0/lib -o "Cora_Z7_07S_XADC_bsp_xgpio_intr_tapp_example_2.elf"  ./src/xgpio_intr_tapp_example.o   -Wl,--start-group,-lxil,-lgcc,-lc,--end-group
'Finished building target: Cora_Z7_07S_XADC_bsp_xgpio_intr_tapp_example_2.elf'
' '
'Invoking: ARM v7 Print Size'
arm-none-eabi-size Cora_Z7_07S_XADC_bsp_xgpio_intr_tapp_example_2.elf  |tee "Cora_Z7_07S_XADC_bsp_xgpio_intr_tapp_example_2.elf.size"
   text	   data	    bss	    dec	    hex	filename
  35912	   2336	  23320	  61568	   f080	Cora_Z7_07S_XADC_bsp_xgpio_intr_tapp_example_2.elf
'Finished building: Cora_Z7_07S_XADC_bsp_xgpio_intr_tapp_example_2.elf.size'
' '
15:17:18 **** Auto Build of configuration Debug for project Cora_Z7_07S_XADC_bsp_xgpio_intr_tapp_example_2 ****
make pre-build main-build 
a9-linaro-pre-build-step
' '
'Building file: ../src/xgpio_intr_tapp_example.c'
'Invoking: ARM v7 gcc compiler'
arm-none-eabi-gcc -Wall -O0 -g3 -c -fmessage-length=0 -MT"src/xgpio_intr_tapp_example.o" -mcpu=cortex-a9 -mfpu=vfpv3 -mfloat-abi=hard -I../../Cora_Z7_07S_XADC_bsp/ps7_cortexa9_0/include -MMD -MP -MF"src/xgpio_intr_tapp_example.d" -MT"src/xgpio_intr_tapp_example.o" -o "src/xgpio_intr_tapp_example.o" "../src/xgpio_intr_tapp_example.c"
../src/xgpio_intr_tapp_example.c: In function 'GpioIntrExample':
../src/xgpio_intr_tapp_example.c:239:6: warning: variable 'delay' set but not used [-Wunused-but-set-variable]
  u32 delay;
      ^~~~~
../src/xgpio_intr_tapp_example.c: In function 'GpioSetupIntrSystem':
../src/xgpio_intr_tapp_example.c:363:2: error: #endif without #if
 #endif /* XPAR_INTC_0_DEVICE_ID */
  ^~~~~
make: *** [src/subdir.mk:23: src/xgpio_intr_tapp_example.o] Error 1
15:17:49 **** Incremental Build of configuration Debug for project Cora_Z7_07S_XADC_bsp_xgpio_intr_tapp_example_2 ****
make pre-build main-build 
a9-linaro-pre-build-step
' '
'Building file: ../src/xgpio_intr_tapp_example.c'
'Invoking: ARM v7 gcc compiler'
arm-none-eabi-gcc -Wall -O0 -g3 -c -fmessage-length=0 -MT"src/xgpio_intr_tapp_example.o" -mcpu=cortex-a9 -mfpu=vfpv3 -mfloat-abi=hard -I../../Cora_Z7_07S_XADC_bsp/ps7_cortexa9_0/include -MMD -MP -MF"src/xgpio_intr_tapp_example.d" -MT"src/xgpio_intr_tapp_example.o" -o "src/xgpio_intr_tapp_example.o" "../src/xgpio_intr_tapp_example.c"
../src/xgpio_intr_tapp_example.c: In function 'GpioIntrExample':
../src/xgpio_intr_tapp_example.c:239:6: warning: variable 'delay' set but not used [-Wunused-but-set-variable]
  u32 delay;
      ^~~~~
../src/xgpio_intr_tapp_example.c: In function 'GpioSetupIntrSystem':
../src/xgpio_intr_tapp_example.c:363:2: error: #endif without #if
 #endif /* XPAR_INTC_0_DEVICE_ID */
  ^~~~~
make: *** [src/subdir.mk:23: src/xgpio_intr_tapp_example.o] Error 1
15:18:26 **** Auto Build of configuration Debug for project Cora_Z7_07S_XADC_bsp_xgpio_intr_tapp_example_2 ****
make pre-build main-build 
a9-linaro-pre-build-step
' '
'Building file: ../src/xgpio_intr_tapp_example.c'
'Invoking: ARM v7 gcc compiler'
arm-none-eabi-gcc -Wall -O0 -g3 -c -fmessage-length=0 -MT"src/xgpio_intr_tapp_example.o" -mcpu=cortex-a9 -mfpu=vfpv3 -mfloat-abi=hard -I../../Cora_Z7_07S_XADC_bsp/ps7_cortexa9_0/include -MMD -MP -MF"src/xgpio_intr_tapp_example.d" -MT"src/xgpio_intr_tapp_example.o" -o "src/xgpio_intr_tapp_example.o" "../src/xgpio_intr_tapp_example.c"
../src/xgpio_intr_tapp_example.c: In function 'GpioIntrExample':
../src/xgpio_intr_tapp_example.c:239:6: warning: variable 'delay' set but not used [-Wunused-but-set-variable]
  u32 delay;
      ^~~~~
'Finished building: ../src/xgpio_intr_tapp_example.c'
' '
'Building target: Cora_Z7_07S_XADC_bsp_xgpio_intr_tapp_example_2.elf'
'Invoking: ARM v7 gcc linker'
arm-none-eabi-gcc -mcpu=cortex-a9 -mfpu=vfpv3 -mfloat-abi=hard -Wl,-build-id=none -specs=Xilinx.spec -Wl,-T -Wl,../src/lscript.ld -L../../Cora_Z7_07S_XADC_bsp/ps7_cortexa9_0/lib -o "Cora_Z7_07S_XADC_bsp_xgpio_intr_tapp_example_2.elf"  ./src/xgpio_intr_tapp_example.o   -Wl,--start-group,-lxil,-lgcc,-lc,--end-group
'Finished building target: Cora_Z7_07S_XADC_bsp_xgpio_intr_tapp_example_2.elf'
' '
'Invoking: ARM v7 Print Size'
arm-none-eabi-size Cora_Z7_07S_XADC_bsp_xgpio_intr_tapp_example_2.elf  |tee "Cora_Z7_07S_XADC_bsp_xgpio_intr_tapp_example_2.elf.size"
   text	   data	    bss	    dec	    hex	filename
  35912	   2336	  23320	  61568	   f080	Cora_Z7_07S_XADC_bsp_xgpio_intr_tapp_example_2.elf
'Finished building: Cora_Z7_07S_XADC_bsp_xgpio_intr_tapp_example_2.elf.size'
' '
15:23:53 **** Incremental Build of configuration Debug for project Cora_Z7_07S_XADC ****
make pre-build main-build 
a9-linaro-pre-build-step
' '
make: Nothing to be done for 'main-build'.
15:24:18 **** Incremental Build of configuration Debug for project Cora_Z7_07S_XADC_bsp_xgpio_intr_tapp_example_2 ****
make pre-build main-build 
a9-linaro-pre-build-step
' '
make: Nothing to be done for 'main-build'.
15:32:31 **** Auto Build of configuration Debug for project Cora_Z7_07S_XADC_bsp_xgpio_intr_tapp_example_2 ****
make pre-build main-build 
a9-linaro-pre-build-step
' '
make: Nothing to be done for 'main-build'.
15:32:45 **** Clean-only build of configuration Debug for project Cora_Z7_07S_XADC_bsp_xgpio_intr_tapp_example_2 ****
make clean 
rm -rf  ./src/xgpio_intr_tapp_example.o  ./src/xgpio_intr_tapp_example.d  Cora_Z7_07S_XADC_bsp_xgpio_intr_tapp_example_2.elf.size  Cora_Z7_07S_XADC_bsp_xgpio_intr_tapp_example_2.elf
' '
15:32:45 **** Auto Build of configuration Debug for project Cora_Z7_07S_XADC_bsp_xgpio_intr_tapp_example_2 ****
make pre-build main-build 
a9-linaro-pre-build-step
' '
'Building file: ../src/xgpio_intr_tapp_example.c'
'Invoking: ARM v7 gcc compiler'
arm-none-eabi-gcc -Wall -O0 -g3 -c -fmessage-length=0 -MT"src/xgpio_intr_tapp_example.o" -mcpu=cortex-a9 -mfpu=vfpv3 -mfloat-abi=hard -I../../Cora_Z7_07S_XADC_bsp/ps7_cortexa9_0/include -MMD -MP -MF"src/xgpio_intr_tapp_example.d" -MT"src/xgpio_intr_tapp_example.o" -o "src/xgpio_intr_tapp_example.o" "../src/xgpio_intr_tapp_example.c"
../src/xgpio_intr_tapp_example.c: In function 'GpioIntrExample':
../src/xgpio_intr_tapp_example.c:239:6: warning: variable 'delay' set but not used [-Wunused-but-set-variable]
  u32 delay;
      ^~~~~
'Finished building: ../src/xgpio_intr_tapp_example.c'
' '
'Building target: Cora_Z7_07S_XADC_bsp_xgpio_intr_tapp_example_2.elf'
'Invoking: ARM v7 gcc linker'
arm-none-eabi-gcc -mcpu=cortex-a9 -mfpu=vfpv3 -mfloat-abi=hard -Wl,-build-id=none -specs=Xilinx.spec -Wl,-T -Wl,../src/lscript.ld -L../../Cora_Z7_07S_XADC_bsp/ps7_cortexa9_0/lib -o "Cora_Z7_07S_XADC_bsp_xgpio_intr_tapp_example_2.elf"  ./src/xgpio_intr_tapp_example.o   -Wl,--start-group,-lxil,-lgcc,-lc,--end-group
'Finished building target: Cora_Z7_07S_XADC_bsp_xgpio_intr_tapp_example_2.elf'
' '
'Invoking: ARM v7 Print Size'
arm-none-eabi-size Cora_Z7_07S_XADC_bsp_xgpio_intr_tapp_example_2.elf  |tee "Cora_Z7_07S_XADC_bsp_xgpio_intr_tapp_example_2.elf.size"
   text	   data	    bss	    dec	    hex	filename
  35912	   2336	  23320	  61568	   f080	Cora_Z7_07S_XADC_bsp_xgpio_intr_tapp_example_2.elf
'Finished building: Cora_Z7_07S_XADC_bsp_xgpio_intr_tapp_example_2.elf.size'
' '
15:33:09 **** Auto Build of configuration Debug for project Cora_Z7_07S_XADC_bsp_xgpio_intr_tapp_example_2 ****
make pre-build main-build 
a9-linaro-pre-build-step
' '
make: Nothing to be done for 'main-build'.
15:33:20 **** Auto Build of configuration Debug for project Cora_Z7_07S_XADC_bsp_xgpio_intr_tapp_example_2 ****
make pre-build main-build 
a9-linaro-pre-build-step
' '
make: Nothing to be done for 'main-build'.
15:33:54 **** Auto Build of configuration Debug for project Cora_Z7_07S_XADC_bsp_xgpio_intr_tapp_example_2 ****
make pre-build main-build 
a9-linaro-pre-build-step
' '
make: Nothing to be done for 'main-build'.
15:34:21 **** Auto Build of configuration Debug for project Cora_Z7_07S_XADC ****
make pre-build main-build 
a9-linaro-pre-build-step
' '
'Building file: ../src/main.c'
'Invoking: ARM v7 gcc compiler'
arm-none-eabi-gcc -Wall -O0 -g3 -c -fmessage-length=0 -MT"src/main.o" -mcpu=cortex-a9 -mfpu=vfpv3 -mfloat-abi=hard -I../../Cora_Z7_07S_XADC_bsp/ps7_cortexa9_0/include -MMD -MP -MF"src/main.d" -MT"src/main.o" -o "src/main.o" "../src/main.c"
../src/main.c:16:10: fatal error: XGPIO_INTR_TAPP_EXAMPLE: No such file or directory
 #include "XGPIO_INTR_TAPP_EXAMPLE"
          ^~~~~~~~~~~~~~~~~~~~~~~~~
compilation terminated.
make: *** [src/subdir.mk:26: src/main.o] Error 1
15:34:23 **** Auto Build of configuration Debug for project Cora_Z7_07S_XADC ****
make pre-build main-build 
a9-linaro-pre-build-step
' '
'Building file: ../src/main.c'
'Invoking: ARM v7 gcc compiler'
arm-none-eabi-gcc -Wall -O0 -g3 -c -fmessage-length=0 -MT"src/main.o" -mcpu=cortex-a9 -mfpu=vfpv3 -mfloat-abi=hard -I../../Cora_Z7_07S_XADC_bsp/ps7_cortexa9_0/include -MMD -MP -MF"src/main.d" -MT"src/main.o" -o "src/main.o" "../src/main.c"
../src/main.c:16:10: fatal error: XGPIO_INTR_TAPP_EXAMPLE.h: No such file or directory
 #include "XGPIO_INTR_TAPP_EXAMPLE.h"
          ^~~~~~~~~~~~~~~~~~~~~~~~~~~
compilation terminated.
make: *** [src/subdir.mk:26: src/main.o] Error 1
15:34:50 **** Auto Build of configuration Debug for project Cora_Z7_07S_XADC ****
make pre-build main-build 
a9-linaro-pre-build-step
' '
'Building file: ../src/main.c'
'Invoking: ARM v7 gcc compiler'
arm-none-eabi-gcc -Wall -O0 -g3 -c -fmessage-length=0 -MT"src/main.o" -mcpu=cortex-a9 -mfpu=vfpv3 -mfloat-abi=hard -I../../Cora_Z7_07S_XADC_bsp/ps7_cortexa9_0/include -MMD -MP -MF"src/main.d" -MT"src/main.o" -o "src/main.o" "../src/main.c"
../src/main.c:16:10: fatal error: xgpio_intr_tapp_example.h: No such file or directory
 #include "xgpio_intr_tapp_example.h"
          ^~~~~~~~~~~~~~~~~~~~~~~~~~~
compilation terminated.
make: *** [src/subdir.mk:26: src/main.o] Error 1
15:36:25 **** Auto Build of configuration Debug for project Cora_Z7_07S_XADC ****
make pre-build main-build 
a9-linaro-pre-build-step
' '
'Building file: ../src/main.c'
'Invoking: ARM v7 gcc compiler'
arm-none-eabi-gcc -Wall -O0 -g3 -c -fmessage-length=0 -MT"src/main.o" -mcpu=cortex-a9 -mfpu=vfpv3 -mfloat-abi=hard -I../../Cora_Z7_07S_XADC_bsp/ps7_cortexa9_0/include -MMD -MP -MF"src/main.d" -MT"src/main.o" -o "src/main.o" "../src/main.c"
In file included from ../src/main.c:16:
../src/xgpio_intr_tapp_example.h:13:28: error: unknown type name 'INTC'; did you mean 'INT8_C'?
 extern int GpioIntrExample(INTC *IntcInstancePtr, XGpio *InstancePtr,
                            ^~~~
                            INT8_C
[...]
"Running Make include in ps7_cortexa9_0/libsrc/PWM_v1_0/src"
make -C ps7_cortexa9_0/libsrc/PWM_v1_0/src -s include  "SHELL=CMD" "COMPILER=arm-none-eabi-gcc" "ARCHIVER=arm-none-eabi-ar" "COMPILER_FLAGS=  -O2 -c" "EXTRA_COMPILER_FLAGS=-mcpu=cortex-a9 -mfpu=vfpv3 -mfloat-abi=hard -nostartfiles -g -Wall -Wextra"
"Running Make include in ps7_cortexa9_0/libsrc/scugic_v4_0/src"
make -C ps7_cortexa9_0/libsrc/scugic_v4_0/src -s include  "SHELL=CMD" "COMPILER=arm-none-eabi-gcc" "ARCHIVER=arm-none-eabi-ar" "COMPILER_FLAGS=  -O2 -c" "EXTRA_COMPILER_FLAGS=-mcpu=cortex-a9 -mfpu=vfpv3 -mfloat-abi=hard -nostartfiles -g -Wall -Wextra"
"Running Make include in ps7_cortexa9_0/libsrc/scutimer_v2_1/src"
make -C ps7_cortexa9_0/libsrc/scutimer_v2_1/src -s include  "SHELL=CMD" "COMPILER=arm-none-eabi-gcc" "ARCHIVER=arm-none-eabi-ar" "COMPILER_FLAGS=  -O2 -c" "EXTRA_COMPILER_FLAGS=-mcpu=cortex-a9 -mfpu=vfpv3 -mfloat-abi=hard -nostartfiles -g -Wall -Wextra"
"Running Make include in ps7_cortexa9_0/libsrc/scuwdt_v2_1/src"
make -C ps7_cortexa9_0/libsrc/scuwdt_v2_1/src -s include  "SHELL=CMD" "COMPILER=arm-none-eabi-gcc" "ARCHIVER=arm-none-eabi-ar" "COMPILER_FLAGS=  -O2 -c" "EXTRA_COMPILER_FLAGS=-mcpu=cortex-a9 -mfpu=vfpv3 -mfloat-abi=hard -nostartfiles -g -Wall -Wextra"
"Running Make include in ps7_cortexa9_0/libsrc/sdps_v3_7/src"
make -C ps7_cortexa9_0/libsrc/sdps_v3_7/src -s include  "SHELL=CMD" "COMPILER=arm-none-eabi-gcc" "ARCHIVER=arm-none-eabi-ar" "COMPILER_FLAGS=  -O2 -c" "EXTRA_COMPILER_FLAGS=-mcpu=cortex-a9 -mfpu=vfpv3 -mfloat-abi=hard -nostartfiles -g -Wall -Wextra"
"Running Make include in ps7_cortexa9_0/libsrc/standalone_v7_0/src"
make -C ps7_cortexa9_0/libsrc/standalone_v7_0/src -s include  "SHELL=CMD" "COMPILER=arm-none-eabi-gcc" "ARCHIVER=arm-none-eabi-ar" "COMPILER_FLAGS=  -O2 -c" "EXTRA_COMPILER_FLAGS=-mcpu=cortex-a9 -mfpu=vfpv3 -mfloat-abi=hard -nostartfiles -g -Wall -Wextra"
"Running Make include in ps7_cortexa9_0/libsrc/sysmon_v7_5/src"
make -C ps7_cortexa9_0/libsrc/sysmon_v7_5/src -s include  "SHELL=CMD" "COMPILER=arm-none-eabi-gcc" "ARCHIVER=arm-none-eabi-ar" "COMPILER_FLAGS=  -O2 -c" "EXTRA_COMPILER_FLAGS=-mcpu=cortex-a9 -mfpu=vfpv3 -mfloat-abi=hard -nostartfiles -g -Wall -Wextra"
"Running Make include in ps7_cortexa9_0/libsrc/uartps_v3_7/src"
make -C ps7_cortexa9_0/libsrc/uartps_v3_7/src -s include  "SHELL=CMD" "COMPILER=arm-none-eabi-gcc" "ARCHIVER=arm-none-eabi-ar" "COMPILER_FLAGS=  -O2 -c" "EXTRA_COMPILER_FLAGS=-mcpu=cortex-a9 -mfpu=vfpv3 -mfloat-abi=hard -nostartfiles -g -Wall -Wextra"
"Running Make include in ps7_cortexa9_0/libsrc/usbps_v2_4/src"
make -C ps7_cortexa9_0/libsrc/usbps_v2_4/src -s include  "SHELL=CMD" "COMPILER=arm-none-eabi-gcc" "ARCHIVER=arm-none-eabi-ar" "COMPILER_FLAGS=  -O2 -c" "EXTRA_COMPILER_FLAGS=-mcpu=cortex-a9 -mfpu=vfpv3 -mfloat-abi=hard -nostartfiles -g -Wall -Wextra"
"Running Make include in ps7_cortexa9_0/libsrc/xadcps_v2_3/src"
make -C ps7_cortexa9_0/libsrc/xadcps_v2_3/src -s include  "SHELL=CMD" "COMPILER=arm-none-eabi-gcc" "ARCHIVER=arm-none-eabi-ar" "COMPILER_FLAGS=  -O2 -c" "EXTRA_COMPILER_FLAGS=-mcpu=cortex-a9 -mfpu=vfpv3 -mfloat-abi=hard -nostartfiles -g -Wall -Wextra"
"Running Make libs in ps7_cortexa9_0/libsrc/coresightps_dcc_v1_5/src"
make -C ps7_cortexa9_0/libsrc/coresightps_dcc_v1_5/src -s libs  "SHELL=CMD" "COMPILER=arm-none-eabi-gcc" "ARCHIVER=arm-none-eabi-ar" "COMPILER_FLAGS=  -O2 -c" "EXTRA_COMPILER_FLAGS=-mcpu=cortex-a9 -mfpu=vfpv3 -mfloat-abi=hard -nostartfiles -g -Wall -Wextra"
"Compiling coresightps_dcc"
"Running Make libs in ps7_cortexa9_0/libsrc/cpu_cortexa9_v2_7/src"
make -C ps7_cortexa9_0/libsrc/cpu_cortexa9_v2_7/src -s libs  "SHELL=CMD" "COMPILER=arm-none-eabi-gcc" "ARCHIVER=arm-none-eabi-ar" "COMPILER_FLAGS=  -O2 -c" "EXTRA_COMPILER_FLAGS=-mcpu=cortex-a9 -mfpu=vfpv3 -mfloat-abi=hard -nostartfiles -g -Wall -Wextra"
"Compiling cpu_cortexa9"
"Running Make libs in ps7_cortexa9_0/libsrc/ddrps_v1_0/src"
make -C ps7_cortexa9_0/libsrc/ddrps_v1_0/src -s libs  "SHELL=CMD" "COMPILER=arm-none-eabi-gcc" "ARCHIVER=arm-none-eabi-ar" "COMPILER_FLAGS=  -O2 -c" "EXTRA_COMPILER_FLAGS=-mcpu=cortex-a9 -mfpu=vfpv3 -mfloat-abi=hard -nostartfiles -g -Wall -Wextra"
"Compiling ddrps"
"Running Make libs in ps7_cortexa9_0/libsrc/devcfg_v3_5/src"
make -C ps7_cortexa9_0/libsrc/devcfg_v3_5/src -s libs  "SHELL=CMD" "COMPILER=arm-none-eabi-gcc" "ARCHIVER=arm-none-eabi-ar" "COMPILER_FLAGS=  -O2 -c" "EXTRA_COMPILER_FLAGS=-mcpu=cortex-a9 -mfpu=vfpv3 -mfloat-abi=hard -nostartfiles -g -Wall -Wextra"
"Compiling devcfg"
"Running Make libs in ps7_cortexa9_0/libsrc/dmaps_v2_4/src"
make -C ps7_cortexa9_0/libsrc/dmaps_v2_4/src -s libs  "SHELL=CMD" "COMPILER=arm-none-eabi-gcc" "ARCHIVER=arm-none-eabi-ar" "COMPILER_FLAGS=  -O2 -c" "EXTRA_COMPILER_FLAGS=-mcpu=cortex-a9 -mfpu=vfpv3 -mfloat-abi=hard -nostartfiles -g -Wall -Wextra"
"Compiling dmaps"
"Running Make libs in ps7_cortexa9_0/libsrc/emacps_v3_9/src"
make -C ps7_cortexa9_0/libsrc/emacps_v3_9/src -s libs  "SHELL=CMD" "COMPILER=arm-none-eabi-gcc" "ARCHIVER=arm-none-eabi-ar" "COMPILER_FLAGS=  -O2 -c" "EXTRA_COMPILER_FLAGS=-mcpu=cortex-a9 -mfpu=vfpv3 -mfloat-abi=hard -nostartfiles -g -Wall -Wextra"
"Compiling emacps"
"Running Make libs in ps7_cortexa9_0/libsrc/gpiops_v3_5/src"
make -C ps7_cortexa9_0/libsrc/gpiops_v3_5/src -s libs  "SHELL=CMD" "COMPILER=arm-none-eabi-gcc" "ARCHIVER=arm-none-eabi-ar" "COMPILER_FLAGS=  -O2 -c" "EXTRA_COMPILER_FLAGS=-mcpu=cortex-a9 -mfpu=vfpv3 -mfloat-abi=hard -nostartfiles -g -Wall -Wextra"
"Compiling gpiops"
"Running Make libs in ps7_cortexa9_0/libsrc/gpio_v4_4/src"
make -C ps7_cortexa9_0/libsrc/gpio_v4_4/src -s libs  "SHELL=CMD" "COMPILER=arm-none-eabi-gcc" "ARCHIVER=arm-none-eabi-ar" "COMPILER_FLAGS=  -O2 -c" "EXTRA_COMPILER_FLAGS=-mcpu=cortex-a9 -mfpu=vfpv3 -mfloat-abi=hard -nostartfiles -g -Wall -Wextra"
"Compiling gpio"
"Running Make libs in ps7_cortexa9_0/libsrc/PWM_v1_0/src"
make -C ps7_cortexa9_0/libsrc/PWM_v1_0/src -s libs  "SHELL=CMD" "COMPILER=arm-none-eabi-gcc" "ARCHIVER=arm-none-eabi-ar" "COMPILER_FLAGS=  -O2 -c" "EXTRA_COMPILER_FLAGS=-mcpu=cortex-a9 -mfpu=vfpv3 -mfloat-abi=hard -nostartfiles -g -Wall -Wextra"
"Compiling PWM..."
PWM_selftest.c: In function 'PWM_Reg_SelfTest':
PWM_selftest.c:52:52: warning: comparison of integer expressions of different signedness: 'u32' {aka 'long unsigned int'} and 'int' [-Wsign-compare]
    if ( PWM_mReadReg (baseaddr, read_loop_index*4) != (read_loop_index+1)*READ_WRITE_MUL_FACTOR){
                                                    ^~
PWM_selftest.c:36:6: warning: unused variable 'Index' [-Wunused-variable]
  int Index;
      ^~~~~
"Running Make libs in ps7_cortexa9_0/libsrc/scugic_v4_0/src"
make -C ps7_cortexa9_0/libsrc/scugic_v4_0/src -s libs  "SHELL=CMD" "COMPILER=arm-none-eabi-gcc" "ARCHIVER=arm-none-eabi-ar" "COMPILER_FLAGS=  -O2 -c" "EXTRA_COMPILER_FLAGS=-mcpu=cortex-a9 -mfpu=vfpv3 -mfloat-abi=hard -nostartfiles -g -Wall -Wextra"
"Compiling scugic"
"Running Make libs in ps7_cortexa9_0/libsrc/scutimer_v2_1/src"
make -C ps7_cortexa9_0/libsrc/scutimer_v2_1/src -s libs  "SHELL=CMD" "COMPILER=arm-none-eabi-gcc" "ARCHIVER=arm-none-eabi-ar" "COMPILER_FLAGS=  -O2 -c" "EXTRA_COMPILER_FLAGS=-mcpu=cortex-a9 -mfpu=vfpv3 -mfloat-abi=hard -nostartfiles -g -Wall -Wextra"
"Compiling scutimer"
"Running Make libs in ps7_cortexa9_0/libsrc/scuwdt_v2_1/src"
make -C ps7_cortexa9_0/libsrc/scuwdt_v2_1/src -s libs  "SHELL=CMD" "COMPILER=arm-none-eabi-gcc" "ARCHIVER=arm-none-eabi-ar" "COMPILER_FLAGS=  -O2 -c" "EXTRA_COMPILER_FLAGS=-mcpu=cortex-a9 -mfpu=vfpv3 -mfloat-abi=hard -nostartfiles -g -Wall -Wextra"
"Compiling scuwdt"
"Running Make libs in ps7_cortexa9_0/libsrc/sdps_v3_7/src"
make -C ps7_cortexa9_0/libsrc/sdps_v3_7/src -s libs  "SHELL=CMD" "COMPILER=arm-none-eabi-gcc" "ARCHIVER=arm-none-eabi-ar" "COMPILER_FLAGS=  -O2 -c" "EXTRA_COMPILER_FLAGS=-mcpu=cortex-a9 -mfpu=vfpv3 -mfloat-abi=hard -nostartfiles -g -Wall -Wextra"
"Compiling sdps"
"Running Make libs in ps7_cortexa9_0/libsrc/standalone_v7_0/src"
make -C ps7_cortexa9_0/libsrc/standalone_v7_0/src -s libs  "SHELL=CMD" "COMPILER=arm-none-eabi-gcc" "ARCHIVER=arm-none-eabi-ar" "COMPILER_FLAGS=  -O2 -c" "EXTRA_COMPILER_FLAGS=-mcpu=cortex-a9 -mfpu=vfpv3 -mfloat-abi=hard -nostartfiles -g -Wall -Wextra"
"Compiling standalone"
In file included from usleep.c:56:
xtime_l.h:87:9: note: #pragma message: For the sleep routines, Global timer is being used
 #pragma message ("For the sleep routines, Global timer is being used")
         ^~~~~~~
In file included from sleep.c:53:
xtime_l.h:87:9: note: #pragma message: For the sleep routines, Global timer is being used
 #pragma message ("For the sleep routines, Global timer is being used")
         ^~~~~~~
In file included from xil_sleeptimer.c:51:
xtime_l.h:87:9: note: #pragma message: For the sleep routines, Global timer is being used
 #pragma message ("For the sleep routines, Global timer is being used")
         ^~~~~~~
In file included from xtime_l.c:49:
xtime_l.h:87:9: note: #pragma message: For the sleep routines, Global timer is being used
 #pragma message ("For the sleep routines, Global timer is being used")
         ^~~~~~~
"Running Make libs in ps7_cortexa9_0/libsrc/sysmon_v7_5/src"
make -C ps7_cortexa9_0/libsrc/sysmon_v7_5/src -s libs  "SHELL=CMD" "COMPILER=arm-none-eabi-gcc" "ARCHIVER=arm-none-eabi-ar" "COMPILER_FLAGS=  -O2 -c" "EXTRA_COMPILER_FLAGS=-mcpu=cortex-a9 -mfpu=vfpv3 -mfloat-abi=hard -nostartfiles -g -Wall -Wextra"
"Compiling sysmon"
"Running Make libs in ps7_cortexa9_0/libsrc/uartps_v3_7/src"
make -C ps7_cortexa9_0/libsrc/uartps_v3_7/src -s libs  "SHELL=CMD" "COMPILER=arm-none-eabi-gcc" "ARCHIVER=arm-none-eabi-ar" "COMPILER_FLAGS=  -O2 -c" "EXTRA_COMPILER_FLAGS=-mcpu=cortex-a9 -mfpu=vfpv3 -mfloat-abi=hard -nostartfiles -g -Wall -Wextra"
"Compiling uartps"
"Running Make libs in ps7_cortexa9_0/libsrc/usbps_v2_4/src"
make -C ps7_cortexa9_0/libsrc/usbps_v2_4/src -s libs  "SHELL=CMD" "COMPILER=arm-none-eabi-gcc" "ARCHIVER=arm-none-eabi-ar" "COMPILER_FLAGS=  -O2 -c" "EXTRA_COMPILER_FLAGS=-mcpu=cortex-a9 -mfpu=vfpv3 -mfloat-abi=hard -nostartfiles -g -Wall -Wextra"
"Compiling usbps"
"Running Make libs in ps7_cortexa9_0/libsrc/xadcps_v2_3/src"
make -C ps7_cortexa9_0/libsrc/xadcps_v2_3/src -s libs  "SHELL=CMD" "COMPILER=arm-none-eabi-gcc" "ARCHIVER=arm-none-eabi-ar" "COMPILER_FLAGS=  -O2 -c" "EXTRA_COMPILER_FLAGS=-mcpu=cortex-a9 -mfpu=vfpv3 -mfloat-abi=hard -nostartfiles -g -Wall -Wextra"
"Compiling xadcps"
'Finished building libraries'
13:57:46 **** Auto Build of configuration Debug for project Cora_Z7_07S_XADC ****
make pre-build main-build 
a9-linaro-pre-build-step
' '
'Building file: ../src/debounce.c'
'Invoking: ARM v7 gcc compiler'
arm-none-eabi-gcc -Wall -O0 -g3 -c -fmessage-length=0 -MT"src/debounce.o" -mcpu=cortex-a9 -mfpu=vfpv3 -mfloat-abi=hard -I../../Cora_Z7_07S_XADC_bsp/ps7_cortexa9_0/include -MMD -MP -MF"src/debounce.d" -MT"src/debounce.o" -o "src/debounce.o" "../src/debounce.c"
'Finished building: ../src/debounce.c'
' '
'Building file: ../src/xgpio_intr_tapp_example.c'
'Invoking: ARM v7 gcc compiler'
arm-none-eabi-gcc -Wall -O0 -g3 -c -fmessage-length=0 -MT"src/xgpio_intr_tapp_example.o" -mcpu=cortex-a9 -mfpu=vfpv3 -mfloat-abi=hard -I../../Cora_Z7_07S_XADC_bsp/ps7_cortexa9_0/include -MMD -MP -MF"src/xgpio_intr_tapp_example.d" -MT"src/xgpio_intr_tapp_example.o" -o "src/xgpio_intr_tapp_example.o" "../src/xgpio_intr_tapp_example.c"
../src/xgpio_intr_tapp_example.c: In function 'GpioIntrExample':
../src/xgpio_intr_tapp_example.c:248:6: warning: variable 'delay' set but not used [-Wunused-but-set-variable]
  u32 delay;
      ^~~~~
../src/xgpio_intr_tapp_example.c: In function 'GpioHandler':
../src/xgpio_intr_tapp_example.c:415:6: warning: unused variable 'time_count' [-Wunused-variable]
  u32 time_count = 0;
      ^~~~~~~~~~
'Finished building: ../src/xgpio_intr_tapp_example.c'
' '
'Building target: Cora_Z7_07S_XADC.elf'
'Invoking: ARM v7 gcc linker'
arm-none-eabi-gcc -mcpu=cortex-a9 -mfpu=vfpv3 -mfloat-abi=hard -Wl,-build-id=none -specs=Xilinx.spec -Wl,-T -Wl,../src/lscript.ld -L../../Cora_Z7_07S_XADC_bsp/ps7_cortexa9_0/lib -o "Cora_Z7_07S_XADC.elf"  ./src/debounce.o ./src/main.o ./src/xgpio_intr_tapp_example.o   -Wl,--start-group,-lxil,-lgcc,-lc,--end-group
'Finished building target: Cora_Z7_07S_XADC.elf'
' '
'Invoking: ARM v7 Print Size'
arm-none-eabi-size Cora_Z7_07S_XADC.elf  |tee "Cora_Z7_07S_XADC.elf.size"
   text	   data	    bss	    dec	    hex	filename
  52276	   3392	  23384	  79052	  134cc	Cora_Z7_07S_XADC.elf
'Finished building: Cora_Z7_07S_XADC.elf.size'
' '
13:57:47 **** Auto Build of configuration Debug for project Cora_Z7_07S_XADC_bsp_xgpio_intr_tapp_example_2 ****
make pre-build main-build 
a9-linaro-pre-build-step
' '
'Building file: ../src/debounce.c'
'Invoking: ARM v7 gcc compiler'
arm-none-eabi-gcc -Wall -O0 -g3 -c -fmessage-length=0 -MT"src/debounce.o" -mcpu=cortex-a9 -mfpu=vfpv3 -mfloat-abi=hard -I../../Cora_Z7_07S_XADC_bsp/ps7_cortexa9_0/include -MMD -MP -MF"src/debounce.d" -MT"src/debounce.o" -o "src/debounce.o" "../src/debounce.c"
'Finished building: ../src/debounce.c'
' '
'Building file: ../src/xgpio_intr_tapp_example.c'
'Invoking: ARM v7 gcc compiler'
arm-none-eabi-gcc -Wall -O0 -g3 -c -fmessage-length=0 -MT"src/xgpio_intr_tapp_example.o" -mcpu=cortex-a9 -mfpu=vfpv3 -mfloat-abi=hard -I../../Cora_Z7_07S_XADC_bsp/ps7_cortexa9_0/include -MMD -MP -MF"src/xgpio_intr_tapp_example.d" -MT"src/xgpio_intr_tapp_example.o" -o "src/xgpio_intr_tapp_example.o" "../src/xgpio_intr_tapp_example.c"
../src/xgpio_intr_tapp_example.c: In function 'GpioIntrExample':
../src/xgpio_intr_tapp_example.c:295:6: warning: variable 'delay' set but not used [-Wunused-but-set-variable]
  u32 delay;
      ^~~~~
'Finished building: ../src/xgpio_intr_tapp_example.c'
' '
'Building target: Cora_Z7_07S_XADC_bsp_xgpio_intr_tapp_example_2.elf'
'Invoking: ARM v7 gcc linker'
arm-none-eabi-gcc -mcpu=cortex-a9 -mfpu=vfpv3 -mfloat-abi=hard -Wl,-build-id=none -specs=Xilinx.spec -Wl,-T -Wl,../src/lscript.ld -L../../Cora_Z7_07S_XADC_bsp/ps7_cortexa9_0/lib -o "Cora_Z7_07S_XADC_bsp_xgpio_intr_tapp_example_2.elf"  ./src/debounce.o ./src/xgpio_intr_tapp_example.o   -Wl,--start-group,-lxil,-lgcc,-lc,--end-group
'Finished building target: Cora_Z7_07S_XADC_bsp_xgpio_intr_tapp_example_2.elf'
' '
'Invoking: ARM v7 Print Size'
arm-none-eabi-size Cora_Z7_07S_XADC_bsp_xgpio_intr_tapp_example_2.elf  |tee "Cora_Z7_07S_XADC_bsp_xgpio_intr_tapp_example_2.elf.size"
   text	   data	    bss	    dec	    hex	filename
  43860	   2360	  23352	  69572	  10fc4	Cora_Z7_07S_XADC_bsp_xgpio_intr_tapp_example_2.elf
'Finished building: Cora_Z7_07S_XADC_bsp_xgpio_intr_tapp_example_2.elf.size'
' '
14:19:13 **** Incremental Build of configuration Debug for project Cora_Z7_07S_XADC_bsp_xgpio_intr_tapp_example_2 ****
make pre-build main-build 
a9-linaro-pre-build-step
' '
make: Nothing to be done for 'main-build'.
14:21:36 **** Incremental Build of configuration Debug for project Cora_Z7_07S_XADC_bsp_xgpio_intr_tapp_example_2 ****
make pre-build main-build 
a9-linaro-pre-build-step
' '
make: Nothing to be done for 'main-build'.
14:22:31 **** Incremental Build of configuration Debug for project Cora_Z7_07S_XADC_bsp_xgpio_intr_tapp_example_2 ****
make pre-build main-build 
a9-linaro-pre-build-step
' '
make: Nothing to be done for 'main-build'.
14:38:28 **** Auto Build of configuration Debug for project Cora_Z7_07S_XADC ****
make pre-build main-build 
a9-linaro-pre-build-step
' '
'Building file: ../src/main.c'
'Invoking: ARM v7 gcc compiler'
arm-none-eabi-gcc -Wall -O0 -g3 -c -fmessage-length=0 -MT"src/main.o" -mcpu=cortex-a9 -mfpu=vfpv3 -mfloat-abi=hard -I../../Cora_Z7_07S_XADC_bsp/ps7_cortexa9_0/include -MMD -MP -MF"src/main.d" -MT"src/main.o" -o "src/main.o" "../src/main.c"
../src/main.c:5: warning: "MY_PWM" redefined
 #define MY_PWM 0x43C00000
 
../src/main.c:4: note: this is the location of the previous definition
 #define MY_PWM XPAR_MY_PWM_CORE0_S00_AXI_BASEADOR
 
'Finished building: ../src/main.c'
' '
'Building target: Cora_Z7_07S_XADC.elf'
'Invoking: ARM v7 gcc linker'
arm-none-eabi-gcc -mcpu=cortex-a9 -mfpu=vfpv3 -mfloat-abi=hard -Wl,-build-id=none -specs=Xilinx.spec -Wl,-T -Wl,../src/lscript.ld -L../../Cora_Z7_07S_XADC_bsp/ps7_cortexa9_0/lib -o "Cora_Z7_07S_XADC.elf"  ./src/debounce.o ./src/main.o ./src/xgpio_intr_tapp_example.o   -Wl,--start-group,-lxil,-lgcc,-lc,--end-group
c:/xilinx/sdk/2019.1/gnu/aarch32/nt/gcc-arm-none-eabi/bin/../lib/gcc/arm-none-eabi/8.2.0/../../../../arm-none-eabi/bin/ld.exe: ./src/xgpio_intr_tapp_example.o: in function `main':
C:\Users\englena\Documents\Cora-Z7-07S-XADC-2018.2-1\vivado_proj\Cora-Z7-07S-XADC.sdk\Cora_Z7_07S_XADC\Debug/../src/xgpio_intr_tapp_example.c:198: multiple definition of `main'; ./src/main.o:C:\Users\englena\Documents\Cora-Z7-07S-XADC-2018.2-1\vivado_proj\Cora-Z7-07S-XADC.sdk\Cora_Z7_07S_XADC\Debug/../src/main.c:8: first defined here
collect2.exe: error: ld returned 1 exit status
make: *** [makefile:41: Cora_Z7_07S_XADC.elf] Error 1
14:55:08 **** Auto Build of configuration Debug for project Cora_Z7_07S_XADC ****
make pre-build main-build 
a9-linaro-pre-build-step
' '
'Building file: ../src/main.c'
'Invoking: ARM v7 gcc compiler'
arm-none-eabi-gcc -Wall -O0 -g3 -c -fmessage-length=0 -MT"src/main.o" -mcpu=cortex-a9 -mfpu=vfpv3 -mfloat-abi=hard -I../../Cora_Z7_07S_XADC_bsp/ps7_cortexa9_0/include -MMD -MP -MF"src/main.d" -MT"src/main.o" -o "src/main.o" "../src/main.c"
'Finished building: ../src/main.c'
' '
'Building target: Cora_Z7_07S_XADC.elf'
'Invoking: ARM v7 gcc linker'
arm-none-eabi-gcc -mcpu=cortex-a9 -mfpu=vfpv3 -mfloat-abi=hard -Wl,-build-id=none -specs=Xilinx.spec -Wl,-T -Wl,../src/lscript.ld -L../../Cora_Z7_07S_XADC_bsp/ps7_cortexa9_0/lib -o "Cora_Z7_07S_XADC.elf"  ./src/debounce.o ./src/main.o ./src/xgpio_intr_tapp_example.o   -Wl,--start-group,-lxil,-lgcc,-lc,--end-group
'Finished building target: Cora_Z7_07S_XADC.elf'
' '
'Invoking: ARM v7 Print Size'
arm-none-eabi-size Cora_Z7_07S_XADC.elf  |tee "Cora_Z7_07S_XADC.elf.size"
   text	   data	    bss	    dec	    hex	filename
  52276	   3392	  23384	  79052	  134cc	Cora_Z7_07S_XADC.elf
'Finished building: Cora_Z7_07S_XADC.elf.size'
' '
14:55:09 **** Auto Build of configuration Debug for project Cora_Z7_07S_XADC_bsp_xgpio_intr_tapp_example_2 ****
make pre-build main-build 
a9-linaro-pre-build-step
' '
'Building file: ../src/xgpio_intr_tapp_example.c'
'Invoking: ARM v7 gcc compiler'
arm-none-eabi-gcc -Wall -O0 -g3 -c -fmessage-length=0 -MT"src/xgpio_intr_tapp_example.o" -mcpu=cortex-a9 -mfpu=vfpv3 -mfloat-abi=hard -I../../Cora_Z7_07S_XADC_bsp/ps7_cortexa9_0/include -MMD -MP -MF"src/xgpio_intr_tapp_example.d" -MT"src/xgpio_intr_tapp_example.o" -o "src/xgpio_intr_tapp_example.o" "../src/xgpio_intr_tapp_example.c"
../src/xgpio_intr_tapp_example.c: In function 'GpioIntrExample':
../src/xgpio_intr_tapp_example.c:295:6: warning: variable 'delay' set but not used [-Wunused-but-set-variable]
  u32 delay;
      ^~~~~
'Finished building: ../src/xgpio_intr_tapp_example.c'
' '
'Building target: Cora_Z7_07S_XADC_bsp_xgpio_intr_tapp_example_2.elf'
'Invoking: ARM v7 gcc linker'
arm-none-eabi-gcc -mcpu=cortex-a9 -mfpu=vfpv3 -mfloat-abi=hard -Wl,-build-id=none -specs=Xilinx.spec -Wl,-T -Wl,../src/lscript.ld -L../../Cora_Z7_07S_XADC_bsp/ps7_cortexa9_0/lib -o "Cora_Z7_07S_XADC_bsp_xgpio_intr_tapp_example_2.elf"  ./src/debounce.o ./src/xgpio_intr_tapp_example.o   -Wl,--start-group,-lxil,-lgcc,-lc,--end-group
'Finished building target: Cora_Z7_07S_XADC_bsp_xgpio_intr_tapp_example_2.elf'
' '
'Invoking: ARM v7 Print Size'
arm-none-eabi-size Cora_Z7_07S_XADC_bsp_xgpio_intr_tapp_example_2.elf  |tee "Cora_Z7_07S_XADC_bsp_xgpio_intr_tapp_example_2.elf.size"
   text	   data	    bss	    dec	    hex	filename
  43860	   2360	  23352	  69572	  10fc4	Cora_Z7_07S_XADC_bsp_xgpio_intr_tapp_example_2.elf
'Finished building: Cora_Z7_07S_XADC_bsp_xgpio_intr_tapp_example_2.elf.size'
' '
