#-----------------------------------------------------------
# Vivado v2019.1 (64-bit)
# SW Build 2552052 on Fri May 24 14:49:42 MDT 2019
# IP Build 2548770 on Fri May 24 18:01:18 MDT 2019
# Start of session at: Thu Mar 28 12:28:12 2024
# Process ID: 19624
# Current directory: C:/Temp/EE316/p5/xadc_example/Cora-Z7-07S-XADC-2018.2-1/vivado_proj
# Command line: vivado.exe -gui_launcher_event rodinguilauncherevent22292 C:\Temp\EE316\p5\xadc_example\Cora-Z7-07S-XADC-2018.2-1\vivado_proj\Cora-Z7-07S-XADC.xpr
# Log file: C:/Temp/EE316/p5/xadc_example/Cora-Z7-07S-XADC-2018.2-1/vivado_proj/vivado.log
# Journal file: C:/Temp/EE316/p5/xadc_example/Cora-Z7-07S-XADC-2018.2-1/vivado_proj\vivado.jou
#-----------------------------------------------------------
start_gui
open_project C:/Temp/EE316/p5/xadc_example/Cora-Z7-07S-XADC-2018.2-1/vivado_proj/Cora-Z7-07S-XADC.xpr
report_ip_status -name ip_status 
update_compile_order -fileset sources_1
upgrade_ip [get_ips  {design_1_xadc_wiz_0_0 design_1_rst_ps7_0_50M_0 design_1_ps7_0_axi_periph_0 design_1_axi_gpio_0_0}] -log ip_upgrade.log
export_ip_user_files -of_objects [get_ips {design_1_xadc_wiz_0_0 design_1_rst_ps7_0_50M_0 design_1_ps7_0_axi_periph_0 design_1_axi_gpio_0_0}] -no_script -sync -force -quiet
set_property location {1 157 113} [get_bd_cells xadc_wiz_0]
undo
delete_bd_objs [get_bd_intf_nets ps7_0_axi_periph_M02_AXI]
delete_bd_objs [get_bd_nets processing_system7_0_FCLK_CLK0]
delete_bd_objs [get_bd_nets rst_ps7_0_50M_peripheral_aresetn]
delete_bd_objs [get_bd_intf_nets axi_gpio_0_GPIO]
delete_bd_objs [get_bd_intf_ports btns_2bits]
set_property -dict [list CONFIG.GPIO_BOARD_INTERFACE {Custom}] [get_bd_cells axi_gpio_0]
set_property -dict [list CONFIG.C_GPIO_WIDTH {4} CONFIG.C_GPIO2_WIDTH {4} CONFIG.C_IS_DUAL {1} CONFIG.C_INTERRUPT_PRESENT {1} CONFIG.C_ALL_OUTPUTS_2 {1}] [get_bd_cells axi_gpio_0]
set_property BOARD_PART_REPO_PATHS {C:/Users/olaol/AppData/Roaming/Xilinx/Vivado/2019.1/xhub/board_store} [current_project]
set_param board.repoPaths {C:/Users/olaol/AppData/Roaming/Xilinx/Vivado/2019.1/xhub/board_store}
set_property flow {Vivado Implementation 2019} [get_runs impl_1]
create_run impl_2 -parent_run synth_1 -flow {Vivado Implementation 2019} -strategy {Vivado Implementation Defaults} -report_strategy {Vivado Implementation Default Reports}
current_run [get_runs impl_2]
